Archive member included to satisfy reference by file (symbol)

c:/appz/st/stm32cubeide_1.2.0/stm32cubeide/plugins/com.st.stm32cube.ide.mcu.externaltools.gnu-tools-for-stm32.7-2018-q2-update.win32_1.0.0.201904181610/tools/bin/../lib/gcc/arm-none-eabi/7.3.1/../../../../arm-none-eabi/lib/thumb/v6-m\libc_nano.a(lib_a-atoi.o)
                              Core/Src/main.o (atoi)
c:/appz/st/stm32cubeide_1.2.0/stm32cubeide/plugins/com.st.stm32cube.ide.mcu.externaltools.gnu-tools-for-stm32.7-2018-q2-update.win32_1.0.0.201904181610/tools/bin/../lib/gcc/arm-none-eabi/7.3.1/../../../../arm-none-eabi/lib/thumb/v6-m\libc_nano.a(lib_a-errno.o)
                              Core/Src/syscalls.o (__errno)
c:/appz/st/stm32cubeide_1.2.0/stm32cubeide/plugins/com.st.stm32cube.ide.mcu.externaltools.gnu-tools-for-stm32.7-2018-q2-update.win32_1.0.0.201904181610/tools/bin/../lib/gcc/arm-none-eabi/7.3.1/../../../../arm-none-eabi/lib/thumb/v6-m\libc_nano.a(lib_a-exit.o)
                              c:/appz/st/stm32cubeide_1.2.0/stm32cubeide/plugins/com.st.stm32cube.ide.mcu.externaltools.gnu-tools-for-stm32.7-2018-q2-update.win32_1.0.0.201904181610/tools/bin/../lib/gcc/arm-none-eabi/7.3.1/../../../../arm-none-eabi/lib/thumb/v6-m/crt0.o (exit)
c:/appz/st/stm32cubeide_1.2.0/stm32cubeide/plugins/com.st.stm32cube.ide.mcu.externaltools.gnu-tools-for-stm32.7-2018-q2-update.win32_1.0.0.201904181610/tools/bin/../lib/gcc/arm-none-eabi/7.3.1/../../../../arm-none-eabi/lib/thumb/v6-m\libc_nano.a(lib_a-impure.o)
                              c:/appz/st/stm32cubeide_1.2.0/stm32cubeide/plugins/com.st.stm32cube.ide.mcu.externaltools.gnu-tools-for-stm32.7-2018-q2-update.win32_1.0.0.201904181610/tools/bin/../lib/gcc/arm-none-eabi/7.3.1/../../../../arm-none-eabi/lib/thumb/v6-m\libc_nano.a(lib_a-exit.o) (_global_impure_ptr)
c:/appz/st/stm32cubeide_1.2.0/stm32cubeide/plugins/com.st.stm32cube.ide.mcu.externaltools.gnu-tools-for-stm32.7-2018-q2-update.win32_1.0.0.201904181610/tools/bin/../lib/gcc/arm-none-eabi/7.3.1/../../../../arm-none-eabi/lib/thumb/v6-m\libc_nano.a(lib_a-init.o)
                              c:/appz/st/stm32cubeide_1.2.0/stm32cubeide/plugins/com.st.stm32cube.ide.mcu.externaltools.gnu-tools-for-stm32.7-2018-q2-update.win32_1.0.0.201904181610/tools/bin/../lib/gcc/arm-none-eabi/7.3.1/../../../../arm-none-eabi/lib/thumb/v6-m/crt0.o (__libc_init_array)
c:/appz/st/stm32cubeide_1.2.0/stm32cubeide/plugins/com.st.stm32cube.ide.mcu.externaltools.gnu-tools-for-stm32.7-2018-q2-update.win32_1.0.0.201904181610/tools/bin/../lib/gcc/arm-none-eabi/7.3.1/../../../../arm-none-eabi/lib/thumb/v6-m\libc_nano.a(lib_a-memset.o)
                              c:/appz/st/stm32cubeide_1.2.0/stm32cubeide/plugins/com.st.stm32cube.ide.mcu.externaltools.gnu-tools-for-stm32.7-2018-q2-update.win32_1.0.0.201904181610/tools/bin/../lib/gcc/arm-none-eabi/7.3.1/../../../../arm-none-eabi/lib/thumb/v6-m/crt0.o (memset)
c:/appz/st/stm32cubeide_1.2.0/stm32cubeide/plugins/com.st.stm32cube.ide.mcu.externaltools.gnu-tools-for-stm32.7-2018-q2-update.win32_1.0.0.201904181610/tools/bin/../lib/gcc/arm-none-eabi/7.3.1/../../../../arm-none-eabi/lib/thumb/v6-m\libc_nano.a(lib_a-printf.o)
                              Core/Src/main.o (printf)
c:/appz/st/stm32cubeide_1.2.0/stm32cubeide/plugins/com.st.stm32cube.ide.mcu.externaltools.gnu-tools-for-stm32.7-2018-q2-update.win32_1.0.0.201904181610/tools/bin/../lib/gcc/arm-none-eabi/7.3.1/../../../../arm-none-eabi/lib/thumb/v6-m\libc_nano.a(lib_a-puts.o)
                              Core/Src/main.o (puts)
c:/appz/st/stm32cubeide_1.2.0/stm32cubeide/plugins/com.st.stm32cube.ide.mcu.externaltools.gnu-tools-for-stm32.7-2018-q2-update.win32_1.0.0.201904181610/tools/bin/../lib/gcc/arm-none-eabi/7.3.1/../../../../arm-none-eabi/lib/thumb/v6-m\libc_nano.a(lib_a-strcasecmp.o)
                              Core/Src/main.o (strcasecmp)
c:/appz/st/stm32cubeide_1.2.0/stm32cubeide/plugins/com.st.stm32cube.ide.mcu.externaltools.gnu-tools-for-stm32.7-2018-q2-update.win32_1.0.0.201904181610/tools/bin/../lib/gcc/arm-none-eabi/7.3.1/../../../../arm-none-eabi/lib/thumb/v6-m\libc_nano.a(lib_a-strtok.o)
                              Core/Src/main.o (strtok)
c:/appz/st/stm32cubeide_1.2.0/stm32cubeide/plugins/com.st.stm32cube.ide.mcu.externaltools.gnu-tools-for-stm32.7-2018-q2-update.win32_1.0.0.201904181610/tools/bin/../lib/gcc/arm-none-eabi/7.3.1/../../../../arm-none-eabi/lib/thumb/v6-m\libc_nano.a(lib_a-strtok_r.o)
                              c:/appz/st/stm32cubeide_1.2.0/stm32cubeide/plugins/com.st.stm32cube.ide.mcu.externaltools.gnu-tools-for-stm32.7-2018-q2-update.win32_1.0.0.201904181610/tools/bin/../lib/gcc/arm-none-eabi/7.3.1/../../../../arm-none-eabi/lib/thumb/v6-m\libc_nano.a(lib_a-strtok.o) (__strtok_r)
[...]
Memory Configuration

Name             Origin             Length             Attributes
RAM              0x0000000020000000 0x0000000000002000 xrw
FLASH            0x0000000008000000 0x0000000000010000 xr
*default*        0x0000000000000000 0xffffffffffffffff

Linker script and memory map

LOAD c:/appz/st/stm32cubeide_1.2.0/stm32cubeide/plugins/com.st.stm32cube.ide.mcu.externaltools.gnu-tools-for-stm32.7-2018-q2-update.win32_1.0.0.201904181610/tools/bin/../lib/gcc/arm-none-eabi/7.3.1/thumb/v6-m/crti.o
LOAD c:/appz/st/stm32cubeide_1.2.0/stm32cubeide/plugins/com.st.stm32cube.ide.mcu.externaltools.gnu-tools-for-stm32.7-2018-q2-update.win32_1.0.0.201904181610/tools/bin/../lib/gcc/arm-none-eabi/7.3.1/thumb/v6-m/crtbegin.o
LOAD c:/appz/st/stm32cubeide_1.2.0/stm32cubeide/plugins/com.st.stm32cube.ide.mcu.externaltools.gnu-tools-for-stm32.7-2018-q2-update.win32_1.0.0.201904181610/tools/bin/../lib/gcc/arm-none-eabi/7.3.1/../../../../arm-none-eabi/lib/thumb/v6-m/crt0.o
LOAD Core/Src/main.o
LOAD Core/Src/stm32f0xx_hal_msp.o
LOAD Core/Src/stm32f0xx_it.o
LOAD Core/Src/syscalls.o
LOAD Core/Src/sysmem.o
LOAD Core/Src/system_stm32f0xx.o
LOAD Core/Startup/startup_stm32f030r8tx.o
LOAD Drivers/STM32F0xx_HAL_Driver/Src/stm32f0xx_hal.o
LOAD Drivers/STM32F0xx_HAL_Driver/Src/stm32f0xx_hal_cortex.o
LOAD Drivers/STM32F0xx_HAL_Driver/Src/stm32f0xx_hal_dma.o
LOAD Drivers/STM32F0xx_HAL_Driver/Src/stm32f0xx_hal_exti.o
LOAD Drivers/STM32F0xx_HAL_Driver/Src/stm32f0xx_hal_flash.o
LOAD Drivers/STM32F0xx_HAL_Driver/Src/stm32f0xx_hal_flash_ex.o
LOAD Drivers/STM32F0xx_HAL_Driver/Src/stm32f0xx_hal_gpio.o
LOAD Drivers/STM32F0xx_HAL_Driver/Src/stm32f0xx_hal_i2c.o
LOAD Drivers/STM32F0xx_HAL_Driver/Src/stm32f0xx_hal_i2c_ex.o
LOAD Drivers/STM32F0xx_HAL_Driver/Src/stm32f0xx_hal_pwr.o
LOAD Drivers/STM32F0xx_HAL_Driver/Src/stm32f0xx_hal_pwr_ex.o
LOAD Drivers/STM32F0xx_HAL_Driver/Src/stm32f0xx_hal_rcc.o
LOAD Drivers/STM32F0xx_HAL_Driver/Src/stm32f0xx_hal_rcc_ex.o
LOAD Drivers/STM32F0xx_HAL_Driver/Src/stm32f0xx_hal_tim.o
LOAD Drivers/STM32F0xx_HAL_Driver/Src/stm32f0xx_hal_tim_ex.o
LOAD Drivers/STM32F0xx_HAL_Driver/Src/stm32f0xx_hal_uart.o
LOAD Drivers/STM32F0xx_HAL_Driver/Src/stm32f0xx_hal_uart_ex.o
START GROUP
LOAD c:/appz/st/stm32cubeide_1.2.0/stm32cubeide/plugins/com.st.stm32cube.ide.mcu.externaltools.gnu-tools-for-stm32.7-2018-q2-update.win32_1.0.0.201904181610/tools/bin/../lib/gcc/arm-none-eabi/7.3.1/../../../../arm-none-eabi/lib/thumb/v6-m\libc_nano.a
LOAD c:/appz/st/stm32cubeide_1.2.0/stm32cubeide/plugins/com.st.stm32cube.ide.mcu.externaltools.gnu-tools-for-stm32.7-2018-q2-update.win32_1.0.0.201904181610/tools/bin/../lib/gcc/arm-none-eabi/7.3.1/../../../../arm-none-eabi/lib/thumb/v6-m\libm.a
END GROUP
START GROUP
LOAD c:/appz/st/stm32cubeide_1.2.0/stm32cubeide/plugins/com.st.stm32cube.ide.mcu.externaltools.gnu-tools-for-stm32.7-2018-q2-update.win32_1.0.0.201904181610/tools/bin/../lib/gcc/arm-none-eabi/7.3.1/thumb/v6-m\libgcc.a
LOAD c:/appz/st/stm32cubeide_1.2.0/stm32cubeide/plugins/com.st.stm32cube.ide.mcu.externaltools.gnu-tools-for-stm32.7-2018-q2-update.win32_1.0.0.201904181610/tools/bin/../lib/gcc/arm-none-eabi/7.3.1/../../../../arm-none-eabi/lib/thumb/v6-m\libc_nano.a
END GROUP
START GROUP
LOAD c:/appz/st/stm32cubeide_1.2.0/stm32cubeide/plugins/com.st.stm32cube.ide.mcu.externaltools.gnu-tools-for-stm32.7-2018-q2-update.win32_1.0.0.201904181610/tools/bin/../lib/gcc/arm-none-eabi/7.3.1/thumb/v6-m\libgcc.a
LOAD c:/appz/st/stm32cubeide_1.2.0/stm32cubeide/plugins/com.st.stm32cube.ide.mcu.externaltools.gnu-tools-for-stm32.7-2018-q2-update.win32_1.0.0.201904181610/tools/bin/../lib/gcc/arm-none-eabi/7.3.1/../../../../arm-none-eabi/lib/thumb/v6-m\libc_nano.a
LOAD c:/appz/st/stm32cubeide_1.2.0/stm32cubeide/plugins/com.st.stm32cube.ide.mcu.externaltools.gnu-tools-for-stm32.7-2018-q2-update.win32_1.0.0.201904181610/tools/bin/../lib/gcc/arm-none-eabi/7.3.1/../../../../arm-none-eabi/lib/thumb/v6-m\libnosys.a
END GROUP
START GROUP
LOAD c:/appz/st/stm32cubeide_1.2.0/stm32cubeide/plugins/com.st.stm32cube.ide.mcu.externaltools.gnu-tools-for-stm32.7-2018-q2-update.win32_1.0.0.201904181610/tools/bin/../lib/gcc/arm-none-eabi/7.3.1/thumb/v6-m\libgcc.a
LOAD c:/appz/st/stm32cubeide_1.2.0/stm32cubeide/plugins/com.st.stm32cube.ide.mcu.externaltools.gnu-tools-for-stm32.7-2018-q2-update.win32_1.0.0.201904181610/tools/bin/../lib/gcc/arm-none-eabi/7.3.1/../../../../arm-none-eabi/lib/thumb/v6-m\libc_nano.a
LOAD c:/appz/st/stm32cubeide_1.2.0/stm32cubeide/plugins/com.st.stm32cube.ide.mcu.externaltools.gnu-tools-for-stm32.7-2018-q2-update.win32_1.0.0.201904181610/tools/bin/../lib/gcc/arm-none-eabi/7.3.1/../../../../arm-none-eabi/lib/thumb/v6-m\libnosys.a
END GROUP
LOAD c:/appz/st/stm32cubeide_1.2.0/stm32cubeide/plugins/com.st.stm32cube.ide.mcu.externaltools.gnu-tools-for-stm32.7-2018-q2-update.win32_1.0.0.201904181610/tools/bin/../lib/gcc/arm-none-eabi/7.3.1/thumb/v6-m/crtend.o
LOAD c:/appz/st/stm32cubeide_1.2.0/stm32cubeide/plugins/com.st.stm32cube.ide.mcu.externaltools.gnu-tools-for-stm32.7-2018-q2-update.win32_1.0.0.201904181610/tools/bin/../lib/gcc/arm-none-eabi/7.3.1/thumb/v6-m/crtn.o
                0x0000000020002000                _estack = (ORIGIN (RAM) + LENGTH (RAM))
                0x0000000000000200                _Min_Heap_Size = 0x200
                0x0000000000000400                _Min_Stack_Size = 0x400

.isr_vector     0x0000000008000000       0xc0
                0x0000000008000000                . = ALIGN (0x4)
 *(.isr_vector)
 .isr_vector    0x0000000008000000       0xc0 Core/Startup/startup_stm32f030r8tx.o
                0x0000000008000000                g_pfnVectors
                0x00000000080000c0                . = ALIGN (0x4)

.text           0x00000000080000c0     0x4774
                0x00000000080000c0                . = ALIGN (0x4)
 *(.text)
 .text          0x00000000080000c0       0x48 c:/appz/st/stm32cubeide_1.2.0/stm32cubeide/plugins/com.st.stm32cube.ide.mcu.externaltools.gnu-tools-for-stm32.7-2018-q2-update.win32_1.0.0.201904181610/tools/bin/../lib/gcc/arm-none-eabi/7.3.1/thumb/v6-m/crtbegin.o
 .text          0x0000000008000108      0x114 c:/appz/st/stm32cubeide_1.2.0/stm32cubeide/plugins/com.st.stm32cube.ide.mcu.externaltools.gnu-tools-for-stm32.7-2018-q2-update.win32_1.0.0.201904181610/tools/bin/../lib/gcc/arm-none-eabi/7.3.1/thumb/v6-m\libgcc.a(_udivsi3.o)
                0x0000000008000108                __aeabi_uidiv
                0x0000000008000108                __udivsi3
                0x0000000008000214                __aeabi_uidivmod
 .text          0x000000000800021c        0x4 c:/appz/st/stm32cubeide_1.2.0/stm32cubeide/plugins/com.st.stm32cube.ide.mcu.externaltools.gnu-tools-for-stm32.7-2018-q2-update.win32_1.0.0.201904181610/tools/bin/../lib/gcc/arm-none-eabi/7.3.1/thumb/v6-m\libgcc.a(_dvmd_tls.o)
                0x000000000800021c                __aeabi_idiv0
                0x000000000800021c                __aeabi_ldiv0
 *(.text*)
 .text.main     0x0000000008000220       0x88 Core/Src/main.o
                0x0000000008000220                main
 .text.SystemClock_Config
                0x00000000080002a8       0xc2 Core/Src/main.o
                0x00000000080002a8                SystemClock_Config
 *fill*         0x000000000800036a        0x2 
 .text.MX_I2C1_Init
                0x000000000800036c       0x80 Core/Src/main.o
 .text.MX_USART2_UART_Init
                0x00000000080003ec       0x60 Core/Src/main.o
 .text.MX_DMA_Init
                0x000000000800044c       0x3c Core/Src/main.o
 .text.MX_GPIO_Init
                0x0000000008000488      0x124 Core/Src/main.o
 .text.uart_byte_available
                0x00000000080005ac       0x74 Core/Src/main.o
 .text.uart_process_command
                0x0000000008000620      0x288 Core/Src/main.o
 .text._write   0x00000000080008a8       0x2c Core/Src/main.o
                0x00000000080008a8                _write
 .text.Error_Handler
                0x00000000080008d4        0xa Core/Src/main.o
                0x00000000080008d4                Error_Handler
 *fill*         0x00000000080008de        0x2 
 .text.HAL_MspInit
                0x00000000080008e0       0x48 Core/Src/stm32f0xx_hal_msp.o
                0x00000000080008e0                HAL_MspInit
 .text.HAL_I2C_MspInit
                0x0000000008000928       0x9c Core/Src/stm32f0xx_hal_msp.o
                0x0000000008000928                HAL_I2C_MspInit
 .text.HAL_UART_MspInit
                0x00000000080009c4       0xec Core/Src/stm32f0xx_hal_msp.o
                0x00000000080009c4                HAL_UART_MspInit
 .text.NMI_Handler
                0x0000000008000ab0        0xa Core/Src/stm32f0xx_it.o
                0x0000000008000ab0                NMI_Handler
 .text.HardFault_Handler
                0x0000000008000aba        0x6 Core/Src/stm32f0xx_it.o
                0x0000000008000aba                HardFault_Handler
 .text.SVC_Handler
                0x0000000008000ac0        0xa Core/Src/stm32f0xx_it.o
                0x0000000008000ac0                SVC_Handler
 .text.PendSV_Handler
                0x0000000008000aca        0xa Core/Src/stm32f0xx_it.o
                0x0000000008000aca                PendSV_Handler
 .text.SysTick_Handler
                0x0000000008000ad4        0xe Core/Src/stm32f0xx_it.o
                0x0000000008000ad4                SysTick_Handler
 *fill*         0x0000000008000ae2        0x2 
 .text.DMA1_Channel4_5_IRQHandler
                0x0000000008000ae4       0x18 Core/Src/stm32f0xx_it.o
                0x0000000008000ae4                DMA1_Channel4_5_IRQHandler
 .text._read    0x0000000008000afc       0x3a Core/Src/syscalls.o
                0x0000000008000afc                _read
 .text._close   0x0000000008000b36       0x14 Core/Src/syscalls.o
                0x0000000008000b36                _close
 .text._fstat   0x0000000008000b4a       0x1c Core/Src/syscalls.o
                0x0000000008000b4a                _fstat
 .text._isatty  0x0000000008000b66       0x12 Core/Src/syscalls.o
                0x0000000008000b66                _isatty
 .text._lseek   0x0000000008000b78       0x16 Core/Src/syscalls.o
                0x0000000008000b78                _lseek
 *fill*         0x0000000008000b8e        0x2 
 .text._sbrk    0x0000000008000b90       0x58 Core/Src/sysmem.o
                0x0000000008000b90                _sbrk
 .text.SystemInit
                0x0000000008000be8        0xa Core/Src/system_stm32f0xx.o
                0x0000000008000be8                SystemInit
 *fill*         0x0000000008000bf2        0x2 
 .text.Reset_Handler
                0x0000000008000bf4       0x50 Core/Startup/startup_stm32f030r8tx.o
                0x0000000008000bf4                Reset_Handler
 .text.Default_Handler
                0x0000000008000c44        0x2 Core/Startup/startup_stm32f030r8tx.o
                0x0000000008000c44                TIM1_CC_IRQHandler
                0x0000000008000c44                TIM6_IRQHandler
                0x0000000008000c44                I2C1_IRQHandler
                0x0000000008000c44                SPI1_IRQHandler
                0x0000000008000c44                EXTI2_3_IRQHandler
                0x0000000008000c44                ADC1_IRQHandler
                0x0000000008000c44                I2C2_IRQHandler
                0x0000000008000c44                TIM17_IRQHandler
                0x0000000008000c44                RTC_IRQHandler
                0x0000000008000c44                TIM16_IRQHandler
                0x0000000008000c44                TIM3_IRQHandler
                0x0000000008000c44                EXTI4_15_IRQHandler
                0x0000000008000c44                RCC_IRQHandler
                0x0000000008000c44                DMA1_Channel1_IRQHandler
                0x0000000008000c44                Default_Handler
                0x0000000008000c44                TIM14_IRQHandler
                0x0000000008000c44                TIM15_IRQHandler
                0x0000000008000c44                EXTI0_1_IRQHandler
                0x0000000008000c44                SPI2_IRQHandler
                0x0000000008000c44                WWDG_IRQHandler
                0x0000000008000c44                DMA1_Channel2_3_IRQHandler
                0x0000000008000c44                USART2_IRQHandler
                0x0000000008000c44                FLASH_IRQHandler
                0x0000000008000c44                USART1_IRQHandler
                0x0000000008000c44                TIM1_BRK_UP_TRG_COM_IRQHandler
 *fill*         0x0000000008000c46        0x2 
 .text.HAL_Init
                0x0000000008000c48       0x28 Drivers/STM32F0xx_HAL_Driver/Src/stm32f0xx_hal.o
                0x0000000008000c48                HAL_Init
 .text.HAL_InitTick
                0x0000000008000c70       0x68 Drivers/STM32F0xx_HAL_Driver/Src/stm32f0xx_hal.o
                0x0000000008000c70                HAL_InitTick
 .text.HAL_IncTick
                0x0000000008000cd8       0x24 Drivers/STM32F0xx_HAL_Driver/Src/stm32f0xx_hal.o
                0x0000000008000cd8                HAL_IncTick
 .text.HAL_GetTick
                0x0000000008000cfc       0x14 Drivers/STM32F0xx_HAL_Driver/Src/stm32f0xx_hal.o
                0x0000000008000cfc                HAL_GetTick
 .text.__NVIC_EnableIRQ
                0x0000000008000d10       0x34 Drivers/STM32F0xx_HAL_Driver/Src/stm32f0xx_hal_cortex.o
 .text.__NVIC_SetPriority
                0x0000000008000d44       0xdc Drivers/STM32F0xx_HAL_Driver/Src/stm32f0xx_hal_cortex.o
 .text.SysTick_Config
                0x0000000008000e20       0x48 Drivers/STM32F0xx_HAL_Driver/Src/stm32f0xx_hal_cortex.o
 .text.HAL_NVIC_SetPriority
                0x0000000008000e68       0x2a Drivers/STM32F0xx_HAL_Driver/Src/stm32f0xx_hal_cortex.o
                0x0000000008000e68                HAL_NVIC_SetPriority
 .text.HAL_NVIC_EnableIRQ
                0x0000000008000e92       0x20 Drivers/STM32F0xx_HAL_Driver/Src/stm32f0xx_hal_cortex.o
                0x0000000008000e92                HAL_NVIC_EnableIRQ
 .text.HAL_SYSTICK_Config
                0x0000000008000eb2       0x1a Drivers/STM32F0xx_HAL_Driver/Src/stm32f0xx_hal_cortex.o
                0x0000000008000eb2                HAL_SYSTICK_Config
 .text.HAL_DMA_Init
                0x0000000008000ecc       0x90 Drivers/STM32F0xx_HAL_Driver/Src/stm32f0xx_hal_dma.o
                0x0000000008000ecc                HAL_DMA_Init
 .text.HAL_DMA_Start_IT
                0x0000000008000f5c       0xcc Drivers/STM32F0xx_HAL_Driver/Src/stm32f0xx_hal_dma.o
                0x0000000008000f5c                HAL_DMA_Start_IT
 .text.HAL_DMA_IRQHandler
                0x0000000008001028      0x144 Drivers/STM32F0xx_HAL_Driver/Src/stm32f0xx_hal_dma.o
                0x0000000008001028                HAL_DMA_IRQHandler
 .text.DMA_SetConfig
                0x000000000800116c       0x58 Drivers/STM32F0xx_HAL_Driver/Src/stm32f0xx_hal_dma.o
 .text.DMA_CalcBaseAndBitshift
                0x00000000080011c4       0x38 Drivers/STM32F0xx_HAL_Driver/Src/stm32f0xx_hal_dma.o
 .text.HAL_GPIO_Init
                0x00000000080011fc      0x2e0 Drivers/STM32F0xx_HAL_Driver/Src/stm32f0xx_hal_gpio.o
                0x00000000080011fc                HAL_GPIO_Init
 .text.HAL_GPIO_ReadPin
                0x00000000080014dc       0x3a Drivers/STM32F0xx_HAL_Driver/Src/stm32f0xx_hal_gpio.o
                0x00000000080014dc                HAL_GPIO_ReadPin
 .text.HAL_GPIO_WritePin
                0x0000000008001516       0x3a Drivers/STM32F0xx_HAL_Driver/Src/stm32f0xx_hal_gpio.o
                0x0000000008001516                HAL_GPIO_WritePin
 .text.HAL_I2C_Init
                0x0000000008001550      0x12c Drivers/STM32F0xx_HAL_Driver/Src/stm32f0xx_hal_i2c.o
                0x0000000008001550                HAL_I2C_Init
 .text.HAL_I2C_Mem_Write
                0x000000000800167c      0x25c Drivers/STM32F0xx_HAL_Driver/Src/stm32f0xx_hal_i2c.o
                0x000000000800167c                HAL_I2C_Mem_Write
 .text.HAL_I2C_Mem_Read
                0x00000000080018d8      0x268 Drivers/STM32F0xx_HAL_Driver/Src/stm32f0xx_hal_i2c.o
                0x00000000080018d8                HAL_I2C_Mem_Read
 .text.I2C_RequestMemoryWrite
                0x0000000008001b40       0xc8 Drivers/STM32F0xx_HAL_Driver/Src/stm32f0xx_hal_i2c.o
 .text.I2C_RequestMemoryRead
                0x0000000008001c08       0xc4 Drivers/STM32F0xx_HAL_Driver/Src/stm32f0xx_hal_i2c.o
 .text.I2C_Flush_TXDR
                0x0000000008001ccc       0x44 Drivers/STM32F0xx_HAL_Driver/Src/stm32f0xx_hal_i2c.o
 .text.I2C_WaitOnFlagUntilTimeout
                0x0000000008001d10       0x7e Drivers/STM32F0xx_HAL_Driver/Src/stm32f0xx_hal_i2c.o
 .text.I2C_WaitOnTXISFlagUntilTimeout
                0x0000000008001d8e       0x7e Drivers/STM32F0xx_HAL_Driver/Src/stm32f0xx_hal_i2c.o
 .text.I2C_WaitOnSTOPFlagUntilTimeout
                0x0000000008001e0c       0x78 Drivers/STM32F0xx_HAL_Driver/Src/stm32f0xx_hal_i2c.o
 .text.I2C_IsAcknowledgeFailed
                0x0000000008001e84       0xcc Drivers/STM32F0xx_HAL_Driver/Src/stm32f0xx_hal_i2c.o
 .text.I2C_TransferConfig
                0x0000000008001f50       0x6c Drivers/STM32F0xx_HAL_Driver/Src/stm32f0xx_hal_i2c.o
 .text.HAL_I2CEx_ConfigAnalogFilter
                0x0000000008001fbc       0x98 Drivers/STM32F0xx_HAL_Driver/Src/stm32f0xx_hal_i2c_ex.o
                0x0000000008001fbc                HAL_I2CEx_ConfigAnalogFilter
 .text.HAL_I2CEx_ConfigDigitalFilter
                0x0000000008002054       0x98 Drivers/STM32F0xx_HAL_Driver/Src/stm32f0xx_hal_i2c_ex.o
                0x0000000008002054                HAL_I2CEx_ConfigDigitalFilter
 .text.HAL_RCC_OscConfig
                0x00000000080020ec      0x638 Drivers/STM32F0xx_HAL_Driver/Src/stm32f0xx_hal_rcc.o
                0x00000000080020ec                HAL_RCC_OscConfig
 .text.HAL_RCC_ClockConfig
                0x0000000008002724      0x19c Drivers/STM32F0xx_HAL_Driver/Src/stm32f0xx_hal_rcc.o
                0x0000000008002724                HAL_RCC_ClockConfig
 .text.HAL_RCC_GetSysClockFreq
                0x00000000080028c0       0xc8 Drivers/STM32F0xx_HAL_Driver/Src/stm32f0xx_hal_rcc.o
                0x00000000080028c0                HAL_RCC_GetSysClockFreq
 .text.HAL_RCC_GetHCLKFreq
                0x0000000008002988       0x14 Drivers/STM32F0xx_HAL_Driver/Src/stm32f0xx_hal_rcc.o
                0x0000000008002988                HAL_RCC_GetHCLKFreq
 .text.HAL_RCC_GetPCLK1Freq
                0x000000000800299c       0x2c Drivers/STM32F0xx_HAL_Driver/Src/stm32f0xx_hal_rcc.o
                0x000000000800299c                HAL_RCC_GetPCLK1Freq
 .text.HAL_RCCEx_PeriphCLKConfig
                0x00000000080029c8      0x19c Drivers/STM32F0xx_HAL_Driver/Src/stm32f0xx_hal_rcc_ex.o
                0x00000000080029c8                HAL_RCCEx_PeriphCLKConfig
 .text.HAL_UART_Init
                0x0000000008002b64       0xa8 Drivers/STM32F0xx_HAL_Driver/Src/stm32f0xx_hal_uart.o
                0x0000000008002b64                HAL_UART_Init
 .text.HAL_UART_Transmit
                0x0000000008002c0c      0x150 Drivers/STM32F0xx_HAL_Driver/Src/stm32f0xx_hal_uart.o
                0x0000000008002c0c                HAL_UART_Transmit
 .text.HAL_UART_Receive_DMA
                0x0000000008002d5c      0x130 Drivers/STM32F0xx_HAL_Driver/Src/stm32f0xx_hal_uart.o
                0x0000000008002d5c                HAL_UART_Receive_DMA
 .text.HAL_UART_RxCpltCallback
                0x0000000008002e8c       0x10 Drivers/STM32F0xx_HAL_Driver/Src/stm32f0xx_hal_uart.o
                0x0000000008002e8c                HAL_UART_RxCpltCallback
 .text.HAL_UART_RxHalfCpltCallback
                0x0000000008002e9c       0x10 Drivers/STM32F0xx_HAL_Driver/Src/stm32f0xx_hal_uart.o
                0x0000000008002e9c                HAL_UART_RxHalfCpltCallback
 .text.HAL_UART_ErrorCallback
                0x0000000008002eac       0x10 Drivers/STM32F0xx_HAL_Driver/Src/stm32f0xx_hal_uart.o
                0x0000000008002eac                HAL_UART_ErrorCallback
 .text.UART_SetConfig
                0x0000000008002ebc      0x30c Drivers/STM32F0xx_HAL_Driver/Src/stm32f0xx_hal_uart.o
                0x0000000008002ebc                UART_SetConfig
 .text.UART_AdvFeatureConfig
                0x00000000080031c8      0x168 Drivers/STM32F0xx_HAL_Driver/Src/stm32f0xx_hal_uart.o
                0x00000000080031c8                UART_AdvFeatureConfig
 .text.UART_CheckIdleState
                0x0000000008003330       0x8c Drivers/STM32F0xx_HAL_Driver/Src/stm32f0xx_hal_uart.o
                0x0000000008003330                UART_CheckIdleState
 .text.UART_WaitOnFlagUntilTimeout
                0x00000000080033bc       0xfc Drivers/STM32F0xx_HAL_Driver/Src/stm32f0xx_hal_uart.o
                0x00000000080033bc                UART_WaitOnFlagUntilTimeout
 .text.UART_EndTxTransfer
                0x00000000080034b8       0x26 Drivers/STM32F0xx_HAL_Driver/Src/stm32f0xx_hal_uart.o
 *fill*         0x00000000080034de        0x2 
 .text.UART_EndRxTransfer
                0x00000000080034e0       0x40 Drivers/STM32F0xx_HAL_Driver/Src/stm32f0xx_hal_uart.o
 .text.UART_DMAReceiveCplt
                0x0000000008003520       0x68 Drivers/STM32F0xx_HAL_Driver/Src/stm32f0xx_hal_uart.o
 .text.UART_DMARxHalfCplt
                0x0000000008003588       0x1e Drivers/STM32F0xx_HAL_Driver/Src/stm32f0xx_hal_uart.o
 .text.UART_DMAError
                0x00000000080035a6       0x7e Drivers/STM32F0xx_HAL_Driver/Src/stm32f0xx_hal_uart.o
 .text.atoi     0x0000000008003624        0xc c:/appz/st/stm32cubeide_1.2.0/stm32cubeide/plugins/com.st.stm32cube.ide.mcu.externaltools.gnu-tools-for-stm32.7-2018-q2-update.win32_1.0.0.201904181610/tools/bin/../lib/gcc/arm-none-eabi/7.3.1/../../../../arm-none-eabi/lib/thumb/v6-m\libc_nano.a(lib_a-atoi.o)
                0x0000000008003624                atoi
 .text.__errno  0x0000000008003630        0xc c:/appz/st/stm32cubeide_1.2.0/stm32cubeide/plugins/com.st.stm32cube.ide.mcu.externaltools.gnu-tools-for-stm32.7-2018-q2-update.win32_1.0.0.201904181610/tools/bin/../lib/gcc/arm-none-eabi/7.3.1/../../../../arm-none-eabi/lib/thumb/v6-m\libc_nano.a(lib_a-errno.o)
                0x0000000008003630                __errno
 .text.__libc_init_array
                0x000000000800363c       0x48 c:/appz/st/stm32cubeide_1.2.0/stm32cubeide/plugins/com.st.stm32cube.ide.mcu.externaltools.gnu-tools-for-stm32.7-2018-q2-update.win32_1.0.0.201904181610/tools/bin/../lib/gcc/arm-none-eabi/7.3.1/../../../../arm-none-eabi/lib/thumb/v6-m\libc_nano.a(lib_a-init.o)
                0x000000000800363c                __libc_init_array
 .text.memset   0x0000000008003684       0x10 c:/appz/st/stm32cubeide_1.2.0/stm32cubeide/plugins/com.st.stm32cube.ide.mcu.externaltools.gnu-tools-for-stm32.7-2018-q2-update.win32_1.0.0.201904181610/tools/bin/../lib/gcc/arm-none-eabi/7.3.1/../../../../arm-none-eabi/lib/thumb/v6-m\libc_nano.a(lib_a-memset.o)
                0x0000000008003684                memset
 .text.printf   0x0000000008003694       0x34 c:/appz/st/stm32cubeide_1.2.0/stm32cubeide/plugins/com.st.stm32cube.ide.mcu.externaltools.gnu-tools-for-stm32.7-2018-q2-update.win32_1.0.0.201904181610/tools/bin/../lib/gcc/arm-none-eabi/7.3.1/../../../../arm-none-eabi/lib/thumb/v6-m\libc_nano.a(lib_a-printf.o)
                0x0000000008003694                iprintf
                0x0000000008003694                printf
 .text._puts_r  0x00000000080036c8       0xc0 c:/appz/st/stm32cubeide_1.2.0/stm32cubeide/plugins/com.st.stm32cube.ide.mcu.externaltools.gnu-tools-for-stm32.7-2018-q2-update.win32_1.0.0.201904181610/tools/bin/../lib/gcc/arm-none-eabi/7.3.1/../../../../arm-none-eabi/lib/thumb/v6-m\libc_nano.a(lib_a-puts.o)
                0x00000000080036c8                _puts_r
 .text.puts     0x0000000008003788       0x14 c:/appz/st/stm32cubeide_1.2.0/stm32cubeide/plugins/com.st.stm32cube.ide.mcu.externaltools.gnu-tools-for-stm32.7-2018-q2-update.win32_1.0.0.201904181610/tools/bin/../lib/gcc/arm-none-eabi/7.3.1/../../../../arm-none-eabi/lib/thumb/v6-m\libc_nano.a(lib_a-puts.o)
                0x0000000008003788                puts
 .text.strcasecmp
                0x000000000800379c       0x3c c:/appz/st/stm32cubeide_1.2.0/stm32cubeide/plugins/com.st.stm32cube.ide.mcu.externaltools.gnu-tools-for-stm32.7-2018-q2-update.win32_1.0.0.201904181610/tools/bin/../lib/gcc/arm-none-eabi/7.3.1/../../../../arm-none-eabi/lib/thumb/v6-m\libc_nano.a(lib_a-strcasecmp.o)
                0x000000000800379c                strcasecmp
 .text.strtok   0x00000000080037d8       0x50 c:/appz/st/stm32cubeide_1.2.0/stm32cubeide/plugins/com.st.stm32cube.ide.mcu.externaltools.gnu-tools-for-stm32.7-2018-q2-update.win32_1.0.0.201904181610/tools/bin/../lib/gcc/arm-none-eabi/7.3.1/../../../../arm-none-eabi/lib/thumb/v6-m\libc_nano.a(lib_a-strtok.o)
                0x00000000080037d8                strtok
 .text.__strtok_r
                0x0000000008003828       0x5a c:/appz/st/stm32cubeide_1.2.0/stm32cubeide/plugins/com.st.stm32cube.ide.mcu.externaltools.gnu-tools-for-stm32.7-2018-q2-update.win32_1.0.0.201904181610/tools/bin/../lib/gcc/arm-none-eabi/7.3.1/../../../../arm-none-eabi/lib/thumb/v6-m\libc_nano.a(lib_a-strtok_r.o)
                0x0000000008003828                __strtok_r
 *fill*         0x0000000008003882        0x2 
 .text._strtol_l.isra.0
                0x0000000008003884      0x104 c:/appz/st/stm32cubeide_1.2.0/stm32cubeide/plugins/com.st.stm32cube.ide.mcu.externaltools.gnu-tools-for-stm32.7-2018-q2-update.win32_1.0.0.201904181610/tools/bin/../lib/gcc/arm-none-eabi/7.3.1/../../../../arm-none-eabi/lib/thumb/v6-m\libc_nano.a(lib_a-strtol.o)
 .text.strtol   0x0000000008003988       0x28 c:/appz/st/stm32cubeide_1.2.0/stm32cubeide/plugins/com.st.stm32cube.ide.mcu.externaltools.gnu-tools-for-stm32.7-2018-q2-update.win32_1.0.0.201904181610/tools/bin/../lib/gcc/arm-none-eabi/7.3.1/../../../../arm-none-eabi/lib/thumb/v6-m\libc_nano.a(lib_a-strtol.o)
                0x0000000008003988                strtol
 .text.__swbuf_r
                0x00000000080039b0       0xac c:/appz/st/stm32cubeide_1.2.0/stm32cubeide/plugins/com.st.stm32cube.ide.mcu.externaltools.gnu-tools-for-stm32.7-2018-q2-update.win32_1.0.0.201904181610/tools/bin/../lib/gcc/arm-none-eabi/7.3.1/../../../../arm-none-eabi/lib/thumb/v6-m\libc_nano.a(lib_a-wbuf.o)
                0x00000000080039b0                __swbuf_r
 .text.__swsetup_r
                0x0000000008003a5c       0xec c:/appz/st/stm32cubeide_1.2.0/stm32cubeide/plugins/com.st.stm32cube.ide.mcu.externaltools.gnu-tools-for-stm32.7-2018-q2-update.win32_1.0.0.201904181610/tools/bin/../lib/gcc/arm-none-eabi/7.3.1/../../../../arm-none-eabi/lib/thumb/v6-m\libc_nano.a(lib_a-wsetup.o)
                0x0000000008003a5c                __swsetup_r
 .text.__sflush_r
                0x0000000008003b48      0x114 c:/appz/st/stm32cubeide_1.2.0/stm32cubeide/plugins/com.st.stm32cube.ide.mcu.externaltools.gnu-tools-for-stm32.7-2018-q2-update.win32_1.0.0.201904181610/tools/bin/../lib/gcc/arm-none-eabi/7.3.1/../../../../arm-none-eabi/lib/thumb/v6-m\libc_nano.a(lib_a-fflush.o)
                0x0000000008003b48                __sflush_r
 .text._fflush_r
                0x0000000008003c5c       0x58 c:/appz/st/stm32cubeide_1.2.0/stm32cubeide/plugins/com.st.stm32cube.ide.mcu.externaltools.gnu-tools-for-stm32.7-2018-q2-update.win32_1.0.0.201904181610/tools/bin/../lib/gcc/arm-none-eabi/7.3.1/../../../../arm-none-eabi/lib/thumb/v6-m\libc_nano.a(lib_a-fflush.o)
                0x0000000008003c5c                _fflush_r
 .text.std      0x0000000008003cb4       0x48 c:/appz/st/stm32cubeide_1.2.0/stm32cubeide/plugins/com.st.stm32cube.ide.mcu.externaltools.gnu-tools-for-stm32.7-2018-q2-update.win32_1.0.0.201904181610/tools/bin/../lib/gcc/arm-none-eabi/7.3.1/../../../../arm-none-eabi/lib/thumb/v6-m\libc_nano.a(lib_a-findfp.o)
 .text._cleanup_r
                0x0000000008003cfc       0x10 c:/appz/st/stm32cubeide_1.2.0/stm32cubeide/plugins/com.st.stm32cube.ide.mcu.externaltools.gnu-tools-for-stm32.7-2018-q2-update.win32_1.0.0.201904181610/tools/bin/../lib/gcc/arm-none-eabi/7.3.1/../../../../arm-none-eabi/lib/thumb/v6-m\libc_nano.a(lib_a-findfp.o)
                0x0000000008003cfc                _cleanup_r
 .text.__sfmoreglue
                0x0000000008003d0c       0x2c c:/appz/st/stm32cubeide_1.2.0/stm32cubeide/plugins/com.st.stm32cube.ide.mcu.externaltools.gnu-tools-for-stm32.7-2018-q2-update.win32_1.0.0.201904181610/tools/bin/../lib/gcc/arm-none-eabi/7.3.1/../../../../arm-none-eabi/lib/thumb/v6-m\libc_nano.a(lib_a-findfp.o)
                0x0000000008003d0c                __sfmoreglue
 .text.__sinit  0x0000000008003d38       0x68 c:/appz/st/stm32cubeide_1.2.0/stm32cubeide/plugins/com.st.stm32cube.ide.mcu.externaltools.gnu-tools-for-stm32.7-2018-q2-update.win32_1.0.0.201904181610/tools/bin/../lib/gcc/arm-none-eabi/7.3.1/../../../../arm-none-eabi/lib/thumb/v6-m\libc_nano.a(lib_a-findfp.o)
                0x0000000008003d38                __sinit
 .text.__sfp    0x0000000008003da0       0x7c c:/appz/st/stm32cubeide_1.2.0/stm32cubeide/plugins/com.st.stm32cube.ide.mcu.externaltools.gnu-tools-for-stm32.7-2018-q2-update.win32_1.0.0.201904181610/tools/bin/../lib/gcc/arm-none-eabi/7.3.1/../../../../arm-none-eabi/lib/thumb/v6-m\libc_nano.a(lib_a-findfp.o)
                0x0000000008003da0                __sfp
 .text._fwalk_reent
                0x0000000008003e1c       0x42 c:/appz/st/stm32cubeide_1.2.0/stm32cubeide/plugins/com.st.stm32cube.ide.mcu.externaltools.gnu-tools-for-stm32.7-2018-q2-update.win32_1.0.0.201904181610/tools/bin/../lib/gcc/arm-none-eabi/7.3.1/../../../../arm-none-eabi/lib/thumb/v6-m\libc_nano.a(lib_a-fwalk.o)
                0x0000000008003e1c                _fwalk_reent
 .text.__locale_ctype_ptr_l
                0x0000000008003e5e        0x6 c:/appz/st/stm32cubeide_1.2.0/stm32cubeide/plugins/com.st.stm32cube.ide.mcu.externaltools.gnu-tools-for-stm32.7-2018-q2-update.win32_1.0.0.201904181610/tools/bin/../lib/gcc/arm-none-eabi/7.3.1/../../../../arm-none-eabi/lib/thumb/v6-m\libc_nano.a(lib_a-locale.o)
                0x0000000008003e5e                __locale_ctype_ptr_l
 .text.__locale_ctype_ptr
                0x0000000008003e64       0x1c c:/appz/st/stm32cubeide_1.2.0/stm32cubeide/plugins/com.st.stm32cube.ide.mcu.externaltools.gnu-tools-for-stm32.7-2018-q2-update.win32_1.0.0.201904181610/tools/bin/../lib/gcc/arm-none-eabi/7.3.1/../../../../arm-none-eabi/lib/thumb/v6-m\libc_nano.a(lib_a-locale.o)
                0x0000000008003e64                __locale_ctype_ptr
 .text.__swhatbuf_r
                0x0000000008003e80       0x50 c:/appz/st/stm32cubeide_1.2.0/stm32cubeide/plugins/com.st.stm32cube.ide.mcu.externaltools.gnu-tools-for-stm32.7-2018-q2-update.win32_1.0.0.201904181610/tools/bin/../lib/gcc/arm-none-eabi/7.3.1/../../../../arm-none-eabi/lib/thumb/v6-m\libc_nano.a(lib_a-makebuf.o)
                0x0000000008003e80                __swhatbuf_r
 .text.__smakebuf_r
                0x0000000008003ed0       0x88 c:/appz/st/stm32cubeide_1.2.0/stm32cubeide/plugins/com.st.stm32cube.ide.mcu.externaltools.gnu-tools-for-stm32.7-2018-q2-update.win32_1.0.0.201904181610/tools/bin/../lib/gcc/arm-none-eabi/7.3.1/../../../../arm-none-eabi/lib/thumb/v6-m\libc_nano.a(lib_a-makebuf.o)
                0x0000000008003ed0                __smakebuf_r
 .text.malloc   0x0000000008003f58       0x14 c:/appz/st/stm32cubeide_1.2.0/stm32cubeide/plugins/com.st.stm32cube.ide.mcu.externaltools.gnu-tools-for-stm32.7-2018-q2-update.win32_1.0.0.201904181610/tools/bin/../lib/gcc/arm-none-eabi/7.3.1/../../../../arm-none-eabi/lib/thumb/v6-m\libc_nano.a(lib_a-malloc.o)
                0x0000000008003f58                malloc
 .text.__ascii_mbtowc
                0x0000000008003f6c       0x24 c:/appz/st/stm32cubeide_1.2.0/stm32cubeide/plugins/com.st.stm32cube.ide.mcu.externaltools.gnu-tools-for-stm32.7-2018-q2-update.win32_1.0.0.201904181610/tools/bin/../lib/gcc/arm-none-eabi/7.3.1/../../../../arm-none-eabi/lib/thumb/v6-m\libc_nano.a(lib_a-mbtowc_r.o)
                0x0000000008003f6c                __ascii_mbtowc
 .text._free_r  0x0000000008003f90       0x94 c:/appz/st/stm32cubeide_1.2.0/stm32cubeide/plugins/com.st.stm32cube.ide.mcu.externaltools.gnu-tools-for-stm32.7-2018-q2-update.win32_1.0.0.201904181610/tools/bin/../lib/gcc/arm-none-eabi/7.3.1/../../../../arm-none-eabi/lib/thumb/v6-m\libc_nano.a(lib_a-nano-freer.o)
                0x0000000008003f90                _free_r
 .text._malloc_r
                0x0000000008004024       0xbc c:/appz/st/stm32cubeide_1.2.0/stm32cubeide/plugins/com.st.stm32cube.ide.mcu.externaltools.gnu-tools-for-stm32.7-2018-q2-update.win32_1.0.0.201904181610/tools/bin/../lib/gcc/arm-none-eabi/7.3.1/../../../../arm-none-eabi/lib/thumb/v6-m\libc_nano.a(lib_a-nano-mallocr.o)
                0x0000000008004024                _malloc_r
 .text.__sfputc_r
                0x00000000080040e0       0x2a c:/appz/st/stm32cubeide_1.2.0/stm32cubeide/plugins/com.st.stm32cube.ide.mcu.externaltools.gnu-tools-for-stm32.7-2018-q2-update.win32_1.0.0.201904181610/tools/bin/../lib/gcc/arm-none-eabi/7.3.1/../../../../arm-none-eabi/lib/thumb/v6-m\libc_nano.a(lib_a-nano-vfprintf.o)
 .text.__sfputs_r
                0x000000000800410a       0x24 c:/appz/st/stm32cubeide_1.2.0/stm32cubeide/plugins/com.st.stm32cube.ide.mcu.externaltools.gnu-tools-for-stm32.7-2018-q2-update.win32_1.0.0.201904181610/tools/bin/../lib/gcc/arm-none-eabi/7.3.1/../../../../arm-none-eabi/lib/thumb/v6-m\libc_nano.a(lib_a-nano-vfprintf.o)
                0x000000000800410a                __sfputs_r
 *fill*         0x000000000800412e        0x2 
 .text._vfprintf_r
                0x0000000008004130      0x22c c:/appz/st/stm32cubeide_1.2.0/stm32cubeide/plugins/com.st.stm32cube.ide.mcu.externaltools.gnu-tools-for-stm32.7-2018-q2-update.win32_1.0.0.201904181610/tools/bin/../lib/gcc/arm-none-eabi/7.3.1/../../../../arm-none-eabi/lib/thumb/v6-m\libc_nano.a(lib_a-nano-vfprintf.o)
                0x0000000008004130                _vfprintf_r
                0x0000000008004130                _vfiprintf_r
 .text._printf_common
                0x000000000800435c       0xda c:/appz/st/stm32cubeide_1.2.0/stm32cubeide/plugins/com.st.stm32cube.ide.mcu.externaltools.gnu-tools-for-stm32.7-2018-q2-update.win32_1.0.0.201904181610/tools/bin/../lib/gcc/arm-none-eabi/7.3.1/../../../../arm-none-eabi/lib/thumb/v6-m\libc_nano.a(lib_a-nano-vfprintf_i.o)
                0x000000000800435c                _printf_common
 *fill*         0x0000000008004436        0x2 
 .text._printf_i
                0x0000000008004438      0x210 c:/appz/st/stm32cubeide_1.2.0/stm32cubeide/plugins/com.st.stm32cube.ide.mcu.externaltools.gnu-tools-for-stm32.7-2018-q2-update.win32_1.0.0.201904181610/tools/bin/../lib/gcc/arm-none-eabi/7.3.1/../../../../arm-none-eabi/lib/thumb/v6-m\libc_nano.a(lib_a-nano-vfprintf_i.o)
                0x0000000008004438                _printf_i
 .text._sbrk_r  0x0000000008004648       0x24 c:/appz/st/stm32cubeide_1.2.0/stm32cubeide/plugins/com.st.stm32cube.ide.mcu.externaltools.gnu-tools-for-stm32.7-2018-q2-update.win32_1.0.0.201904181610/tools/bin/../lib/gcc/arm-none-eabi/7.3.1/../../../../arm-none-eabi/lib/thumb/v6-m\libc_nano.a(lib_a-sbrkr.o)
                0x0000000008004648                _sbrk_r
 .text.__sread  0x000000000800466c       0x28 c:/appz/st/stm32cubeide_1.2.0/stm32cubeide/plugins/com.st.stm32cube.ide.mcu.externaltools.gnu-tools-for-stm32.7-2018-q2-update.win32_1.0.0.201904181610/tools/bin/../lib/gcc/arm-none-eabi/7.3.1/../../../../arm-none-eabi/lib/thumb/v6-m\libc_nano.a(lib_a-stdio.o)
                0x000000000800466c                __sread
 .text.__swrite
                0x0000000008004694       0x38 c:/appz/st/stm32cubeide_1.2.0/stm32cubeide/plugins/com.st.stm32cube.ide.mcu.externaltools.gnu-tools-for-stm32.7-2018-q2-update.win32_1.0.0.201904181610/tools/bin/../lib/gcc/arm-none-eabi/7.3.1/../../../../arm-none-eabi/lib/thumb/v6-m\libc_nano.a(lib_a-stdio.o)
                0x0000000008004694                __swrite
 .text.__sseek  0x00000000080046cc       0x2c c:/appz/st/stm32cubeide_1.2.0/stm32cubeide/plugins/com.st.stm32cube.ide.mcu.externaltools.gnu-tools-for-stm32.7-2018-q2-update.win32_1.0.0.201904181610/tools/bin/../lib/gcc/arm-none-eabi/7.3.1/../../../../arm-none-eabi/lib/thumb/v6-m\libc_nano.a(lib_a-stdio.o)
                0x00000000080046cc                __sseek
 .text.__sclose
                0x00000000080046f8        0xc c:/appz/st/stm32cubeide_1.2.0/stm32cubeide/plugins/com.st.stm32cube.ide.mcu.externaltools.gnu-tools-for-stm32.7-2018-q2-update.win32_1.0.0.201904181610/tools/bin/../lib/gcc/arm-none-eabi/7.3.1/../../../../arm-none-eabi/lib/thumb/v6-m\libc_nano.a(lib_a-stdio.o)
                0x00000000080046f8                __sclose
 .text.__ascii_wctomb
                0x0000000008004704       0x18 c:/appz/st/stm32cubeide_1.2.0/stm32cubeide/plugins/com.st.stm32cube.ide.mcu.externaltools.gnu-tools-for-stm32.7-2018-q2-update.win32_1.0.0.201904181610/tools/bin/../lib/gcc/arm-none-eabi/7.3.1/../../../../arm-none-eabi/lib/thumb/v6-m\libc_nano.a(lib_a-wctomb_r.o)
                0x0000000008004704                __ascii_wctomb
 .text._write_r
                0x000000000800471c       0x28 c:/appz/st/stm32cubeide_1.2.0/stm32cubeide/plugins/com.st.stm32cube.ide.mcu.externaltools.gnu-tools-for-stm32.7-2018-q2-update.win32_1.0.0.201904181610/tools/bin/../lib/gcc/arm-none-eabi/7.3.1/../../../../arm-none-eabi/lib/thumb/v6-m\libc_nano.a(lib_a-writer.o)
                0x000000000800471c                _write_r
 .text._close_r
                0x0000000008004744       0x24 c:/appz/st/stm32cubeide_1.2.0/stm32cubeide/plugins/com.st.stm32cube.ide.mcu.externaltools.gnu-tools-for-stm32.7-2018-q2-update.win32_1.0.0.201904181610/tools/bin/../lib/gcc/arm-none-eabi/7.3.1/../../../../arm-none-eabi/lib/thumb/v6-m\libc_nano.a(lib_a-closer.o)
                0x0000000008004744                _close_r
 .text._fstat_r
                0x0000000008004768       0x24 c:/appz/st/stm32cubeide_1.2.0/stm32cubeide/plugins/com.st.stm32cube.ide.mcu.externaltools.gnu-tools-for-stm32.7-2018-q2-update.win32_1.0.0.201904181610/tools/bin/../lib/gcc/arm-none-eabi/7.3.1/../../../../arm-none-eabi/lib/thumb/v6-m\libc_nano.a(lib_a-fstatr.o)
                0x0000000008004768                _fstat_r
 .text._isatty_r
                0x000000000800478c       0x24 c:/appz/st/stm32cubeide_1.2.0/stm32cubeide/plugins/com.st.stm32cube.ide.mcu.externaltools.gnu-tools-for-stm32.7-2018-q2-update.win32_1.0.0.201904181610/tools/bin/../lib/gcc/arm-none-eabi/7.3.1/../../../../arm-none-eabi/lib/thumb/v6-m\libc_nano.a(lib_a-isattyr.o)
                0x000000000800478c                _isatty_r
 .text._lseek_r
                0x00000000080047b0       0x28 c:/appz/st/stm32cubeide_1.2.0/stm32cubeide/plugins/com.st.stm32cube.ide.mcu.externaltools.gnu-tools-for-stm32.7-2018-q2-update.win32_1.0.0.201904181610/tools/bin/../lib/gcc/arm-none-eabi/7.3.1/../../../../arm-none-eabi/lib/thumb/v6-m\libc_nano.a(lib_a-lseekr.o)
                0x00000000080047b0                _lseek_r
 .text.memchr   0x00000000080047d8       0x16 c:/appz/st/stm32cubeide_1.2.0/stm32cubeide/plugins/com.st.stm32cube.ide.mcu.externaltools.gnu-tools-for-stm32.7-2018-q2-update.win32_1.0.0.201904181610/tools/bin/../lib/gcc/arm-none-eabi/7.3.1/../../../../arm-none-eabi/lib/thumb/v6-m\libc_nano.a(lib_a-memchr-stub.o)
                0x00000000080047d8                memchr
 .text.__malloc_lock
                0x00000000080047ee        0x2 c:/appz/st/stm32cubeide_1.2.0/stm32cubeide/plugins/com.st.stm32cube.ide.mcu.externaltools.gnu-tools-for-stm32.7-2018-q2-update.win32_1.0.0.201904181610/tools/bin/../lib/gcc/arm-none-eabi/7.3.1/../../../../arm-none-eabi/lib/thumb/v6-m\libc_nano.a(lib_a-mlock.o)
                0x00000000080047ee                __malloc_lock
 .text.__malloc_unlock
                0x00000000080047f0        0x2 c:/appz/st/stm32cubeide_1.2.0/stm32cubeide/plugins/com.st.stm32cube.ide.mcu.externaltools.gnu-tools-for-stm32.7-2018-q2-update.win32_1.0.0.201904181610/tools/bin/../lib/gcc/arm-none-eabi/7.3.1/../../../../arm-none-eabi/lib/thumb/v6-m\libc_nano.a(lib_a-mlock.o)
                0x00000000080047f0                __malloc_unlock
 *fill*         0x00000000080047f2        0x2 
 .text._read_r  0x00000000080047f4       0x28 c:/appz/st/stm32cubeide_1.2.0/stm32cubeide/plugins/com.st.stm32cube.ide.mcu.externaltools.gnu-tools-for-stm32.7-2018-q2-update.win32_1.0.0.201904181610/tools/bin/../lib/gcc/arm-none-eabi/7.3.1/../../../../arm-none-eabi/lib/thumb/v6-m\libc_nano.a(lib_a-readr.o)
                0x00000000080047f4                _read_r
 *(.glue_7)
 .glue_7        0x000000000800481c        0x0 linker stubs
 *(.glue_7t)
 .glue_7t       0x000000000800481c        0x0 linker stubs
 *(.eh_frame)
 .eh_frame      0x000000000800481c        0x0 c:/appz/st/stm32cubeide_1.2.0/stm32cubeide/plugins/com.st.stm32cube.ide.mcu.externaltools.gnu-tools-for-stm32.7-2018-q2-update.win32_1.0.0.201904181610/tools/bin/../lib/gcc/arm-none-eabi/7.3.1/thumb/v6-m/crtbegin.o
 *(.init)
 .init          0x000000000800481c        0x4 c:/appz/st/stm32cubeide_1.2.0/stm32cubeide/plugins/com.st.stm32cube.ide.mcu.externaltools.gnu-tools-for-stm32.7-2018-q2-update.win32_1.0.0.201904181610/tools/bin/../lib/gcc/arm-none-eabi/7.3.1/thumb/v6-m/crti.o
                0x000000000800481c                _init
 .init          0x0000000008004820        0x8 c:/appz/st/stm32cubeide_1.2.0/stm32cubeide/plugins/com.st.stm32cube.ide.mcu.externaltools.gnu-tools-for-stm32.7-2018-q2-update.win32_1.0.0.201904181610/tools/bin/../lib/gcc/arm-none-eabi/7.3.1/thumb/v6-m/crtn.o
 *(.fini)
 .fini          0x0000000008004828        0x4 c:/appz/st/stm32cubeide_1.2.0/stm32cubeide/plugins/com.st.stm32cube.ide.mcu.externaltools.gnu-tools-for-stm32.7-2018-q2-update.win32_1.0.0.201904181610/tools/bin/../lib/gcc/arm-none-eabi/7.3.1/thumb/v6-m/crti.o
                0x0000000008004828                _fini
 .fini          0x000000000800482c        0x8 c:/appz/st/stm32cubeide_1.2.0/stm32cubeide/plugins/com.st.stm32cube.ide.mcu.externaltools.gnu-tools-for-stm32.7-2018-q2-update.win32_1.0.0.201904181610/tools/bin/../lib/gcc/arm-none-eabi/7.3.1/thumb/v6-m/crtn.o
                0x0000000008004834                . = ALIGN (0x4)
                0x0000000008004834                _etext = .

.vfp11_veneer   0x0000000008004834        0x0
 .vfp11_veneer  0x0000000008004834        0x0 linker stubs

.v4_bx          0x0000000008004834        0x0
 .v4_bx         0x0000000008004834        0x0 linker stubs

.iplt           0x0000000008004834        0x0
 .iplt          0x0000000008004834        0x0 c:/appz/st/stm32cubeide_1.2.0/stm32cubeide/plugins/com.st.stm32cube.ide.mcu.externaltools.gnu-tools-for-stm32.7-2018-q2-update.win32_1.0.0.201904181610/tools/bin/../lib/gcc/arm-none-eabi/7.3.1/thumb/v6-m/crtbegin.o

.rodata         0x0000000008004834      0x264
                0x0000000008004834                . = ALIGN (0x4)
 *(.rodata)
 .rodata        0x0000000008004834       0x85 Core/Src/main.o
 *fill*         0x00000000080048b9        0x3 
 .rodata        0x00000000080048bc       0x20 Drivers/STM32F0xx_HAL_Driver/Src/stm32f0xx_hal_rcc.o
 *(.rodata*)
 .rodata.AHBPrescTable
                0x00000000080048dc       0x10 Core/Src/system_stm32f0xx.o
                0x00000000080048dc                AHBPrescTable
 .rodata.APBPrescTable
                0x00000000080048ec        0x8 Core/Src/system_stm32f0xx.o
                0x00000000080048ec                APBPrescTable
 .rodata._global_impure_ptr
                0x00000000080048f4        0x4 c:/appz/st/stm32cubeide_1.2.0/stm32cubeide/plugins/com.st.stm32cube.ide.mcu.externaltools.gnu-tools-for-stm32.7-2018-q2-update.win32_1.0.0.201904181610/tools/bin/../lib/gcc/arm-none-eabi/7.3.1/../../../../arm-none-eabi/lib/thumb/v6-m\libc_nano.a(lib_a-impure.o)
                0x00000000080048f4                _global_impure_ptr
 .rodata.__sf_fake_stderr
                0x00000000080048f8       0x20 c:/appz/st/stm32cubeide_1.2.0/stm32cubeide/plugins/com.st.stm32cube.ide.mcu.externaltools.gnu-tools-for-stm32.7-2018-q2-update.win32_1.0.0.201904181610/tools/bin/../lib/gcc/arm-none-eabi/7.3.1/../../../../arm-none-eabi/lib/thumb/v6-m\libc_nano.a(lib_a-findfp.o)
                0x00000000080048f8                __sf_fake_stderr
 .rodata.__sf_fake_stdin
                0x0000000008004918       0x20 c:/appz/st/stm32cubeide_1.2.0/stm32cubeide/plugins/com.st.stm32cube.ide.mcu.externaltools.gnu-tools-for-stm32.7-2018-q2-update.win32_1.0.0.201904181610/tools/bin/../lib/gcc/arm-none-eabi/7.3.1/../../../../arm-none-eabi/lib/thumb/v6-m\libc_nano.a(lib_a-findfp.o)
                0x0000000008004918                __sf_fake_stdin
 .rodata.__sf_fake_stdout
                0x0000000008004938       0x20 c:/appz/st/stm32cubeide_1.2.0/stm32cubeide/plugins/com.st.stm32cube.ide.mcu.externaltools.gnu-tools-for-stm32.7-2018-q2-update.win32_1.0.0.201904181610/tools/bin/../lib/gcc/arm-none-eabi/7.3.1/../../../../arm-none-eabi/lib/thumb/v6-m\libc_nano.a(lib_a-findfp.o)
                0x0000000008004938                __sf_fake_stdout
 .rodata._setlocale_r.str1.1
                0x0000000008004958        0x8 c:/appz/st/stm32cubeide_1.2.0/stm32cubeide/plugins/com.st.stm32cube.ide.mcu.externaltools.gnu-tools-for-stm32.7-2018-q2-update.win32_1.0.0.201904181610/tools/bin/../lib/gcc/arm-none-eabi/7.3.1/../../../../arm-none-eabi/lib/thumb/v6-m\libc_nano.a(lib_a-locale.o)
                                          0x9 (size before relaxing)
 .rodata.str1.1
                0x0000000008004960        0x2 c:/appz/st/stm32cubeide_1.2.0/stm32cubeide/plugins/com.st.stm32cube.ide.mcu.externaltools.gnu-tools-for-stm32.7-2018-q2-update.win32_1.0.0.201904181610/tools/bin/../lib/gcc/arm-none-eabi/7.3.1/../../../../arm-none-eabi/lib/thumb/v6-m\libc_nano.a(lib_a-locale.o)
 .rodata._vfprintf_r.str1.1
                0x0000000008004962       0x11 c:/appz/st/stm32cubeide_1.2.0/stm32cubeide/plugins/com.st.stm32cube.ide.mcu.externaltools.gnu-tools-for-stm32.7-2018-q2-update.win32_1.0.0.201904181610/tools/bin/../lib/gcc/arm-none-eabi/7.3.1/../../../../arm-none-eabi/lib/thumb/v6-m\libc_nano.a(lib_a-nano-vfprintf.o)
 .rodata._printf_i.str1.1
                0x0000000008004973       0x22 c:/appz/st/stm32cubeide_1.2.0/stm32cubeide/plugins/com.st.stm32cube.ide.mcu.externaltools.gnu-tools-for-stm32.7-2018-q2-update.win32_1.0.0.201904181610/tools/bin/../lib/gcc/arm-none-eabi/7.3.1/../../../../arm-none-eabi/lib/thumb/v6-m\libc_nano.a(lib_a-nano-vfprintf_i.o)
 .rodata._ctype_
                0x0000000008004995      0x101 c:/appz/st/stm32cubeide_1.2.0/stm32cubeide/plugins/com.st.stm32cube.ide.mcu.externaltools.gnu-tools-for-stm32.7-2018-q2-update.win32_1.0.0.201904181610/tools/bin/../lib/gcc/arm-none-eabi/7.3.1/../../../../arm-none-eabi/lib/thumb/v6-m\libc_nano.a(lib_a-ctype_.o)
                0x0000000008004995                _ctype_
                0x0000000008004a98                . = ALIGN (0x4)
 *fill*         0x0000000008004a96        0x2 

.rel.dyn        0x0000000008004a98        0x0
 .rel.iplt      0x0000000008004a98        0x0 c:/appz/st/stm32cubeide_1.2.0/stm32cubeide/plugins/com.st.stm32cube.ide.mcu.externaltools.gnu-tools-for-stm32.7-2018-q2-update.win32_1.0.0.201904181610/tools/bin/../lib/gcc/arm-none-eabi/7.3.1/thumb/v6-m/crtbegin.o

.ARM.extab      0x0000000008004a98        0x0
                0x0000000008004a98                . = ALIGN (0x4)
 *(.ARM.extab* .gnu.linkonce.armextab.*)
                0x0000000008004a98                . = ALIGN (0x4)

.ARM            0x0000000008004a98        0x0
                0x0000000008004a98                . = ALIGN (0x4)
                0x0000000008004a98                __exidx_start = .
 *(.ARM.exidx*)
                0x0000000008004a98                __exidx_end = .
                0x0000000008004a98                . = ALIGN (0x4)

.preinit_array  0x0000000008004a98        0x0
                0x0000000008004a98                . = ALIGN (0x4)
                0x0000000008004a98                PROVIDE (__preinit_array_start = .)
 *(.preinit_array*)
                0x0000000008004a98                PROVIDE (__preinit_array_end = .)
                0x0000000008004a98                . = ALIGN (0x4)

.init_array     0x0000000008004a98        0x4
                0x0000000008004a98                . = ALIGN (0x4)
                0x0000000008004a98                PROVIDE (__init_array_start = .)
 *(SORT_BY_NAME(.init_array.*))
 *(.init_array*)
 .init_array    0x0000000008004a98        0x4 c:/appz/st/stm32cubeide_1.2.0/stm32cubeide/plugins/com.st.stm32cube.ide.mcu.externaltools.gnu-tools-for-stm32.7-2018-q2-update.win32_1.0.0.201904181610/tools/bin/../lib/gcc/arm-none-eabi/7.3.1/thumb/v6-m/crtbegin.o
                0x0000000008004a9c                PROVIDE (__init_array_end = .)
                0x0000000008004a9c                . = ALIGN (0x4)

.fini_array     0x0000000008004a9c        0x4
                0x0000000008004a9c                . = ALIGN (0x4)
                [!provide]                        PROVIDE (__fini_array_start = .)
 *(SORT_BY_NAME(.fini_array.*))
 *(.fini_array*)
 .fini_array    0x0000000008004a9c        0x4 c:/appz/st/stm32cubeide_1.2.0/stm32cubeide/plugins/com.st.stm32cube.ide.mcu.externaltools.gnu-tools-for-stm32.7-2018-q2-update.win32_1.0.0.201904181610/tools/bin/../lib/gcc/arm-none-eabi/7.3.1/thumb/v6-m/crtbegin.o
                [!provide]                        PROVIDE (__fini_array_end = .)
                0x0000000008004aa0                . = ALIGN (0x4)
                0x0000000008004aa0                _sidata = LOADADDR (.data)

.data           0x0000000020000000      0x1dc load address 0x0000000008004aa0
                0x0000000020000000                . = ALIGN (0x4)
                0x0000000020000000                _sdata = .
 *(.data)
 *(.data*)
 .data.SystemCoreClock
                0x0000000020000000        0x4 Core/Src/system_stm32f0xx.o
                0x0000000020000000                SystemCoreClock
 .data.uwTickPrio
                0x0000000020000004        0x4 Drivers/STM32F0xx_HAL_Driver/Src/stm32f0xx_hal.o
                0x0000000020000004                uwTickPrio
 .data.uwTickFreq
                0x0000000020000008        0x1 Drivers/STM32F0xx_HAL_Driver/Src/stm32f0xx_hal.o
                0x0000000020000008                uwTickFreq
 *fill*         0x0000000020000009        0x3 
 .data._impure_ptr
                0x000000002000000c        0x4 c:/appz/st/stm32cubeide_1.2.0/stm32cubeide/plugins/com.st.stm32cube.ide.mcu.externaltools.gnu-tools-for-stm32.7-2018-q2-update.win32_1.0.0.201904181610/tools/bin/../lib/gcc/arm-none-eabi/7.3.1/../../../../arm-none-eabi/lib/thumb/v6-m\libc_nano.a(lib_a-impure.o)
                0x000000002000000c                _impure_ptr
 .data.impure_data
                0x0000000020000010       0x60 c:/appz/st/stm32cubeide_1.2.0/stm32cubeide/plugins/com.st.stm32cube.ide.mcu.externaltools.gnu-tools-for-stm32.7-2018-q2-update.win32_1.0.0.201904181610/tools/bin/../lib/gcc/arm-none-eabi/7.3.1/../../../../arm-none-eabi/lib/thumb/v6-m\libc_nano.a(lib_a-impure.o)
 .data.__global_locale
                0x0000000020000070      0x16c c:/appz/st/stm32cubeide_1.2.0/stm32cubeide/plugins/com.st.stm32cube.ide.mcu.externaltools.gnu-tools-for-stm32.7-2018-q2-update.win32_1.0.0.201904181610/tools/bin/../lib/gcc/arm-none-eabi/7.3.1/../../../../arm-none-eabi/lib/thumb/v6-m\libc_nano.a(lib_a-locale.o)
                0x0000000020000070                __global_locale
                0x00000000200001dc                . = ALIGN (0x4)
                0x00000000200001dc                _edata = .

.igot.plt       0x00000000200001dc        0x0 load address 0x0000000008004c7c
 .igot.plt      0x00000000200001dc        0x0 c:/appz/st/stm32cubeide_1.2.0/stm32cubeide/plugins/com.st.stm32cube.ide.mcu.externaltools.gnu-tools-for-stm32.7-2018-q2-update.win32_1.0.0.201904181610/tools/bin/../lib/gcc/arm-none-eabi/7.3.1/thumb/v6-m/crtbegin.o
                0x00000000200001dc                . = ALIGN (0x4)

.bss            0x00000000200001dc      0x284 load address 0x0000000008004c7c
                0x00000000200001dc                _sbss = .
                0x00000000200001dc                __bss_start__ = _sbss
 *(.bss)
 .bss           0x00000000200001dc       0x1c c:/appz/st/stm32cubeide_1.2.0/stm32cubeide/plugins/com.st.stm32cube.ide.mcu.externaltools.gnu-tools-for-stm32.7-2018-q2-update.win32_1.0.0.201904181610/tools/bin/../lib/gcc/arm-none-eabi/7.3.1/thumb/v6-m/crtbegin.o
 *(.bss*)
 .bss.uart_rx_buf
                0x00000000200001f8       0x40 Core/Src/main.o
 .bss.uart_rx_read_ptr
                0x0000000020000238        0x2 Core/Src/main.o
 .bss.cnt.6737  0x000000002000023a        0x2 Core/Src/main.o
 .bss.data.6738
                0x000000002000023c      0x100 Core/Src/main.o
 .bss.heap_end.5149
                0x000000002000033c        0x4 Core/Src/sysmem.o
 .bss.__malloc_free_list
                0x0000000020000340        0x4 c:/appz/st/stm32cubeide_1.2.0/stm32cubeide/plugins/com.st.stm32cube.ide.mcu.externaltools.gnu-tools-for-stm32.7-2018-q2-update.win32_1.0.0.201904181610/tools/bin/../lib/gcc/arm-none-eabi/7.3.1/../../../../arm-none-eabi/lib/thumb/v6-m\libc_nano.a(lib_a-nano-mallocr.o)
                0x0000000020000340                __malloc_free_list
 .bss.__malloc_sbrk_start
                0x0000000020000344        0x4 c:/appz/st/stm32cubeide_1.2.0/stm32cubeide/plugins/com.st.stm32cube.ide.mcu.externaltools.gnu-tools-for-stm32.7-2018-q2-update.win32_1.0.0.201904181610/tools/bin/../lib/gcc/arm-none-eabi/7.3.1/../../../../arm-none-eabi/lib/thumb/v6-m\libc_nano.a(lib_a-nano-mallocr.o)
                0x0000000020000344                __malloc_sbrk_start
 *(COMMON)
 COMMON         0x0000000020000348      0x110 Core/Src/main.o
                0x0000000020000348                hdma_usart2_rx
                0x000000002000038c                hi2c1
                0x00000000200003d8                huart2
 COMMON         0x0000000020000458        0x4 Drivers/STM32F0xx_HAL_Driver/Src/stm32f0xx_hal.o
                0x0000000020000458                uwTick
 COMMON         0x000000002000045c        0x4 c:/appz/st/stm32cubeide_1.2.0/stm32cubeide/plugins/com.st.stm32cube.ide.mcu.externaltools.gnu-tools-for-stm32.7-2018-q2-update.win32_1.0.0.201904181610/tools/bin/../lib/gcc/arm-none-eabi/7.3.1/../../../../arm-none-eabi/lib/thumb/v6-m\libc_nano.a(lib_a-reent.o)
                0x000000002000045c                errno
                0x0000000020000460                . = ALIGN (0x4)
                0x0000000020000460                _ebss = .
                0x0000000020000460                __bss_end__ = _ebss

._user_heap_stack
                0x0000000020000460      0x600 load address 0x0000000008004c7c
                0x0000000020000460                . = ALIGN (0x8)
                0x0000000020000460                PROVIDE (end = .)
                [!provide]                        PROVIDE (_end = .)
                0x0000000020000660                . = (. + _Min_Heap_Size)
 *fill*         0x0000000020000460      0x200 
                0x0000000020000a60                . = (. + _Min_Stack_Size)
 *fill*         0x0000000020000660      0x400 
                0x0000000020000a60                . = ALIGN (0x8)

/DISCARD/
 libc.a(*)
 libm.a(*)
 libgcc.a(*)

.ARM.attributes
                0x0000000000000000       0x28
 *(.ARM.attributes)
 .ARM.attributes
                0x0000000000000000       0x1e c:/appz/st/stm32cubeide_1.2.0/stm32cubeide/plugins/com.st.stm32cube.ide.mcu.externaltools.gnu-tools-for-stm32.7-2018-q2-update.win32_1.0.0.201904181610/tools/bin/../lib/gcc/arm-none-eabi/7.3.1/thumb/v6-m/crti.o
 .ARM.attributes
                0x000000000000001e       0x2c c:/appz/st/stm32cubeide_1.2.0/stm32cubeide/plugins/com.st.stm32cube.ide.mcu.externaltools.gnu-tools-for-stm32.7-2018-q2-update.win32_1.0.0.201904181610/tools/bin/../lib/gcc/arm-none-eabi/7.3.1/thumb/v6-m/crtbegin.o
 .ARM.attributes
                0x000000000000004a       0x31 Core/Src/main.o
 .ARM.attributes
                0x000000000000007b       0x31 Core/Src/stm32f0xx_hal_msp.o
 .ARM.attributes
                0x00000000000000ac       0x31 Core/Src/stm32f0xx_it.o
 .ARM.attributes
                0x00000000000000dd       0x31 Core/Src/syscalls.o
 .ARM.attributes
                0x000000000000010e       0x31 Core/Src/sysmem.o
 .ARM.attributes
                0x000000000000013f       0x31 Core/Src/system_stm32f0xx.o
 .ARM.attributes
                0x0000000000000170       0x21 Core/Startup/startup_stm32f030r8tx.o
 .ARM.attributes
                0x0000000000000191       0x31 Drivers/STM32F0xx_HAL_Driver/Src/stm32f0xx_hal.o
 .ARM.attributes
                0x00000000000001c2       0x31 Drivers/STM32F0xx_HAL_Driver/Src/stm32f0xx_hal_cortex.o
 .ARM.attributes
                0x00000000000001f3       0x31 Drivers/STM32F0xx_HAL_Driver/Src/stm32f0xx_hal_dma.o
 .ARM.attributes
                0x0000000000000224       0x31 Drivers/STM32F0xx_HAL_Driver/Src/stm32f0xx_hal_gpio.o
 .ARM.attributes
                0x0000000000000255       0x31 Drivers/STM32F0xx_HAL_Driver/Src/stm32f0xx_hal_i2c.o
 .ARM.attributes
                0x0000000000000286       0x31 Drivers/STM32F0xx_HAL_Driver/Src/stm32f0xx_hal_i2c_ex.o
 .ARM.attributes
                0x00000000000002b7       0x31 Drivers/STM32F0xx_HAL_Driver/Src/stm32f0xx_hal_rcc.o
 .ARM.attributes
                0x00000000000002e8       0x31 Drivers/STM32F0xx_HAL_Driver/Src/stm32f0xx_hal_rcc_ex.o
 .ARM.attributes
                0x0000000000000319       0x31 Drivers/STM32F0xx_HAL_Driver/Src/stm32f0xx_hal_uart.o
 .ARM.attributes
                0x000000000000034a       0x2c c:/appz/st/stm32cubeide_1.2.0/stm32cubeide/plugins/com.st.stm32cube.ide.mcu.externaltools.gnu-tools-for-stm32.7-2018-q2-update.win32_1.0.0.201904181610/tools/bin/../lib/gcc/arm-none-eabi/7.3.1/../../../../arm-none-eabi/lib/thumb/v6-m\libc_nano.a(lib_a-atoi.o)
 .ARM.attributes
                0x0000000000000376       0x2c c:/appz/st/stm32cubeide_1.2.0/stm32cubeide/plugins/com.st.stm32cube.ide.mcu.externaltools.gnu-tools-for-stm32.7-2018-q2-update.win32_1.0.0.201904181610/tools/bin/../lib/gcc/arm-none-eabi/7.3.1/../../../../arm-none-eabi/lib/thumb/v6-m\libc_nano.a(lib_a-errno.o)
 .ARM.attributes
                0x00000000000003a2       0x2c c:/appz/st/stm32cubeide_1.2.0/stm32cubeide/plugins/com.st.stm32cube.ide.mcu.externaltools.gnu-tools-for-stm32.7-2018-q2-update.win32_1.0.0.201904181610/tools/bin/../lib/gcc/arm-none-eabi/7.3.1/../../../../arm-none-eabi/lib/thumb/v6-m\libc_nano.a(lib_a-impure.o)
 .ARM.attributes
                0x00000000000003ce       0x2c c:/appz/st/stm32cubeide_1.2.0/stm32cubeide/plugins/com.st.stm32cube.ide.mcu.externaltools.gnu-tools-for-stm32.7-2018-q2-update.win32_1.0.0.201904181610/tools/bin/../lib/gcc/arm-none-eabi/7.3.1/../../../../arm-none-eabi/lib/thumb/v6-m\libc_nano.a(lib_a-init.o)
 .ARM.attributes
                0x00000000000003fa       0x2c c:/appz/st/stm32cubeide_1.2.0/stm32cubeide/plugins/com.st.stm32cube.ide.mcu.externaltools.gnu-tools-for-stm32.7-2018-q2-update.win32_1.0.0.201904181610/tools/bin/../lib/gcc/arm-none-eabi/7.3.1/../../../../arm-none-eabi/lib/thumb/v6-m\libc_nano.a(lib_a-memset.o)
 .ARM.attributes
                0x0000000000000426       0x2c c:/appz/st/stm32cubeide_1.2.0/stm32cubeide/plugins/com.st.stm32cube.ide.mcu.externaltools.gnu-tools-for-stm32.7-2018-q2-update.win32_1.0.0.201904181610/tools/bin/../lib/gcc/arm-none-eabi/7.3.1/../../../../arm-none-eabi/lib/thumb/v6-m\libc_nano.a(lib_a-printf.o)
 .ARM.attributes
                0x0000000000000452       0x2c c:/appz/st/stm32cubeide_1.2.0/stm32cubeide/plugins/com.st.stm32cube.ide.mcu.externaltools.gnu-tools-for-stm32.7-2018-q2-update.win32_1.0.0.201904181610/tools/bin/../lib/gcc/arm-none-eabi/7.3.1/../../../../arm-none-eabi/lib/thumb/v6-m\libc_nano.a(lib_a-puts.o)
 .ARM.attributes
                0x000000000000047e       0x2c c:/appz/st/stm32cubeide_1.2.0/stm32cubeide/plugins/com.st.stm32cube.ide.mcu.externaltools.gnu-tools-for-stm32.7-2018-q2-update.win32_1.0.0.201904181610/tools/bin/../lib/gcc/arm-none-eabi/7.3.1/../../../../arm-none-eabi/lib/thumb/v6-m\libc_nano.a(lib_a-strcasecmp.o)
 .ARM.attributes
                0x00000000000004aa       0x2c c:/appz/st/stm32cubeide_1.2.0/stm32cubeide/plugins/com.st.stm32cube.ide.mcu.externaltools.gnu-tools-for-stm32.7-2018-q2-update.win32_1.0.0.201904181610/tools/bin/../lib/gcc/arm-none-eabi/7.3.1/../../../../arm-none-eabi/lib/thumb/v6-m\libc_nano.a(lib_a-strtok.o)
 .ARM.attributes
                0x00000000000004d6       0x2c c:/appz/st/stm32cubeide_1.2.0/stm32cubeide/plugins/com.st.stm32cube.ide.mcu.externaltools.gnu-tools-for-stm32.7-2018-q2-update.win32_1.0.0.201904181610/tools/bin/../lib/gcc/arm-none-eabi/7.3.1/../../../../arm-none-eabi/lib/thumb/v6-m\libc_nano.a(lib_a-strtok_r.o)
 .ARM.attributes
                0x0000000000000502       0x2c c:/appz/st/stm32cubeide_1.2.0/stm32cubeide/plugins/com.st.stm32cube.ide.mcu.externaltools.gnu-tools-for-stm32.7-2018-q2-update.win32_1.0.0.201904181610/tools/bin/../lib/gcc/arm-none-eabi/7.3.1/../../../../arm-none-eabi/lib/thumb/v6-m\libc_nano.a(lib_a-strtol.o)
 .ARM.attributes
                0x000000000000052e       0x2c c:/appz/st/stm32cubeide_1.2.0/stm32cubeide/plugins/com.st.stm32cube.ide.mcu.externaltools.gnu-tools-for-stm32.7-2018-q2-update.win32_1.0.0.201904181610/tools/bin/../lib/gcc/arm-none-eabi/7.3.1/../../../../arm-none-eabi/lib/thumb/v6-m\libc_nano.a(lib_a-wbuf.o)
 .ARM.attributes
                0x000000000000055a       0x2c c:/appz/st/stm32cubeide_1.2.0/stm32cubeide/plugins/com.st.stm32cube.ide.mcu.externaltools.gnu-tools-for-stm32.7-2018-q2-update.win32_1.0.0.201904181610/tools/bin/../lib/gcc/arm-none-eabi/7.3.1/../../../../arm-none-eabi/lib/thumb/v6-m\libc_nano.a(lib_a-wsetup.o)
 .ARM.attributes
                0x0000000000000586       0x2c c:/appz/st/stm32cubeide_1.2.0/stm32cubeide/plugins/com.st.stm32cube.ide.mcu.externaltools.gnu-tools-for-stm32.7-2018-q2-update.win32_1.0.0.201904181610/tools/bin/../lib/gcc/arm-none-eabi/7.3.1/../../../../arm-none-eabi/lib/thumb/v6-m\libc_nano.a(lib_a-fflush.o)
 .ARM.attributes
                0x00000000000005b2       0x2c c:/appz/st/stm32cubeide_1.2.0/stm32cubeide/plugins/com.st.stm32cube.ide.mcu.externaltools.gnu-tools-for-stm32.7-2018-q2-update.win32_1.0.0.201904181610/tools/bin/../lib/gcc/arm-none-eabi/7.3.1/../../../../arm-none-eabi/lib/thumb/v6-m\libc_nano.a(lib_a-findfp.o)
 .ARM.attributes
                0x00000000000005de       0x2c c:/appz/st/stm32cubeide_1.2.0/stm32cubeide/plugins/com.st.stm32cube.ide.mcu.externaltools.gnu-tools-for-stm32.7-2018-q2-update.win32_1.0.0.201904181610/tools/bin/../lib/gcc/arm-none-eabi/7.3.1/../../../../arm-none-eabi/lib/thumb/v6-m\libc_nano.a(lib_a-fwalk.o)
 .ARM.attributes
                0x000000000000060a       0x2c c:/appz/st/stm32cubeide_1.2.0/stm32cubeide/plugins/com.st.stm32cube.ide.mcu.externaltools.gnu-tools-for-stm32.7-2018-q2-update.win32_1.0.0.201904181610/tools/bin/../lib/gcc/arm-none-eabi/7.3.1/../../../../arm-none-eabi/lib/thumb/v6-m\libc_nano.a(lib_a-locale.o)
 .ARM.attributes
                0x0000000000000636       0x2c c:/appz/st/stm32cubeide_1.2.0/stm32cubeide/plugins/com.st.stm32cube.ide.mcu.externaltools.gnu-tools-for-stm32.7-2018-q2-update.win32_1.0.0.201904181610/tools/bin/../lib/gcc/arm-none-eabi/7.3.1/../../../../arm-none-eabi/lib/thumb/v6-m\libc_nano.a(lib_a-makebuf.o)
 .ARM.attributes
                0x0000000000000662       0x2c c:/appz/st/stm32cubeide_1.2.0/stm32cubeide/plugins/com.st.stm32cube.ide.mcu.externaltools.gnu-tools-for-stm32.7-2018-q2-update.win32_1.0.0.201904181610/tools/bin/../lib/gcc/arm-none-eabi/7.3.1/../../../../arm-none-eabi/lib/thumb/v6-m\libc_nano.a(lib_a-malloc.o)
 .ARM.attributes
                0x000000000000068e       0x2c c:/appz/st/stm32cubeide_1.2.0/stm32cubeide/plugins/com.st.stm32cube.ide.mcu.externaltools.gnu-tools-for-stm32.7-2018-q2-update.win32_1.0.0.201904181610/tools/bin/../lib/gcc/arm-none-eabi/7.3.1/../../../../arm-none-eabi/lib/thumb/v6-m\libc_nano.a(lib_a-mbtowc_r.o)
 .ARM.attributes
                0x00000000000006ba       0x2c c:/appz/st/stm32cubeide_1.2.0/stm32cubeide/plugins/com.st.stm32cube.ide.mcu.externaltools.gnu-tools-for-stm32.7-2018-q2-update.win32_1.0.0.201904181610/tools/bin/../lib/gcc/arm-none-eabi/7.3.1/../../../../arm-none-eabi/lib/thumb/v6-m\libc_nano.a(lib_a-nano-freer.o)
 .ARM.attributes
                0x00000000000006e6       0x2c c:/appz/st/stm32cubeide_1.2.0/stm32cubeide/plugins/com.st.stm32cube.ide.mcu.externaltools.gnu-tools-for-stm32.7-2018-q2-update.win32_1.0.0.201904181610/tools/bin/../lib/gcc/arm-none-eabi/7.3.1/../../../../arm-none-eabi/lib/thumb/v6-m\libc_nano.a(lib_a-nano-mallocr.o)
 .ARM.attributes
                0x0000000000000712       0x2c c:/appz/st/stm32cubeide_1.2.0/stm32cubeide/plugins/com.st.stm32cube.ide.mcu.externaltools.gnu-tools-for-stm32.7-2018-q2-update.win32_1.0.0.201904181610/tools/bin/../lib/gcc/arm-none-eabi/7.3.1/../../../../arm-none-eabi/lib/thumb/v6-m\libc_nano.a(lib_a-nano-vfprintf.o)
 .ARM.attributes
                0x000000000000073e       0x2c c:/appz/st/stm32cubeide_1.2.0/stm32cubeide/plugins/com.st.stm32cube.ide.mcu.externaltools.gnu-tools-for-stm32.7-2018-q2-update.win32_1.0.0.201904181610/tools/bin/../lib/gcc/arm-none-eabi/7.3.1/../../../../arm-none-eabi/lib/thumb/v6-m\libc_nano.a(lib_a-nano-vfprintf_i.o)
 .ARM.attributes
                0x000000000000076a       0x2c c:/appz/st/stm32cubeide_1.2.0/stm32cubeide/plugins/com.st.stm32cube.ide.mcu.externaltools.gnu-tools-for-stm32.7-2018-q2-update.win32_1.0.0.201904181610/tools/bin/../lib/gcc/arm-none-eabi/7.3.1/../../../../arm-none-eabi/lib/thumb/v6-m\libc_nano.a(lib_a-sbrkr.o)
 .ARM.attributes
                0x0000000000000796       0x2c c:/appz/st/stm32cubeide_1.2.0/stm32cubeide/plugins/com.st.stm32cube.ide.mcu.externaltools.gnu-tools-for-stm32.7-2018-q2-update.win32_1.0.0.201904181610/tools/bin/../lib/gcc/arm-none-eabi/7.3.1/../../../../arm-none-eabi/lib/thumb/v6-m\libc_nano.a(lib_a-stdio.o)
 .ARM.attributes
                0x00000000000007c2       0x2c c:/appz/st/stm32cubeide_1.2.0/stm32cubeide/plugins/com.st.stm32cube.ide.mcu.externaltools.gnu-tools-for-stm32.7-2018-q2-update.win32_1.0.0.201904181610/tools/bin/../lib/gcc/arm-none-eabi/7.3.1/../../../../arm-none-eabi/lib/thumb/v6-m\libc_nano.a(lib_a-wctomb_r.o)
 .ARM.attributes
                0x00000000000007ee       0x2c c:/appz/st/stm32cubeide_1.2.0/stm32cubeide/plugins/com.st.stm32cube.ide.mcu.externaltools.gnu-tools-for-stm32.7-2018-q2-update.win32_1.0.0.201904181610/tools/bin/../lib/gcc/arm-none-eabi/7.3.1/../../../../arm-none-eabi/lib/thumb/v6-m\libc_nano.a(lib_a-writer.o)
 .ARM.attributes
                0x000000000000081a       0x2c c:/appz/st/stm32cubeide_1.2.0/stm32cubeide/plugins/com.st.stm32cube.ide.mcu.externaltools.gnu-tools-for-stm32.7-2018-q2-update.win32_1.0.0.201904181610/tools/bin/../lib/gcc/arm-none-eabi/7.3.1/../../../../arm-none-eabi/lib/thumb/v6-m\libc_nano.a(lib_a-closer.o)
 .ARM.attributes
                0x0000000000000846       0x2c c:/appz/st/stm32cubeide_1.2.0/stm32cubeide/plugins/com.st.stm32cube.ide.mcu.externaltools.gnu-tools-for-stm32.7-2018-q2-update.win32_1.0.0.201904181610/tools/bin/../lib/gcc/arm-none-eabi/7.3.1/../../../../arm-none-eabi/lib/thumb/v6-m\libc_nano.a(lib_a-ctype_.o)
 .ARM.attributes
                0x0000000000000872       0x2c c:/appz/st/stm32cubeide_1.2.0/stm32cubeide/plugins/com.st.stm32cube.ide.mcu.externaltools.gnu-tools-for-stm32.7-2018-q2-update.win32_1.0.0.201904181610/tools/bin/../lib/gcc/arm-none-eabi/7.3.1/../../../../arm-none-eabi/lib/thumb/v6-m\libc_nano.a(lib_a-fstatr.o)
 .ARM.attributes
                0x000000000000089e       0x2c c:/appz/st/stm32cubeide_1.2.0/stm32cubeide/plugins/com.st.stm32cube.ide.mcu.externaltools.gnu-tools-for-stm32.7-2018-q2-update.win32_1.0.0.201904181610/tools/bin/../lib/gcc/arm-none-eabi/7.3.1/../../../../arm-none-eabi/lib/thumb/v6-m\libc_nano.a(lib_a-isattyr.o)
 .ARM.attributes
                0x00000000000008ca       0x2c c:/appz/st/stm32cubeide_1.2.0/stm32cubeide/plugins/com.st.stm32cube.ide.mcu.externaltools.gnu-tools-for-stm32.7-2018-q2-update.win32_1.0.0.201904181610/tools/bin/../lib/gcc/arm-none-eabi/7.3.1/../../../../arm-none-eabi/lib/thumb/v6-m\libc_nano.a(lib_a-lseekr.o)
 .ARM.attributes
                0x00000000000008f6       0x2c c:/appz/st/stm32cubeide_1.2.0/stm32cubeide/plugins/com.st.stm32cube.ide.mcu.externaltools.gnu-tools-for-stm32.7-2018-q2-update.win32_1.0.0.201904181610/tools/bin/../lib/gcc/arm-none-eabi/7.3.1/../../../../arm-none-eabi/lib/thumb/v6-m\libc_nano.a(lib_a-memchr-stub.o)
 .ARM.attributes
                0x0000000000000922       0x2c c:/appz/st/stm32cubeide_1.2.0/stm32cubeide/plugins/com.st.stm32cube.ide.mcu.externaltools.gnu-tools-for-stm32.7-2018-q2-update.win32_1.0.0.201904181610/tools/bin/../lib/gcc/arm-none-eabi/7.3.1/../../../../arm-none-eabi/lib/thumb/v6-m\libc_nano.a(lib_a-mlock.o)
 .ARM.attributes
                0x000000000000094e       0x2c c:/appz/st/stm32cubeide_1.2.0/stm32cubeide/plugins/com.st.stm32cube.ide.mcu.externaltools.gnu-tools-for-stm32.7-2018-q2-update.win32_1.0.0.201904181610/tools/bin/../lib/gcc/arm-none-eabi/7.3.1/../../../../arm-none-eabi/lib/thumb/v6-m\libc_nano.a(lib_a-readr.o)
 .ARM.attributes
                0x000000000000097a       0x2c c:/appz/st/stm32cubeide_1.2.0/stm32cubeide/plugins/com.st.stm32cube.ide.mcu.externaltools.gnu-tools-for-stm32.7-2018-q2-update.win32_1.0.0.201904181610/tools/bin/../lib/gcc/arm-none-eabi/7.3.1/../../../../arm-none-eabi/lib/thumb/v6-m\libc_nano.a(lib_a-reent.o)
 .ARM.attributes
                0x00000000000009a6       0x1e c:/appz/st/stm32cubeide_1.2.0/stm32cubeide/plugins/com.st.stm32cube.ide.mcu.externaltools.gnu-tools-for-stm32.7-2018-q2-update.win32_1.0.0.201904181610/tools/bin/../lib/gcc/arm-none-eabi/7.3.1/thumb/v6-m\libgcc.a(_udivsi3.o)
 .ARM.attributes
                0x00000000000009c4       0x1e c:/appz/st/stm32cubeide_1.2.0/stm32cubeide/plugins/com.st.stm32cube.ide.mcu.externaltools.gnu-tools-for-stm32.7-2018-q2-update.win32_1.0.0.201904181610/tools/bin/../lib/gcc/arm-none-eabi/7.3.1/thumb/v6-m\libgcc.a(_dvmd_tls.o)
 .ARM.attributes
                0x00000000000009e2       0x1e c:/appz/st/stm32cubeide_1.2.0/stm32cubeide/plugins/com.st.stm32cube.ide.mcu.externaltools.gnu-tools-for-stm32.7-2018-q2-update.win32_1.0.0.201904181610/tools/bin/../lib/gcc/arm-none-eabi/7.3.1/thumb/v6-m/crtn.o
OUTPUT(CV5.elf elf32-littlearm)

.debug_info     0x0000000000000000     0xa76a
 .debug_info    0x0000000000000000     0x184e Core/Src/main.o
 .debug_info    0x000000000000184e      0xc54 Core/Src/stm32f0xx_hal_msp.o
 .debug_info    0x00000000000024a2      0x3be Core/Src/stm32f0xx_it.o
 .debug_info    0x0000000000002860      0xebd Core/Src/syscalls.o
 .debug_info    0x000000000000371d      0x91c Core/Src/sysmem.o
 .debug_info    0x0000000000004039      0x29e Core/Src/system_stm32f0xx.o
 .debug_info    0x00000000000042d7       0x22 Core/Startup/startup_stm32f030r8tx.o
 .debug_info    0x00000000000042f9      0x685 Drivers/STM32F0xx_HAL_Driver/Src/stm32f0xx_hal.o
 .debug_info    0x000000000000497e      0x762 Drivers/STM32F0xx_HAL_Driver/Src/stm32f0xx_hal_cortex.o
 .debug_info    0x00000000000050e0      0x79f Drivers/STM32F0xx_HAL_Driver/Src/stm32f0xx_hal_dma.o
 .debug_info    0x000000000000587f      0x665 Drivers/STM32F0xx_HAL_Driver/Src/stm32f0xx_hal_gpio.o
 .debug_info    0x0000000000005ee4     0x1f39 Drivers/STM32F0xx_HAL_Driver/Src/stm32f0xx_hal_i2c.o
 .debug_info    0x0000000000007e1d      0x86e Drivers/STM32F0xx_HAL_Driver/Src/stm32f0xx_hal_i2c_ex.o
 .debug_info    0x000000000000868b      0x80a Drivers/STM32F0xx_HAL_Driver/Src/stm32f0xx_hal_rcc.o
 .debug_info    0x0000000000008e95      0x3cb Drivers/STM32F0xx_HAL_Driver/Src/stm32f0xx_hal_rcc_ex.o
 .debug_info    0x0000000000009260     0x150a Drivers/STM32F0xx_HAL_Driver/Src/stm32f0xx_hal_uart.o

.debug_abbrev   0x0000000000000000     0x1c7b
 .debug_abbrev  0x0000000000000000      0x2c0 Core/Src/main.o
 .debug_abbrev  0x00000000000002c0      0x197 Core/Src/stm32f0xx_hal_msp.o
 .debug_abbrev  0x0000000000000457      0x120 Core/Src/stm32f0xx_it.o
 .debug_abbrev  0x0000000000000577      0x261 Core/Src/syscalls.o
 .debug_abbrev  0x00000000000007d8      0x1bb Core/Src/sysmem.o
 .debug_abbrev  0x0000000000000993      0x12b Core/Src/system_stm32f0xx.o
 .debug_abbrev  0x0000000000000abe       0x12 Core/Startup/startup_stm32f030r8tx.o
 .debug_abbrev  0x0000000000000ad0      0x1f2 Drivers/STM32F0xx_HAL_Driver/Src/stm32f0xx_hal.o
 .debug_abbrev  0x0000000000000cc2      0x273 Drivers/STM32F0xx_HAL_Driver/Src/stm32f0xx_hal_cortex.o
 .debug_abbrev  0x0000000000000f35      0x1ed Drivers/STM32F0xx_HAL_Driver/Src/stm32f0xx_hal_dma.o
 .debug_abbrev  0x0000000000001122      0x1c0 Drivers/STM32F0xx_HAL_Driver/Src/stm32f0xx_hal_gpio.o
 .debug_abbrev  0x00000000000012e2      0x239 Drivers/STM32F0xx_HAL_Driver/Src/stm32f0xx_hal_i2c.o
 .debug_abbrev  0x000000000000151b      0x1c8 Drivers/STM32F0xx_HAL_Driver/Src/stm32f0xx_hal_i2c_ex.o
 .debug_abbrev  0x00000000000016e3      0x20f Drivers/STM32F0xx_HAL_Driver/Src/stm32f0xx_hal_rcc.o
 .debug_abbrev  0x00000000000018f2      0x175 Drivers/STM32F0xx_HAL_Driver/Src/stm32f0xx_hal_rcc_ex.o
 .debug_abbrev  0x0000000000001a67      0x214 Drivers/STM32F0xx_HAL_Driver/Src/stm32f0xx_hal_uart.o

.debug_aranges  0x0000000000000000      0x9e8
 .debug_aranges
                0x0000000000000000       0x68 Core/Src/main.o
 .debug_aranges
                0x0000000000000068       0x40 Core/Src/stm32f0xx_hal_msp.o
 .debug_aranges
                0x00000000000000a8       0x48 Core/Src/stm32f0xx_it.o
 .debug_aranges
                0x00000000000000f0       0xa8 Core/Src/syscalls.o
 .debug_aranges
                0x0000000000000198       0x20 Core/Src/sysmem.o
 .debug_aranges
                0x00000000000001b8       0x28 Core/Src/system_stm32f0xx.o
 .debug_aranges
                0x00000000000001e0       0x28 Core/Startup/startup_stm32f030r8tx.o
 .debug_aranges
                0x0000000000000208       0xd0 Drivers/STM32F0xx_HAL_Driver/Src/stm32f0xx_hal.o
 .debug_aranges
                0x00000000000002d8       0xc0 Drivers/STM32F0xx_HAL_Driver/Src/stm32f0xx_hal_cortex.o
 .debug_aranges
                0x0000000000000398       0x88 Drivers/STM32F0xx_HAL_Driver/Src/stm32f0xx_hal_dma.o
 .debug_aranges
                0x0000000000000420       0x58 Drivers/STM32F0xx_HAL_Driver/Src/stm32f0xx_hal_gpio.o
 .debug_aranges
                0x0000000000000478      0x288 Drivers/STM32F0xx_HAL_Driver/Src/stm32f0xx_hal_i2c.o
 .debug_aranges
                0x0000000000000700       0x38 Drivers/STM32F0xx_HAL_Driver/Src/stm32f0xx_hal_i2c_ex.o
 .debug_aranges
                0x0000000000000738       0x80 Drivers/STM32F0xx_HAL_Driver/Src/stm32f0xx_hal_rcc.o
 .debug_aranges
                0x00000000000007b8       0x30 Drivers/STM32F0xx_HAL_Driver/Src/stm32f0xx_hal_rcc_ex.o
 .debug_aranges
                0x00000000000007e8      0x200 Drivers/STM32F0xx_HAL_Driver/Src/stm32f0xx_hal_uart.o

.debug_ranges   0x0000000000000000      0x8f0
 .debug_ranges  0x0000000000000000       0x58 Core/Src/main.o
 .debug_ranges  0x0000000000000058       0x30 Core/Src/stm32f0xx_hal_msp.o
 .debug_ranges  0x0000000000000088       0x38 Core/Src/stm32f0xx_it.o
 .debug_ranges  0x00000000000000c0       0x98 Core/Src/syscalls.o
 .debug_ranges  0x0000000000000158       0x10 Core/Src/sysmem.o
 .debug_ranges  0x0000000000000168       0x18 Core/Src/system_stm32f0xx.o
 .debug_ranges  0x0000000000000180       0x20 Core/Startup/startup_stm32f030r8tx.o
 .debug_ranges  0x00000000000001a0       0xc0 Drivers/STM32F0xx_HAL_Driver/Src/stm32f0xx_hal.o
 .debug_ranges  0x0000000000000260       0xb0 Drivers/STM32F0xx_HAL_Driver/Src/stm32f0xx_hal_cortex.o
 .debug_ranges  0x0000000000000310       0x78 Drivers/STM32F0xx_HAL_Driver/Src/stm32f0xx_hal_dma.o
 .debug_ranges  0x0000000000000388       0x48 Drivers/STM32F0xx_HAL_Driver/Src/stm32f0xx_hal_gpio.o
 .debug_ranges  0x00000000000003d0      0x278 Drivers/STM32F0xx_HAL_Driver/Src/stm32f0xx_hal_i2c.o
 .debug_ranges  0x0000000000000648       0x28 Drivers/STM32F0xx_HAL_Driver/Src/stm32f0xx_hal_i2c_ex.o
 .debug_ranges  0x0000000000000670       0x70 Drivers/STM32F0xx_HAL_Driver/Src/stm32f0xx_hal_rcc.o
 .debug_ranges  0x00000000000006e0       0x20 Drivers/STM32F0xx_HAL_Driver/Src/stm32f0xx_hal_rcc_ex.o
 .debug_ranges  0x0000000000000700      0x1f0 Drivers/STM32F0xx_HAL_Driver/Src/stm32f0xx_hal_uart.o

.debug_macro    0x0000000000000000     0xd788
 .debug_macro   0x0000000000000000      0x357 Core/Src/main.o
 .debug_macro   0x0000000000000357      0xa48 Core/Src/main.o
 .debug_macro   0x0000000000000d9f      0x12d Core/Src/main.o
 .debug_macro   0x0000000000000ecc       0x2e Core/Src/main.o
 .debug_macro   0x0000000000000efa       0x22 Core/Src/main.o
 .debug_macro   0x0000000000000f1c       0x22 Core/Src/main.o
 .debug_macro   0x0000000000000f3e       0x8e Core/Src/main.o
 .debug_macro   0x0000000000000fcc       0x51 Core/Src/main.o
 .debug_macro   0x000000000000101d       0xef Core/Src/main.o
 .debug_macro   0x000000000000110c       0x6a Core/Src/main.o
 .debug_macro   0x0000000000001176      0x1df Core/Src/main.o
 .debug_macro   0x0000000000001355       0x1c Core/Src/main.o
 .debug_macro   0x0000000000001371       0x22 Core/Src/main.o
 .debug_macro   0x0000000000001393       0xb5 Core/Src/main.o
 .debug_macro   0x0000000000001448      0x391 Core/Src/main.o
 .debug_macro   0x00000000000017d9     0x6f39 Core/Src/main.o
 .debug_macro   0x0000000000008712       0x3c Core/Src/main.o
 .debug_macro   0x000000000000874e      0x174 Core/Src/main.o
 .debug_macro   0x00000000000088c2       0x53 Core/Src/main.o
 .debug_macro   0x0000000000008915      0x924 Core/Src/main.o
 .debug_macro   0x0000000000009239      0x17f Core/Src/main.o
 .debug_macro   0x00000000000093b8      0x12f Core/Src/main.o
 .debug_macro   0x00000000000094e7       0xd9 Core/Src/main.o
 .debug_macro   0x00000000000095c0      0x1a0 Core/Src/main.o
 .debug_macro   0x0000000000009760      0x1ed Core/Src/main.o
 .debug_macro   0x000000000000994d       0x34 Core/Src/main.o
 .debug_macro   0x0000000000009981       0x43 Core/Src/main.o
 .debug_macro   0x00000000000099c4       0x28 Core/Src/main.o
 .debug_macro   0x00000000000099ec       0xb0 Core/Src/main.o
 .debug_macro   0x0000000000009a9c      0x199 Core/Src/main.o
 .debug_macro   0x0000000000009c35      0x22c Core/Src/main.o
 .debug_macro   0x0000000000009e61       0x5f Core/Src/main.o
 .debug_macro   0x0000000000009ec0       0xa5 Core/Src/main.o
 .debug_macro   0x0000000000009f65       0x4c Core/Src/main.o
 .debug_macro   0x0000000000009fb1       0x2b Core/Src/main.o
 .debug_macro   0x0000000000009fdc      0x543 Core/Src/main.o
 .debug_macro   0x000000000000a51f       0x3e Core/Src/main.o
 .debug_macro   0x000000000000a55d       0xff Core/Src/main.o
 .debug_macro   0x000000000000a65c       0x64 Core/Src/main.o
 .debug_macro   0x000000000000a6c0       0x46 Core/Src/main.o
 .debug_macro   0x000000000000a706       0x18 Core/Src/main.o
 .debug_macro   0x000000000000a71e       0x3c Core/Src/main.o
 .debug_macro   0x000000000000a75a       0x34 Core/Src/main.o
 .debug_macro   0x000000000000a78e       0x16 Core/Src/main.o
 .debug_macro   0x000000000000a7a4       0x35 Core/Src/main.o
 .debug_macro   0x000000000000a7d9      0x32a Core/Src/main.o
 .debug_macro   0x000000000000ab03       0x10 Core/Src/main.o
 .debug_macro   0x000000000000ab13       0x52 Core/Src/main.o
 .debug_macro   0x000000000000ab65       0x1f Core/Src/main.o
 .debug_macro   0x000000000000ab84       0x43 Core/Src/main.o
 .debug_macro   0x000000000000abc7       0x20 Core/Src/main.o
 .debug_macro   0x000000000000abe7      0x1a3 Core/Src/main.o
 .debug_macro   0x000000000000ad8a       0x10 Core/Src/main.o
 .debug_macro   0x000000000000ad9a       0x1c Core/Src/main.o
 .debug_macro   0x000000000000adb6       0x52 Core/Src/main.o
 .debug_macro   0x000000000000ae08       0x40 Core/Src/main.o
 .debug_macro   0x000000000000ae48       0x10 Core/Src/main.o
 .debug_macro   0x000000000000ae58       0x40 Core/Src/main.o
 .debug_macro   0x000000000000ae98       0xd7 Core/Src/main.o
 .debug_macro   0x000000000000af6f       0x1c Core/Src/main.o
 .debug_macro   0x000000000000af8b       0x3d Core/Src/main.o
 .debug_macro   0x000000000000afc8       0x16 Core/Src/main.o
 .debug_macro   0x000000000000afde      0x145 Core/Src/main.o
 .debug_macro   0x000000000000b123       0x16 Core/Src/main.o
 .debug_macro   0x000000000000b139       0x20 Core/Src/main.o
 .debug_macro   0x000000000000b159      0x1b3 Core/Src/stm32f0xx_hal_msp.o
 .debug_macro   0x000000000000b30c      0x1bd Core/Src/stm32f0xx_it.o
 .debug_macro   0x000000000000b4c9      0x243 Core/Src/syscalls.o
 .debug_macro   0x000000000000b70c       0x40 Core/Src/syscalls.o
 .debug_macro   0x000000000000b74c       0x94 Core/Src/syscalls.o
 .debug_macro   0x000000000000b7e0       0x57 Core/Src/syscalls.o
 .debug_macro   0x000000000000b837      0x330 Core/Src/syscalls.o
 .debug_macro   0x000000000000bb67       0x10 Core/Src/syscalls.o
 .debug_macro   0x000000000000bb77       0x10 Core/Src/syscalls.o
 .debug_macro   0x000000000000bb87       0x10 Core/Src/syscalls.o
 .debug_macro   0x000000000000bb97       0x35 Core/Src/syscalls.o
 .debug_macro   0x000000000000bbcc      0x122 Core/Src/syscalls.o
 .debug_macro   0x000000000000bcee       0x16 Core/Src/syscalls.o
 .debug_macro   0x000000000000bd04       0x16 Core/Src/syscalls.o
 .debug_macro   0x000000000000bd1a       0x29 Core/Src/syscalls.o
 .debug_macro   0x000000000000bd43       0x10 Core/Src/syscalls.o
 .debug_macro   0x000000000000bd53      0x241 Core/Src/syscalls.o
 .debug_macro   0x000000000000bf94       0x1c Core/Src/syscalls.o
 .debug_macro   0x000000000000bfb0       0x10 Core/Src/syscalls.o
 .debug_macro   0x000000000000bfc0      0x189 Core/Src/syscalls.o
 .debug_macro   0x000000000000c149       0x16 Core/Src/syscalls.o
 .debug_macro   0x000000000000c15f       0x88 Core/Src/syscalls.o
 .debug_macro   0x000000000000c1e7      0x1ae Core/Src/sysmem.o
 .debug_macro   0x000000000000c395      0x23b Core/Src/sysmem.o
 .debug_macro   0x000000000000c5d0      0x1a4 Core/Src/system_stm32f0xx.o
 .debug_macro   0x000000000000c774      0x1c8 Drivers/STM32F0xx_HAL_Driver/Src/stm32f0xx_hal.o
 .debug_macro   0x000000000000c93c      0x1a4 Drivers/STM32F0xx_HAL_Driver/Src/stm32f0xx_hal_cortex.o
 .debug_macro   0x000000000000cae0      0x1a4 Drivers/STM32F0xx_HAL_Driver/Src/stm32f0xx_hal_dma.o
 .debug_macro   0x000000000000cc84      0x1dc Drivers/STM32F0xx_HAL_Driver/Src/stm32f0xx_hal_gpio.o
 .debug_macro   0x000000000000ce60      0x269 Drivers/STM32F0xx_HAL_Driver/Src/stm32f0xx_hal_i2c.o
 .debug_macro   0x000000000000d0c9      0x1a4 Drivers/STM32F0xx_HAL_Driver/Src/stm32f0xx_hal_i2c_ex.o
 .debug_macro   0x000000000000d26d      0x1b6 Drivers/STM32F0xx_HAL_Driver/Src/stm32f0xx_hal_rcc.o
 .debug_macro   0x000000000000d423      0x1a4 Drivers/STM32F0xx_HAL_Driver/Src/stm32f0xx_hal_rcc_ex.o
 .debug_macro   0x000000000000d5c7      0x1c1 Drivers/STM32F0xx_HAL_Driver/Src/stm32f0xx_hal_uart.o

.debug_line     0x0000000000000000     0x8f45
 .debug_line    0x0000000000000000      0xa22 Core/Src/main.o
 .debug_line    0x0000000000000a22      0x6e9 Core/Src/stm32f0xx_hal_msp.o
 .debug_line    0x000000000000110b      0x6e5 Core/Src/stm32f0xx_it.o
 .debug_line    0x00000000000017f0      0x75b Core/Src/syscalls.o
 .debug_line    0x0000000000001f4b      0x577 Core/Src/sysmem.o
 .debug_line    0x00000000000024c2      0x699 Core/Src/system_stm32f0xx.o
 .debug_line    0x0000000000002b5b       0x89 Core/Startup/startup_stm32f030r8tx.o
 .debug_line    0x0000000000002be4      0x835 Drivers/STM32F0xx_HAL_Driver/Src/stm32f0xx_hal.o
 .debug_line    0x0000000000003419      0x84d Drivers/STM32F0xx_HAL_Driver/Src/stm32f0xx_hal_cortex.o
 .debug_line    0x0000000000003c66      0x893 Drivers/STM32F0xx_HAL_Driver/Src/stm32f0xx_hal_dma.o
 .debug_line    0x00000000000044f9      0x7fa Drivers/STM32F0xx_HAL_Driver/Src/stm32f0xx_hal_gpio.o
 .debug_line    0x0000000000004cf3     0x1a02 Drivers/STM32F0xx_HAL_Driver/Src/stm32f0xx_hal_i2c.o
 .debug_line    0x00000000000066f5      0x73d Drivers/STM32F0xx_HAL_Driver/Src/stm32f0xx_hal_i2c_ex.o
 .debug_line    0x0000000000006e32      0x8f6 Drivers/STM32F0xx_HAL_Driver/Src/stm32f0xx_hal_rcc.o
 .debug_line    0x0000000000007728      0x750 Drivers/STM32F0xx_HAL_Driver/Src/stm32f0xx_hal_rcc_ex.o
 .debug_line    0x0000000000007e78     0x10cd Drivers/STM32F0xx_HAL_Driver/Src/stm32f0xx_hal_uart.o

.debug_str      0x0000000000000000    0x46f45
 .debug_str     0x0000000000000000    0x4384d Core/Src/main.o
                                      0x43bb9 (size before relaxing)
 .debug_str     0x000000000004384d       0x7d Core/Src/stm32f0xx_hal_msp.o
                                      0x3f653 (size before relaxing)
 .debug_str     0x00000000000438ca       0x76 Core/Src/stm32f0xx_it.o
                                      0x3f0dc (size before relaxing)
 .debug_str     0x0000000000043940     0x11ec Core/Src/syscalls.o
                                       0x87d5 (size before relaxing)
 .debug_str     0x0000000000044b2c       0x36 Core/Src/sysmem.o
                                       0x7a2e (size before relaxing)
 .debug_str     0x0000000000044b62       0x5f Core/Src/system_stm32f0xx.o
                                      0x3edbc (size before relaxing)
 .debug_str     0x0000000000044bc1       0x36 Core/Startup/startup_stm32f030r8tx.o
                                         0x59 (size before relaxing)
 .debug_str     0x0000000000044bf7      0x385 Drivers/STM32F0xx_HAL_Driver/Src/stm32f0xx_hal.o
                                      0x3f2c8 (size before relaxing)
 .debug_str     0x0000000000044f7c      0x20c Drivers/STM32F0xx_HAL_Driver/Src/stm32f0xx_hal_cortex.o
                                      0x3f17c (size before relaxing)
 .debug_str     0x0000000000045188      0x257 Drivers/STM32F0xx_HAL_Driver/Src/stm32f0xx_hal_dma.o
                                      0x3f194 (size before relaxing)
 .debug_str     0x00000000000453df      0x20e Drivers/STM32F0xx_HAL_Driver/Src/stm32f0xx_hal_gpio.o
                                      0x3f058 (size before relaxing)
 .debug_str     0x00000000000455ed      0xdec Drivers/STM32F0xx_HAL_Driver/Src/stm32f0xx_hal_i2c.o
                                      0x4001b (size before relaxing)
 .debug_str     0x00000000000463d9       0xc4 Drivers/STM32F0xx_HAL_Driver/Src/stm32f0xx_hal_i2c_ex.o
                                      0x3f32b (size before relaxing)
 .debug_str     0x000000000004649d      0x249 Drivers/STM32F0xx_HAL_Driver/Src/stm32f0xx_hal_rcc.o
                                      0x3f1c6 (size before relaxing)
 .debug_str     0x00000000000466e6       0xb1 Drivers/STM32F0xx_HAL_Driver/Src/stm32f0xx_hal_rcc_ex.o
                                      0x3eef8 (size before relaxing)
 .debug_str     0x0000000000046797      0x7ae Drivers/STM32F0xx_HAL_Driver/Src/stm32f0xx_hal_uart.o
                                      0x3f9a0 (size before relaxing)

.comment        0x0000000000000000       0x7b
 .comment       0x0000000000000000       0x7b Core/Src/main.o
                                         0x7c (size before relaxing)
 .comment       0x000000000000007b       0x7c Core/Src/stm32f0xx_hal_msp.o
 .comment       0x000000000000007b       0x7c Core/Src/stm32f0xx_it.o
 .comment       0x000000000000007b       0x7c Core/Src/syscalls.o
 .comment       0x000000000000007b       0x7c Core/Src/sysmem.o
 .comment       0x000000000000007b       0x7c Core/Src/system_stm32f0xx.o
 .comment       0x000000000000007b       0x7c Drivers/STM32F0xx_HAL_Driver/Src/stm32f0xx_hal.o
 .comment       0x000000000000007b       0x7c Drivers/STM32F0xx_HAL_Driver/Src/stm32f0xx_hal_cortex.o
 .comment       0x000000000000007b       0x7c Drivers/STM32F0xx_HAL_Driver/Src/stm32f0xx_hal_dma.o
 .comment       0x000000000000007b       0x7c Drivers/STM32F0xx_HAL_Driver/Src/stm32f0xx_hal_gpio.o
 .comment       0x000000000000007b       0x7c Drivers/STM32F0xx_HAL_Driver/Src/stm32f0xx_hal_i2c.o
 .comment       0x000000000000007b       0x7c Drivers/STM32F0xx_HAL_Driver/Src/stm32f0xx_hal_i2c_ex.o
 .comment       0x000000000000007b       0x7c Drivers/STM32F0xx_HAL_Driver/Src/stm32f0xx_hal_rcc.o
 .comment       0x000000000000007b       0x7c Drivers/STM32F0xx_HAL_Driver/Src/stm32f0xx_hal_rcc_ex.o
 .comment       0x000000000000007b       0x7c Drivers/STM32F0xx_HAL_Driver/Src/stm32f0xx_hal_uart.o

.debug_frame    0x0000000000000000     0x2c04
 .debug_frame   0x0000000000000000      0x144 Core/Src/main.o
 .debug_frame   0x0000000000000144       0xb0 Core/Src/stm32f0xx_hal_msp.o
 .debug_frame   0x00000000000001f4       0xb8 Core/Src/stm32f0xx_it.o
 .debug_frame   0x00000000000002ac      0x244 Core/Src/syscalls.o
 .debug_frame   0x00000000000004f0       0x30 Core/Src/sysmem.o
 .debug_frame   0x0000000000000520       0x4c Core/Src/system_stm32f0xx.o
 .debug_frame   0x000000000000056c      0x2a4 Drivers/STM32F0xx_HAL_Driver/Src/stm32f0xx_hal.o
 .debug_frame   0x0000000000000810      0x2a0 Drivers/STM32F0xx_HAL_Driver/Src/stm32f0xx_hal_cortex.o
 .debug_frame   0x0000000000000ab0      0x1d0 Drivers/STM32F0xx_HAL_Driver/Src/stm32f0xx_hal_dma.o
 .debug_frame   0x0000000000000c80      0x110 Drivers/STM32F0xx_HAL_Driver/Src/stm32f0xx_hal_gpio.o
 .debug_frame   0x0000000000000d90      0xa00 Drivers/STM32F0xx_HAL_Driver/Src/stm32f0xx_hal_i2c.o
 .debug_frame   0x0000000000001790       0x90 Drivers/STM32F0xx_HAL_Driver/Src/stm32f0xx_hal_i2c_ex.o
 .debug_frame   0x0000000000001820      0x198 Drivers/STM32F0xx_HAL_Driver/Src/stm32f0xx_hal_rcc.o
 .debug_frame   0x00000000000019b8       0x70 Drivers/STM32F0xx_HAL_Driver/Src/stm32f0xx_hal_rcc_ex.o
 .debug_frame   0x0000000000001a28      0x7b0 Drivers/STM32F0xx_HAL_Driver/Src/stm32f0xx_hal_uart.o
 .debug_frame   0x00000000000021d8       0x40 c:/appz/st/stm32cubeide_1.2.0/stm32cubeide/plugins/com.st.stm32cube.ide.mcu.externaltools.gnu-tools-for-stm32.7-2018-q2-update.win32_1.0.0.201904181610/tools/bin/../lib/gcc/arm-none-eabi/7.3.1/../../../../arm-none-eabi/lib/thumb/v6-m\libc_nano.a(lib_a-atoi.o)
 .debug_frame   0x0000000000002218       0x20 c:/appz/st/stm32cubeide_1.2.0/stm32cubeide/plugins/com.st.stm32cube.ide.mcu.externaltools.gnu-tools-for-stm32.7-2018-q2-update.win32_1.0.0.201904181610/tools/bin/../lib/gcc/arm-none-eabi/7.3.1/../../../../arm-none-eabi/lib/thumb/v6-m\libc_nano.a(lib_a-errno.o)
 .debug_frame   0x0000000000002238       0x2c c:/appz/st/stm32cubeide_1.2.0/stm32cubeide/plugins/com.st.stm32cube.ide.mcu.externaltools.gnu-tools-for-stm32.7-2018-q2-update.win32_1.0.0.201904181610/tools/bin/../lib/gcc/arm-none-eabi/7.3.1/../../../../arm-none-eabi/lib/thumb/v6-m\libc_nano.a(lib_a-init.o)
 .debug_frame   0x0000000000002264       0x20 c:/appz/st/stm32cubeide_1.2.0/stm32cubeide/plugins/com.st.stm32cube.ide.mcu.externaltools.gnu-tools-for-stm32.7-2018-q2-update.win32_1.0.0.201904181610/tools/bin/../lib/gcc/arm-none-eabi/7.3.1/../../../../arm-none-eabi/lib/thumb/v6-m\libc_nano.a(lib_a-memset.o)
 .debug_frame   0x0000000000002284       0x50 c:/appz/st/stm32cubeide_1.2.0/stm32cubeide/plugins/com.st.stm32cube.ide.mcu.externaltools.gnu-tools-for-stm32.7-2018-q2-update.win32_1.0.0.201904181610/tools/bin/../lib/gcc/arm-none-eabi/7.3.1/../../../../arm-none-eabi/lib/thumb/v6-m\libc_nano.a(lib_a-printf.o)
 .debug_frame   0x00000000000022d4       0x44 c:/appz/st/stm32cubeide_1.2.0/stm32cubeide/plugins/com.st.stm32cube.ide.mcu.externaltools.gnu-tools-for-stm32.7-2018-q2-update.win32_1.0.0.201904181610/tools/bin/../lib/gcc/arm-none-eabi/7.3.1/../../../../arm-none-eabi/lib/thumb/v6-m\libc_nano.a(lib_a-puts.o)
 .debug_frame   0x0000000000002318       0x30 c:/appz/st/stm32cubeide_1.2.0/stm32cubeide/plugins/com.st.stm32cube.ide.mcu.externaltools.gnu-tools-for-stm32.7-2018-q2-update.win32_1.0.0.201904181610/tools/bin/../lib/gcc/arm-none-eabi/7.3.1/../../../../arm-none-eabi/lib/thumb/v6-m\libc_nano.a(lib_a-strcasecmp.o)
 .debug_frame   0x0000000000002348       0x30 c:/appz/st/stm32cubeide_1.2.0/stm32cubeide/plugins/com.st.stm32cube.ide.mcu.externaltools.gnu-tools-for-stm32.7-2018-q2-update.win32_1.0.0.201904181610/tools/bin/../lib/gcc/arm-none-eabi/7.3.1/../../../../arm-none-eabi/lib/thumb/v6-m\libc_nano.a(lib_a-strtok.o)
 .debug_frame   0x0000000000002378       0x48 c:/appz/st/stm32cubeide_1.2.0/stm32cubeide/plugins/com.st.stm32cube.ide.mcu.externaltools.gnu-tools-for-stm32.7-2018-q2-update.win32_1.0.0.201904181610/tools/bin/../lib/gcc/arm-none-eabi/7.3.1/../../../../arm-none-eabi/lib/thumb/v6-m\libc_nano.a(lib_a-strtok_r.o)
 .debug_frame   0x00000000000023c0       0x88 c:/appz/st/stm32cubeide_1.2.0/stm32cubeide/plugins/com.st.stm32cube.ide.mcu.externaltools.gnu-tools-for-stm32.7-2018-q2-update.win32_1.0.0.201904181610/tools/bin/../lib/gcc/arm-none-eabi/7.3.1/../../../../arm-none-eabi/lib/thumb/v6-m\libc_nano.a(lib_a-strtol.o)
 .debug_frame   0x0000000000002448       0x48 c:/appz/st/stm32cubeide_1.2.0/stm32cubeide/plugins/com.st.stm32cube.ide.mcu.externaltools.gnu-tools-for-stm32.7-2018-q2-update.win32_1.0.0.201904181610/tools/bin/../lib/gcc/arm-none-eabi/7.3.1/../../../../arm-none-eabi/lib/thumb/v6-m\libc_nano.a(lib_a-wbuf.o)
 .debug_frame   0x0000000000002490       0x2c c:/appz/st/stm32cubeide_1.2.0/stm32cubeide/plugins/com.st.stm32cube.ide.mcu.externaltools.gnu-tools-for-stm32.7-2018-q2-update.win32_1.0.0.201904181610/tools/bin/../lib/gcc/arm-none-eabi/7.3.1/../../../../arm-none-eabi/lib/thumb/v6-m\libc_nano.a(lib_a-wsetup.o)
 .debug_frame   0x00000000000024bc       0x68 c:/appz/st/stm32cubeide_1.2.0/stm32cubeide/plugins/com.st.stm32cube.ide.mcu.externaltools.gnu-tools-for-stm32.7-2018-q2-update.win32_1.0.0.201904181610/tools/bin/../lib/gcc/arm-none-eabi/7.3.1/../../../../arm-none-eabi/lib/thumb/v6-m\libc_nano.a(lib_a-fflush.o)
 .debug_frame   0x0000000000002524      0x140 c:/appz/st/stm32cubeide_1.2.0/stm32cubeide/plugins/com.st.stm32cube.ide.mcu.externaltools.gnu-tools-for-stm32.7-2018-q2-update.win32_1.0.0.201904181610/tools/bin/../lib/gcc/arm-none-eabi/7.3.1/../../../../arm-none-eabi/lib/thumb/v6-m\libc_nano.a(lib_a-findfp.o)
 .debug_frame   0x0000000000002664       0x58 c:/appz/st/stm32cubeide_1.2.0/stm32cubeide/plugins/com.st.stm32cube.ide.mcu.externaltools.gnu-tools-for-stm32.7-2018-q2-update.win32_1.0.0.201904181610/tools/bin/../lib/gcc/arm-none-eabi/7.3.1/../../../../arm-none-eabi/lib/thumb/v6-m\libc_nano.a(lib_a-fwalk.o)