main.c:92:5:_write	24	static
main.c:101:16:platform_write	48	static
main.c:106:16:platform_read	48	static
main.c:120:5:main	120	static
main.c:218:6:SystemClock_Config	96	static
main.c:262:13:MX_I2C1_Init	8	static
main.c:308:13:MX_USART2_UART_Init	8	static
main.c:343:13:MX_GPIO_Init	56	static
main.c:397:6:StartDefaultTask	16	static
main.c:415:6:StartVisualTask	24	static
main.c:451:6:StartAcceleroTask	40	static
main.c:513:6:HAL_TIM_PeriodElapsedCallback	16	static
main.c:530:6:Error_Handler	8	static
