Archive member included to satisfy reference by file (symbol)

/opt/st/stm32cubeide_1.2.0/plugins/com.st.stm32cube.ide.mcu.externaltools.gnu-tools-for-stm32.7-2018-q2-update.linux64_1.0.0.201904181610/tools/bin/../lib/gcc/arm-none-eabi/7.3.1/../../../../arm-none-eabi/lib/thumb/v6-m/libc_nano.a(lib_a-errno.o)
                              Core/Src/syscalls.o (__errno)
/opt/st/stm32cubeide_1.2.0/plugins/com.st.stm32cube.ide.mcu.externaltools.gnu-tools-for-stm32.7-2018-q2-update.linux64_1.0.0.201904181610/tools/bin/../lib/gcc/arm-none-eabi/7.3.1/../../../../arm-none-eabi/lib/thumb/v6-m/libc_nano.a(lib_a-exit.o)
                              /opt/st/stm32cubeide_1.2.0/plugins/com.st.stm32cube.ide.mcu.externaltools.gnu-tools-for-stm32.7-2018-q2-update.linux64_1.0.0.201904181610/tools/bin/../lib/gcc/arm-none-eabi/7.3.1/../../../../arm-none-eabi/lib/thumb/v6-m/crt0.o (exit)
/opt/st/stm32cubeide_1.2.0/plugins/com.st.stm32cube.ide.mcu.externaltools.gnu-tools-for-stm32.7-2018-q2-update.linux64_1.0.0.201904181610/tools/bin/../lib/gcc/arm-none-eabi/7.3.1/../../../../arm-none-eabi/lib/thumb/v6-m/libc_nano.a(lib_a-impure.o)
                              /opt/st/stm32cubeide_1.2.0/plugins/com.st.stm32cube.ide.mcu.externaltools.gnu-tools-for-stm32.7-2018-q2-update.linux64_1.0.0.201904181610/tools/bin/../lib/gcc/arm-none-eabi/7.3.1/../../../../arm-none-eabi/lib/thumb/v6-m/libc_nano.a(lib_a-exit.o) (_global_impure_ptr)
/opt/st/stm32cubeide_1.2.0/plugins/com.st.stm32cube.ide.mcu.externaltools.gnu-tools-for-stm32.7-2018-q2-update.linux64_1.0.0.201904181610/tools/bin/../lib/gcc/arm-none-eabi/7.3.1/../../../../arm-none-eabi/lib/thumb/v6-m/libc_nano.a(lib_a-init.o)
                              /opt/st/stm32cubeide_1.2.0/plugins/com.st.stm32cube.ide.mcu.externaltools.gnu-tools-for-stm32.7-2018-q2-update.linux64_1.0.0.201904181610/tools/bin/../lib/gcc/arm-none-eabi/7.3.1/../../../../arm-none-eabi/lib/thumb/v6-m/crt0.o (__libc_init_array)
/opt/st/stm32cubeide_1.2.0/plugins/com.st.stm32cube.ide.mcu.externaltools.gnu-tools-for-stm32.7-2018-q2-update.linux64_1.0.0.201904181610/tools/bin/../lib/gcc/arm-none-eabi/7.3.1/../../../../arm-none-eabi/lib/thumb/v6-m/libc_nano.a(lib_a-memcpy-stub.o)
                              Middlewares/FreeRTOS/queue.o (memcpy)
/opt/st/stm32cubeide_1.2.0/plugins/com.st.stm32cube.ide.mcu.externaltools.gnu-tools-for-stm32.7-2018-q2-update.linux64_1.0.0.201904181610/tools/bin/../lib/gcc/arm-none-eabi/7.3.1/../../../../arm-none-eabi/lib/thumb/v6-m/libc_nano.a(lib_a-memset.o)
                              /opt/st/stm32cubeide_1.2.0/plugins/com.st.stm32cube.ide.mcu.externaltools.gnu-tools-for-stm32.7-2018-q2-update.linux64_1.0.0.201904181610/tools/bin/../lib/gcc/arm-none-eabi/7.3.1/../../../../arm-none-eabi/lib/thumb/v6-m/crt0.o (memset)
/opt/st/stm32cubeide_1.2.0/plugins/com.st.stm32cube.ide.mcu.externaltools.gnu-tools-for-stm32.7-2018-q2-update.linux64_1.0.0.201904181610/tools/bin/../lib/gcc/arm-none-eabi/7.3.1/thumb/v6-m/libgcc.a(_udivsi3.o)
                              Core/Src/stm32f0xx_hal_timebase_tim.o (__aeabi_uidiv)
/opt/st/stm32cubeide_1.2.0/plugins/com.st.stm32cube.ide.mcu.externaltools.gnu-tools-for-stm32.7-2018-q2-update.linux64_1.0.0.201904181610/tools/bin/../lib/gcc/arm-none-eabi/7.3.1/thumb/v6-m/libgcc.a(_dvmd_tls.o)
                              /opt/st/stm32cubeide_1.2.0/plugins/com.st.stm32cube.ide.mcu.externaltools.gnu-tools-for-stm32.7-2018-q2-update.linux64_1.0.0.201904181610/tools/bin/../lib/gcc/arm-none-eabi/7.3.1/thumb/v6-m/libgcc.a(_udivsi3.o) (__aeabi_idiv0)

Allocating common symbols
Common symbol       size              file

defaultTaskHandle   0x4               Core/Src/main.o
AcceleroTaskHandle  0x4               Core/Src/main.o
uwTick              0x4               Drivers/STM32F0xx_HAL_Driver/stm32f0xx_hal.o
xQueueRegistry      0x40              Middlewares/FreeRTOS/queue.o
pFlash              0x20              Drivers/STM32F0xx_HAL_Driver/stm32f0xx_hal_flash.o
VisualTaskHandle    0x4               Core/Src/main.o
htim1               0x40              Core/Src/stm32f0xx_hal_timebase_tim.o
xVisualQueueHandle  0x4               Core/Src/main.o
huart2              0x80              Core/Src/main.o

Discarded input sections

 .text          0x0000000000000000        0x0 /opt/st/stm32cubeide_1.2.0/plugins/com.st.stm32cube.ide.mcu.externaltools.gnu-tools-for-stm32.7-2018-q2-update.linux64_1.0.0.201904181610/tools/bin/../lib/gcc/arm-none-eabi/7.3.1/thumb/v6-m/crti.o
 .data          0x0000000000000000        0x0 /opt/st/stm32cubeide_1.2.0/plugins/com.st.stm32cube.ide.mcu.externaltools.gnu-tools-for-stm32.7-2018-q2-update.linux64_1.0.0.201904181610/tools/bin/../lib/gcc/arm-none-eabi/7.3.1/thumb/v6-m/crti.o
 .bss           0x0000000000000000        0x0 /opt/st/stm32cubeide_1.2.0/plugins/com.st.stm32cube.ide.mcu.externaltools.gnu-tools-for-stm32.7-2018-q2-update.linux64_1.0.0.201904181610/tools/bin/../lib/gcc/arm-none-eabi/7.3.1/thumb/v6-m/crti.o
[...]
Memory Configuration

Name             Origin             Length             Attributes
RAM              0x0000000020000000 0x0000000000002000 xrw
FLASH            0x0000000008000000 0x0000000000010000 xr
*default*        0x0000000000000000 0xffffffffffffffff

Linker script and memory map

LOAD /opt/st/stm32cubeide_1.2.0/plugins/com.st.stm32cube.ide.mcu.externaltools.gnu-tools-for-stm32.7-2018-q2-update.linux64_1.0.0.201904181610/tools/bin/../lib/gcc/arm-none-eabi/7.3.1/thumb/v6-m/crti.o
LOAD /opt/st/stm32cubeide_1.2.0/plugins/com.st.stm32cube.ide.mcu.externaltools.gnu-tools-for-stm32.7-2018-q2-update.linux64_1.0.0.201904181610/tools/bin/../lib/gcc/arm-none-eabi/7.3.1/thumb/v6-m/crtbegin.o
LOAD /opt/st/stm32cubeide_1.2.0/plugins/com.st.stm32cube.ide.mcu.externaltools.gnu-tools-for-stm32.7-2018-q2-update.linux64_1.0.0.201904181610/tools/bin/../lib/gcc/arm-none-eabi/7.3.1/../../../../arm-none-eabi/lib/thumb/v6-m/crt0.o
LOAD Core/Src/freertos.o
LOAD Core/Src/main.o
LOAD Core/Src/stm32f0xx_hal_msp.o
LOAD Core/Src/stm32f0xx_hal_timebase_tim.o
LOAD Core/Src/stm32f0xx_it.o
LOAD Core/Src/syscalls.o
LOAD Core/Src/sysmem.o
LOAD Core/Src/system_stm32f0xx.o
LOAD Core/Startup/startup_stm32f030r8tx.o
LOAD Drivers/STM32F0xx_HAL_Driver/stm32f0xx_hal.o
LOAD Drivers/STM32F0xx_HAL_Driver/stm32f0xx_hal_cortex.o
LOAD Drivers/STM32F0xx_HAL_Driver/stm32f0xx_hal_dma.o
LOAD Drivers/STM32F0xx_HAL_Driver/stm32f0xx_hal_exti.o
LOAD Drivers/STM32F0xx_HAL_Driver/stm32f0xx_hal_flash.o
LOAD Drivers/STM32F0xx_HAL_Driver/stm32f0xx_hal_flash_ex.o
LOAD Drivers/STM32F0xx_HAL_Driver/stm32f0xx_hal_gpio.o
LOAD Drivers/STM32F0xx_HAL_Driver/stm32f0xx_hal_i2c.o
LOAD Drivers/STM32F0xx_HAL_Driver/stm32f0xx_hal_i2c_ex.o
LOAD Drivers/STM32F0xx_HAL_Driver/stm32f0xx_hal_pwr.o
LOAD Drivers/STM32F0xx_HAL_Driver/stm32f0xx_hal_pwr_ex.o
LOAD Drivers/STM32F0xx_HAL_Driver/stm32f0xx_hal_rcc.o
LOAD Drivers/STM32F0xx_HAL_Driver/stm32f0xx_hal_rcc_ex.o
LOAD Drivers/STM32F0xx_HAL_Driver/stm32f0xx_hal_tim.o
LOAD Drivers/STM32F0xx_HAL_Driver/stm32f0xx_hal_tim_ex.o
LOAD Drivers/STM32F0xx_HAL_Driver/stm32f0xx_hal_uart.o
LOAD Drivers/STM32F0xx_HAL_Driver/stm32f0xx_hal_uart_ex.o
LOAD Middlewares/FreeRTOS/cmsis_os.o
LOAD Middlewares/FreeRTOS/croutine.o
LOAD Middlewares/FreeRTOS/event_groups.o
LOAD Middlewares/FreeRTOS/heap_4.o
LOAD Middlewares/FreeRTOS/list.o
LOAD Middlewares/FreeRTOS/port.o
LOAD Middlewares/FreeRTOS/queue.o
LOAD Middlewares/FreeRTOS/stream_buffer.o
LOAD Middlewares/FreeRTOS/tasks.o
LOAD Middlewares/FreeRTOS/timers.o
START GROUP
LOAD /opt/st/stm32cubeide_1.2.0/plugins/com.st.stm32cube.ide.mcu.externaltools.gnu-tools-for-stm32.7-2018-q2-update.linux64_1.0.0.201904181610/tools/bin/../lib/gcc/arm-none-eabi/7.3.1/../../../../arm-none-eabi/lib/thumb/v6-m/libc_nano.a
LOAD /opt/st/stm32cubeide_1.2.0/plugins/com.st.stm32cube.ide.mcu.externaltools.gnu-tools-for-stm32.7-2018-q2-update.linux64_1.0.0.201904181610/tools/bin/../lib/gcc/arm-none-eabi/7.3.1/../../../../arm-none-eabi/lib/thumb/v6-m/libm.a
END GROUP
START GROUP
LOAD /opt/st/stm32cubeide_1.2.0/plugins/com.st.stm32cube.ide.mcu.externaltools.gnu-tools-for-stm32.7-2018-q2-update.linux64_1.0.0.201904181610/tools/bin/../lib/gcc/arm-none-eabi/7.3.1/thumb/v6-m/libgcc.a
LOAD /opt/st/stm32cubeide_1.2.0/plugins/com.st.stm32cube.ide.mcu.externaltools.gnu-tools-for-stm32.7-2018-q2-update.linux64_1.0.0.201904181610/tools/bin/../lib/gcc/arm-none-eabi/7.3.1/../../../../arm-none-eabi/lib/thumb/v6-m/libc_nano.a
END GROUP
START GROUP
LOAD /opt/st/stm32cubeide_1.2.0/plugins/com.st.stm32cube.ide.mcu.externaltools.gnu-tools-for-stm32.7-2018-q2-update.linux64_1.0.0.201904181610/tools/bin/../lib/gcc/arm-none-eabi/7.3.1/thumb/v6-m/libgcc.a
LOAD /opt/st/stm32cubeide_1.2.0/plugins/com.st.stm32cube.ide.mcu.externaltools.gnu-tools-for-stm32.7-2018-q2-update.linux64_1.0.0.201904181610/tools/bin/../lib/gcc/arm-none-eabi/7.3.1/../../../../arm-none-eabi/lib/thumb/v6-m/libc_nano.a
LOAD /opt/st/stm32cubeide_1.2.0/plugins/com.st.stm32cube.ide.mcu.externaltools.gnu-tools-for-stm32.7-2018-q2-update.linux64_1.0.0.201904181610/tools/bin/../lib/gcc/arm-none-eabi/7.3.1/../../../../arm-none-eabi/lib/thumb/v6-m/libnosys.a
END GROUP
START GROUP
LOAD /opt/st/stm32cubeide_1.2.0/plugins/com.st.stm32cube.ide.mcu.externaltools.gnu-tools-for-stm32.7-2018-q2-update.linux64_1.0.0.201904181610/tools/bin/../lib/gcc/arm-none-eabi/7.3.1/thumb/v6-m/libgcc.a
LOAD /opt/st/stm32cubeide_1.2.0/plugins/com.st.stm32cube.ide.mcu.externaltools.gnu-tools-for-stm32.7-2018-q2-update.linux64_1.0.0.201904181610/tools/bin/../lib/gcc/arm-none-eabi/7.3.1/../../../../arm-none-eabi/lib/thumb/v6-m/libc_nano.a
LOAD /opt/st/stm32cubeide_1.2.0/plugins/com.st.stm32cube.ide.mcu.externaltools.gnu-tools-for-stm32.7-2018-q2-update.linux64_1.0.0.201904181610/tools/bin/../lib/gcc/arm-none-eabi/7.3.1/../../../../arm-none-eabi/lib/thumb/v6-m/libnosys.a
END GROUP
LOAD /opt/st/stm32cubeide_1.2.0/plugins/com.st.stm32cube.ide.mcu.externaltools.gnu-tools-for-stm32.7-2018-q2-update.linux64_1.0.0.201904181610/tools/bin/../lib/gcc/arm-none-eabi/7.3.1/thumb/v6-m/crtend.o
LOAD /opt/st/stm32cubeide_1.2.0/plugins/com.st.stm32cube.ide.mcu.externaltools.gnu-tools-for-stm32.7-2018-q2-update.linux64_1.0.0.201904181610/tools/bin/../lib/gcc/arm-none-eabi/7.3.1/thumb/v6-m/crtn.o
                0x0000000020002000                _estack = (ORIGIN (RAM) + LENGTH (RAM))
                0x0000000000000200                _Min_Heap_Size = 0x200
                0x0000000000000400                _Min_Stack_Size = 0x400

.isr_vector     0x0000000008000000       0xc0
                0x0000000008000000                . = ALIGN (0x4)
 *(.isr_vector)
 .isr_vector    0x0000000008000000       0xc0 Core/Startup/startup_stm32f030r8tx.o
                0x0000000008000000                g_pfnVectors
                0x00000000080000c0                . = ALIGN (0x4)

.text           0x00000000080000c0     0x3c80
                0x00000000080000c0                . = ALIGN (0x4)
 *(.text)
 .text          0x00000000080000c0       0x48 /opt/st/stm32cubeide_1.2.0/plugins/com.st.stm32cube.ide.mcu.externaltools.gnu-tools-for-stm32.7-2018-q2-update.linux64_1.0.0.201904181610/tools/bin/../lib/gcc/arm-none-eabi/7.3.1/thumb/v6-m/crtbegin.o
 .text          0x0000000008000108      0x114 /opt/st/stm32cubeide_1.2.0/plugins/com.st.stm32cube.ide.mcu.externaltools.gnu-tools-for-stm32.7-2018-q2-update.linux64_1.0.0.201904181610/tools/bin/../lib/gcc/arm-none-eabi/7.3.1/thumb/v6-m/libgcc.a(_udivsi3.o)
                0x0000000008000108                __udivsi3
                0x0000000008000108                __aeabi_uidiv
                0x0000000008000214                __aeabi_uidivmod
 .text          0x000000000800021c        0x4 /opt/st/stm32cubeide_1.2.0/plugins/com.st.stm32cube.ide.mcu.externaltools.gnu-tools-for-stm32.7-2018-q2-update.linux64_1.0.0.201904181610/tools/bin/../lib/gcc/arm-none-eabi/7.3.1/thumb/v6-m/libgcc.a(_dvmd_tls.o)
                0x000000000800021c                __aeabi_ldiv0
                0x000000000800021c                __aeabi_idiv0
 *(.text*)
 .text.vApplicationGetIdleTaskMemory
                0x0000000008000220       0x30 Core/Src/freertos.o
                0x0000000008000220                vApplicationGetIdleTaskMemory
 .text.main     0x0000000008000250       0xc0 Core/Src/main.o
                0x0000000008000250                main
 .text.SystemClock_Config
                0x0000000008000310       0x94 Core/Src/main.o
                0x0000000008000310                SystemClock_Config
 .text.MX_USART2_UART_Init
                0x00000000080003a4       0x60 Core/Src/main.o
 .text.MX_GPIO_Init
                0x0000000008000404      0x124 Core/Src/main.o
 .text.StartDefaultTask
                0x0000000008000528       0x10 Core/Src/main.o
                0x0000000008000528                StartDefaultTask
 .text.StartVisualTask
                0x0000000008000538       0x7c Core/Src/main.o
                0x0000000008000538                StartVisualTask
 .text.StartAcceleroTask
                0x00000000080005b4       0x64 Core/Src/main.o
                0x00000000080005b4                StartAcceleroTask
 .text.HAL_TIM_PeriodElapsedCallback
                0x0000000008000618       0x24 Core/Src/main.o
                0x0000000008000618                HAL_TIM_PeriodElapsedCallback
 .text.Error_Handler
                0x000000000800063c        0xa Core/Src/main.o
                0x000000000800063c                Error_Handler
 *fill*         0x0000000008000646        0x2 
 .text.HAL_MspInit
                0x0000000008000648       0x54 Core/Src/stm32f0xx_hal_msp.o
                0x0000000008000648                HAL_MspInit
 .text.HAL_UART_MspInit
                0x000000000800069c       0x98 Core/Src/stm32f0xx_hal_msp.o
                0x000000000800069c                HAL_UART_MspInit
 .text.HAL_InitTick
                0x0000000008000734       0xbc Core/Src/stm32f0xx_hal_timebase_tim.o
                0x0000000008000734                HAL_InitTick
 .text.NMI_Handler
                0x00000000080007f0        0xa Core/Src/stm32f0xx_it.o
                0x00000000080007f0                NMI_Handler
 .text.HardFault_Handler
                0x00000000080007fa        0x6 Core/Src/stm32f0xx_it.o
                0x00000000080007fa                HardFault_Handler
 .text.TIM1_BRK_UP_TRG_COM_IRQHandler
                0x0000000008000800       0x18 Core/Src/stm32f0xx_it.o
                0x0000000008000800                TIM1_BRK_UP_TRG_COM_IRQHandler
 .text.SystemInit
                0x0000000008000818        0xa Core/Src/system_stm32f0xx.o
                0x0000000008000818                SystemInit
 *fill*         0x0000000008000822        0x2 
 .text.Reset_Handler
                0x0000000008000824       0x50 Core/Startup/startup_stm32f030r8tx.o
                0x0000000008000824                Reset_Handler
 .text.Default_Handler
                0x0000000008000874        0x2 Core/Startup/startup_stm32f030r8tx.o
                0x0000000008000874                TIM1_CC_IRQHandler
                0x0000000008000874                TIM6_IRQHandler
                0x0000000008000874                I2C1_IRQHandler
                0x0000000008000874                SPI1_IRQHandler
                0x0000000008000874                EXTI2_3_IRQHandler
                0x0000000008000874                ADC1_IRQHandler
                0x0000000008000874                I2C2_IRQHandler
                0x0000000008000874                TIM17_IRQHandler
                0x0000000008000874                RTC_IRQHandler
                0x0000000008000874                TIM16_IRQHandler
                0x0000000008000874                TIM3_IRQHandler
                0x0000000008000874                EXTI4_15_IRQHandler
                0x0000000008000874                RCC_IRQHandler
                0x0000000008000874                DMA1_Channel1_IRQHandler
                0x0000000008000874                Default_Handler
                0x0000000008000874                TIM14_IRQHandler
                0x0000000008000874                DMA1_Channel4_5_IRQHandler
                0x0000000008000874                TIM15_IRQHandler
                0x0000000008000874                EXTI0_1_IRQHandler
                0x0000000008000874                SPI2_IRQHandler
                0x0000000008000874                WWDG_IRQHandler
                0x0000000008000874                DMA1_Channel2_3_IRQHandler
                0x0000000008000874                USART2_IRQHandler
                0x0000000008000874                FLASH_IRQHandler
                0x0000000008000874                USART1_IRQHandler
 *fill*         0x0000000008000876        0x2 
 .text.HAL_Init
                0x0000000008000878       0x28 Drivers/STM32F0xx_HAL_Driver/stm32f0xx_hal.o
                0x0000000008000878                HAL_Init
 .text.HAL_IncTick
                0x00000000080008a0       0x24 Drivers/STM32F0xx_HAL_Driver/stm32f0xx_hal.o
                0x00000000080008a0                HAL_IncTick
 .text.HAL_GetTick
                0x00000000080008c4       0x14 Drivers/STM32F0xx_HAL_Driver/stm32f0xx_hal.o
                0x00000000080008c4                HAL_GetTick
 .text.__NVIC_EnableIRQ
                0x00000000080008d8       0x34 Drivers/STM32F0xx_HAL_Driver/stm32f0xx_hal_cortex.o
 .text.__NVIC_SetPriority
                0x000000000800090c       0xdc Drivers/STM32F0xx_HAL_Driver/stm32f0xx_hal_cortex.o
 .text.HAL_NVIC_SetPriority
                0x00000000080009e8       0x2a Drivers/STM32F0xx_HAL_Driver/stm32f0xx_hal_cortex.o
                0x00000000080009e8                HAL_NVIC_SetPriority
 .text.HAL_NVIC_EnableIRQ
                0x0000000008000a12       0x20 Drivers/STM32F0xx_HAL_Driver/stm32f0xx_hal_cortex.o
                0x0000000008000a12                HAL_NVIC_EnableIRQ
 *fill*         0x0000000008000a32        0x2 
 .text.HAL_GPIO_Init
                0x0000000008000a34      0x2e0 Drivers/STM32F0xx_HAL_Driver/stm32f0xx_hal_gpio.o
                0x0000000008000a34                HAL_GPIO_Init
 .text.HAL_GPIO_WritePin
                0x0000000008000d14       0x3a Drivers/STM32F0xx_HAL_Driver/stm32f0xx_hal_gpio.o
                0x0000000008000d14                HAL_GPIO_WritePin
 *fill*         0x0000000008000d4e        0x2 
 .text.HAL_RCC_OscConfig
                0x0000000008000d50      0x638 Drivers/STM32F0xx_HAL_Driver/stm32f0xx_hal_rcc.o
                0x0000000008000d50                HAL_RCC_OscConfig
 .text.HAL_RCC_ClockConfig
                0x0000000008001388      0x19c Drivers/STM32F0xx_HAL_Driver/stm32f0xx_hal_rcc.o
                0x0000000008001388                HAL_RCC_ClockConfig
 .text.HAL_RCC_GetSysClockFreq
                0x0000000008001524       0xc8 Drivers/STM32F0xx_HAL_Driver/stm32f0xx_hal_rcc.o
                0x0000000008001524                HAL_RCC_GetSysClockFreq
 .text.HAL_RCC_GetHCLKFreq
                0x00000000080015ec       0x14 Drivers/STM32F0xx_HAL_Driver/stm32f0xx_hal_rcc.o
                0x00000000080015ec                HAL_RCC_GetHCLKFreq
 .text.HAL_RCC_GetPCLK1Freq
                0x0000000008001600       0x2c Drivers/STM32F0xx_HAL_Driver/stm32f0xx_hal_rcc.o
                0x0000000008001600                HAL_RCC_GetPCLK1Freq
 .text.HAL_RCC_GetClockConfig
                0x000000000800162c       0x54 Drivers/STM32F0xx_HAL_Driver/stm32f0xx_hal_rcc.o
                0x000000000800162c                HAL_RCC_GetClockConfig
 .text.HAL_TIM_Base_Init
                0x0000000008001680       0x58 Drivers/STM32F0xx_HAL_Driver/stm32f0xx_hal_tim.o
                0x0000000008001680                HAL_TIM_Base_Init
 .text.HAL_TIM_Base_MspInit
                0x00000000080016d8       0x10 Drivers/STM32F0xx_HAL_Driver/stm32f0xx_hal_tim.o
                0x00000000080016d8                HAL_TIM_Base_MspInit
 .text.HAL_TIM_Base_Start_IT
                0x00000000080016e8       0x44 Drivers/STM32F0xx_HAL_Driver/stm32f0xx_hal_tim.o
                0x00000000080016e8                HAL_TIM_Base_Start_IT
 .text.HAL_TIM_IRQHandler
                0x000000000800172c      0x22c Drivers/STM32F0xx_HAL_Driver/stm32f0xx_hal_tim.o
                0x000000000800172c                HAL_TIM_IRQHandler
 .text.HAL_TIM_OC_DelayElapsedCallback
                0x0000000008001958       0x10 Drivers/STM32F0xx_HAL_Driver/stm32f0xx_hal_tim.o
                0x0000000008001958                HAL_TIM_OC_DelayElapsedCallback
 .text.HAL_TIM_IC_CaptureCallback
                0x0000000008001968       0x10 Drivers/STM32F0xx_HAL_Driver/stm32f0xx_hal_tim.o
                0x0000000008001968                HAL_TIM_IC_CaptureCallback
 .text.HAL_TIM_PWM_PulseFinishedCallback
                0x0000000008001978       0x10 Drivers/STM32F0xx_HAL_Driver/stm32f0xx_hal_tim.o
                0x0000000008001978                HAL_TIM_PWM_PulseFinishedCallback
 .text.HAL_TIM_TriggerCallback
                0x0000000008001988       0x10 Drivers/STM32F0xx_HAL_Driver/stm32f0xx_hal_tim.o
                0x0000000008001988                HAL_TIM_TriggerCallback
 .text.TIM_Base_SetConfig
                0x0000000008001998       0xec Drivers/STM32F0xx_HAL_Driver/stm32f0xx_hal_tim.o
                0x0000000008001998                TIM_Base_SetConfig
 .text.HAL_TIMEx_CommutCallback
                0x0000000008001a84       0x10 Drivers/STM32F0xx_HAL_Driver/stm32f0xx_hal_tim_ex.o
                0x0000000008001a84                HAL_TIMEx_CommutCallback
 .text.HAL_TIMEx_BreakCallback
                0x0000000008001a94       0x10 Drivers/STM32F0xx_HAL_Driver/stm32f0xx_hal_tim_ex.o
                0x0000000008001a94                HAL_TIMEx_BreakCallback
 .text.HAL_UART_Init
                0x0000000008001aa4       0xa8 Drivers/STM32F0xx_HAL_Driver/stm32f0xx_hal_uart.o
                0x0000000008001aa4                HAL_UART_Init
 .text.UART_SetConfig
                0x0000000008001b4c      0x30c Drivers/STM32F0xx_HAL_Driver/stm32f0xx_hal_uart.o
                0x0000000008001b4c                UART_SetConfig
 .text.UART_AdvFeatureConfig
                0x0000000008001e58      0x168 Drivers/STM32F0xx_HAL_Driver/stm32f0xx_hal_uart.o
                0x0000000008001e58                UART_AdvFeatureConfig
 .text.UART_CheckIdleState
                0x0000000008001fc0       0x8c Drivers/STM32F0xx_HAL_Driver/stm32f0xx_hal_uart.o
                0x0000000008001fc0                UART_CheckIdleState
 .text.UART_WaitOnFlagUntilTimeout
                0x000000000800204c       0xfc Drivers/STM32F0xx_HAL_Driver/stm32f0xx_hal_uart.o
                0x000000000800204c                UART_WaitOnFlagUntilTimeout
 .text.makeFreeRtosPriority
                0x0000000008002148       0x32 Middlewares/FreeRTOS/cmsis_os.o
 .text.osKernelStart
                0x000000000800217a       0x10 Middlewares/FreeRTOS/cmsis_os.o
                0x000000000800217a                osKernelStart
 .text.osThreadCreate
                0x000000000800218a       0x9a Middlewares/FreeRTOS/cmsis_os.o
                0x000000000800218a                osThreadCreate
 .text.osDelay  0x0000000008002224       0x28 Middlewares/FreeRTOS/cmsis_os.o
                0x0000000008002224                osDelay
 .text.osMessageCreate
                0x000000000800224c       0x52 Middlewares/FreeRTOS/cmsis_os.o
                0x000000000800224c                osMessageCreate
 *fill*         0x000000000800229e        0x2 
 .text.pvPortMalloc
                0x00000000080022a0      0x14c Middlewares/FreeRTOS/heap_4.o
                0x00000000080022a0                pvPortMalloc
 .text.vPortFree
                0x00000000080023ec       0x90 Middlewares/FreeRTOS/heap_4.o
                0x00000000080023ec                vPortFree
 .text.prvHeapInit
                0x000000000800247c       0xc0 Middlewares/FreeRTOS/heap_4.o
 .text.prvInsertBlockIntoFreeList
                0x000000000800253c       0xb0 Middlewares/FreeRTOS/heap_4.o
 .text.vListInitialise
                0x00000000080025ec       0x3c Middlewares/FreeRTOS/list.o
                0x00000000080025ec                vListInitialise
 .text.vListInitialiseItem
                0x0000000008002628       0x16 Middlewares/FreeRTOS/list.o
                0x0000000008002628                vListInitialiseItem
 .text.vListInsertEnd
                0x000000000800263e       0x44 Middlewares/FreeRTOS/list.o
                0x000000000800263e                vListInsertEnd
 .text.vListInsert
                0x0000000008002682       0x6c Middlewares/FreeRTOS/list.o
                0x0000000008002682                vListInsert
 .text.uxListRemove
                0x00000000080026ee       0x50 Middlewares/FreeRTOS/list.o
                0x00000000080026ee                uxListRemove
 *fill*         0x000000000800273e        0x2 
 .text.pxPortInitialiseStack
                0x0000000008002740       0x54 Middlewares/FreeRTOS/port.o
                0x0000000008002740                pxPortInitialiseStack
 .text.prvTaskExitError
                0x0000000008002794       0x2c Middlewares/FreeRTOS/port.o
 .text.SVC_Handler
                0x00000000080027c0        0xa Middlewares/FreeRTOS/port.o
                0x00000000080027c0                SVC_Handler
 *fill*         0x00000000080027ca        0x6 
 .text.vPortStartFirstTask
                0x00000000080027d0       0x38 Middlewares/FreeRTOS/port.o
 .text.xPortStartScheduler
                0x0000000008002808       0x48 Middlewares/FreeRTOS/port.o
                0x0000000008002808                xPortStartScheduler
 .text.vPortYield
                0x0000000008002850       0x20 Middlewares/FreeRTOS/port.o
                0x0000000008002850                vPortYield
 .text.vPortEnterCritical
                0x0000000008002870       0x24 Middlewares/FreeRTOS/port.o
                0x0000000008002870                vPortEnterCritical
 .text.vPortExitCritical
                0x0000000008002894       0x30 Middlewares/FreeRTOS/port.o
                0x0000000008002894                vPortExitCritical
 .text.ulSetInterruptMaskFromISR
                0x00000000080028c4        0xc Middlewares/FreeRTOS/port.o
                0x00000000080028c4                ulSetInterruptMaskFromISR
 .text.vClearInterruptMaskFromISR
                0x00000000080028d0        0x8 Middlewares/FreeRTOS/port.o
                0x00000000080028d0                vClearInterruptMaskFromISR
 *fill*         0x00000000080028d8        0x8 
 .text.PendSV_Handler
                0x00000000080028e0       0x48 Middlewares/FreeRTOS/port.o
                0x00000000080028e0                PendSV_Handler
 .text.SysTick_Handler
                0x0000000008002928       0x34 Middlewares/FreeRTOS/port.o
                0x0000000008002928                SysTick_Handler
 .text.prvSetupTimerInterrupt
                0x000000000800295c       0x44 Middlewares/FreeRTOS/port.o
 .text.xQueueGenericReset
                0x00000000080029a0       0xa8 Middlewares/FreeRTOS/queue.o
                0x00000000080029a0                xQueueGenericReset
 .text.xQueueGenericCreateStatic
                0x0000000008002a48       0x96 Middlewares/FreeRTOS/queue.o
                0x0000000008002a48                xQueueGenericCreateStatic
 .text.xQueueGenericCreate
                0x0000000008002ade       0x6c Middlewares/FreeRTOS/queue.o
                0x0000000008002ade                xQueueGenericCreate
 .text.prvInitialiseNewQueue
                0x0000000008002b4a       0x44 Middlewares/FreeRTOS/queue.o
 .text.xQueueGenericSend
                0x0000000008002b8e      0x188 Middlewares/FreeRTOS/queue.o
                0x0000000008002b8e                xQueueGenericSend
 .text.xQueueReceive
                0x0000000008002d16      0x16a Middlewares/FreeRTOS/queue.o
                0x0000000008002d16                xQueueReceive
 .text.prvCopyDataToQueue
                0x0000000008002e80       0xd6 Middlewares/FreeRTOS/queue.o
 .text.prvCopyDataFromQueue
                0x0000000008002f56       0x4c Middlewares/FreeRTOS/queue.o
 .text.prvUnlockQueue
                0x0000000008002fa2       0xbc Middlewares/FreeRTOS/queue.o
 .text.prvIsQueueEmpty
                0x000000000800305e       0x2c Middlewares/FreeRTOS/queue.o
 .text.prvIsQueueFull
                0x000000000800308a       0x30 Middlewares/FreeRTOS/queue.o
 .text.xTaskCreateStatic
                0x00000000080030ba       0x86 Middlewares/FreeRTOS/tasks.o
                0x00000000080030ba                xTaskCreateStatic
 .text.xTaskCreate
                0x0000000008003140       0x98 Middlewares/FreeRTOS/tasks.o
                0x0000000008003140                xTaskCreate
 .text.prvInitialiseNewTask
                0x00000000080031d8       0xf4 Middlewares/FreeRTOS/tasks.o
 .text.prvAddNewTaskToReadyList
                0x00000000080032cc       0xc8 Middlewares/FreeRTOS/tasks.o
 .text.vTaskDelay
                0x0000000008003394       0x4c Middlewares/FreeRTOS/tasks.o
                0x0000000008003394                vTaskDelay
 .text.vTaskStartScheduler
                0x00000000080033e0       0x9c Middlewares/FreeRTOS/tasks.o
                0x00000000080033e0                vTaskStartScheduler
 .text.vTaskSuspendAll
                0x000000000800347c       0x18 Middlewares/FreeRTOS/tasks.o
                0x000000000800347c                vTaskSuspendAll
 .text.xTaskResumeAll
                0x0000000008003494      0x118 Middlewares/FreeRTOS/tasks.o
                0x0000000008003494                xTaskResumeAll
 .text.xTaskIncrementTick
                0x00000000080035ac      0x168 Middlewares/FreeRTOS/tasks.o
                0x00000000080035ac                xTaskIncrementTick
 .text.vTaskSwitchContext
                0x0000000008003714       0xa4 Middlewares/FreeRTOS/tasks.o
                0x0000000008003714                vTaskSwitchContext
 .text.vTaskPlaceOnEventList
                0x00000000080037b8       0x3c Middlewares/FreeRTOS/tasks.o
                0x00000000080037b8                vTaskPlaceOnEventList
 .text.xTaskRemoveFromEventList
                0x00000000080037f4       0xb8 Middlewares/FreeRTOS/tasks.o
                0x00000000080037f4                xTaskRemoveFromEventList
 .text.vTaskInternalSetTimeOutState
                0x00000000080038ac       0x28 Middlewares/FreeRTOS/tasks.o
                0x00000000080038ac                vTaskInternalSetTimeOutState
 .text.xTaskCheckForTimeOut
                0x00000000080038d4       0xa0 Middlewares/FreeRTOS/tasks.o
                0x00000000080038d4                xTaskCheckForTimeOut
 .text.vTaskMissedYield
                0x0000000008003974       0x14 Middlewares/FreeRTOS/tasks.o
                0x0000000008003974                vTaskMissedYield
 .text.prvIdleTask
                0x0000000008003988       0x20 Middlewares/FreeRTOS/tasks.o
 .text.prvInitialiseTaskLists
                0x00000000080039a8       0x88 Middlewares/FreeRTOS/tasks.o
 .text.prvCheckTasksWaitingTermination
                0x0000000008003a30       0x5c Middlewares/FreeRTOS/tasks.o
 .text.prvDeleteTCB
                0x0000000008003a8c       0x50 Middlewares/FreeRTOS/tasks.o
 .text.prvResetNextTaskUnblockTime
                0x0000000008003adc       0x48 Middlewares/FreeRTOS/tasks.o
 .text.xTaskGetSchedulerState
                0x0000000008003b24       0x38 Middlewares/FreeRTOS/tasks.o
                0x0000000008003b24                xTaskGetSchedulerState
 .text.xTaskPriorityDisinherit
                0x0000000008003b5c       0xb8 Middlewares/FreeRTOS/tasks.o
                0x0000000008003b5c                xTaskPriorityDisinherit
 .text.prvAddCurrentTaskToDelayedList
                0x0000000008003c14       0xa8 Middlewares/FreeRTOS/tasks.o
 .text.__libc_init_array
                0x0000000008003cbc       0x48 /opt/st/stm32cubeide_1.2.0/plugins/com.st.stm32cube.ide.mcu.externaltools.gnu-tools-for-stm32.7-2018-q2-update.linux64_1.0.0.201904181610/tools/bin/../lib/gcc/arm-none-eabi/7.3.1/../../../../arm-none-eabi/lib/thumb/v6-m/libc_nano.a(lib_a-init.o)
                0x0000000008003cbc                __libc_init_array
 .text.memcpy   0x0000000008003d04       0x12 /opt/st/stm32cubeide_1.2.0/plugins/com.st.stm32cube.ide.mcu.externaltools.gnu-tools-for-stm32.7-2018-q2-update.linux64_1.0.0.201904181610/tools/bin/../lib/gcc/arm-none-eabi/7.3.1/../../../../arm-none-eabi/lib/thumb/v6-m/libc_nano.a(lib_a-memcpy-stub.o)
                0x0000000008003d04                memcpy
 .text.memset   0x0000000008003d16       0x10 /opt/st/stm32cubeide_1.2.0/plugins/com.st.stm32cube.ide.mcu.externaltools.gnu-tools-for-stm32.7-2018-q2-update.linux64_1.0.0.201904181610/tools/bin/../lib/gcc/arm-none-eabi/7.3.1/../../../../arm-none-eabi/lib/thumb/v6-m/libc_nano.a(lib_a-memset.o)
                0x0000000008003d16                memset
 *(.glue_7)
 .glue_7        0x0000000008003d26        0x0 linker stubs
 *(.glue_7t)
 .glue_7t       0x0000000008003d26        0x0 linker stubs
 *(.eh_frame)
 *fill*         0x0000000008003d26        0x2 
 .eh_frame      0x0000000008003d28        0x0 /opt/st/stm32cubeide_1.2.0/plugins/com.st.stm32cube.ide.mcu.externaltools.gnu-tools-for-stm32.7-2018-q2-update.linux64_1.0.0.201904181610/tools/bin/../lib/gcc/arm-none-eabi/7.3.1/thumb/v6-m/crtbegin.o
 *(.init)
 .init          0x0000000008003d28        0x4 /opt/st/stm32cubeide_1.2.0/plugins/com.st.stm32cube.ide.mcu.externaltools.gnu-tools-for-stm32.7-2018-q2-update.linux64_1.0.0.201904181610/tools/bin/../lib/gcc/arm-none-eabi/7.3.1/thumb/v6-m/crti.o
                0x0000000008003d28                _init
 .init          0x0000000008003d2c        0x8 /opt/st/stm32cubeide_1.2.0/plugins/com.st.stm32cube.ide.mcu.externaltools.gnu-tools-for-stm32.7-2018-q2-update.linux64_1.0.0.201904181610/tools/bin/../lib/gcc/arm-none-eabi/7.3.1/thumb/v6-m/crtn.o
 *(.fini)
 .fini          0x0000000008003d34        0x4 /opt/st/stm32cubeide_1.2.0/plugins/com.st.stm32cube.ide.mcu.externaltools.gnu-tools-for-stm32.7-2018-q2-update.linux64_1.0.0.201904181610/tools/bin/../lib/gcc/arm-none-eabi/7.3.1/thumb/v6-m/crti.o
                0x0000000008003d34                _fini
 .fini          0x0000000008003d38        0x8 /opt/st/stm32cubeide_1.2.0/plugins/com.st.stm32cube.ide.mcu.externaltools.gnu-tools-for-stm32.7-2018-q2-update.linux64_1.0.0.201904181610/tools/bin/../lib/gcc/arm-none-eabi/7.3.1/thumb/v6-m/crtn.o
                0x0000000008003d40                . = ALIGN (0x4)
                0x0000000008003d40                _etext = .

.vfp11_veneer   0x0000000008003d40        0x0
 .vfp11_veneer  0x0000000008003d40        0x0 linker stubs

.v4_bx          0x0000000008003d40        0x0
 .v4_bx         0x0000000008003d40        0x0 linker stubs

.iplt           0x0000000008003d40        0x0
 .iplt          0x0000000008003d40        0x0 /opt/st/stm32cubeide_1.2.0/plugins/com.st.stm32cube.ide.mcu.externaltools.gnu-tools-for-stm32.7-2018-q2-update.linux64_1.0.0.201904181610/tools/bin/../lib/gcc/arm-none-eabi/7.3.1/thumb/v6-m/crtbegin.o

.rodata         0x0000000008003d40       0xd4
                0x0000000008003d40                . = ALIGN (0x4)
 *(.rodata)
 .rodata        0x0000000008003d40       0x94 Core/Src/main.o
 .rodata        0x0000000008003dd4       0x20 Drivers/STM32F0xx_HAL_Driver/stm32f0xx_hal_rcc.o
 .rodata        0x0000000008003df4        0x5 Middlewares/FreeRTOS/tasks.o
 *(.rodata*)
 *fill*         0x0000000008003df9        0x3 
 .rodata.AHBPrescTable
                0x0000000008003dfc       0x10 Core/Src/system_stm32f0xx.o
                0x0000000008003dfc                AHBPrescTable
 .rodata.APBPrescTable
                0x0000000008003e0c        0x8 Core/Src/system_stm32f0xx.o
                0x0000000008003e0c                APBPrescTable
                0x0000000008003e14                . = ALIGN (0x4)

.rel.dyn        0x0000000008003e14        0x0
 .rel.iplt      0x0000000008003e14        0x0 /opt/st/stm32cubeide_1.2.0/plugins/com.st.stm32cube.ide.mcu.externaltools.gnu-tools-for-stm32.7-2018-q2-update.linux64_1.0.0.201904181610/tools/bin/../lib/gcc/arm-none-eabi/7.3.1/thumb/v6-m/crtbegin.o

.ARM.extab      0x0000000008003e14        0x0
                0x0000000008003e14                . = ALIGN (0x4)
 *(.ARM.extab* .gnu.linkonce.armextab.*)
                0x0000000008003e14                . = ALIGN (0x4)

.ARM            0x0000000008003e14        0x0
                0x0000000008003e14                . = ALIGN (0x4)
                0x0000000008003e14                __exidx_start = .
 *(.ARM.exidx*)
                0x0000000008003e14                __exidx_end = .
                0x0000000008003e14                . = ALIGN (0x4)

.preinit_array  0x0000000008003e14        0x0
                0x0000000008003e14                . = ALIGN (0x4)
                0x0000000008003e14                PROVIDE (__preinit_array_start = .)
 *(.preinit_array*)
                0x0000000008003e14                PROVIDE (__preinit_array_end = .)
                0x0000000008003e14                . = ALIGN (0x4)

.init_array     0x0000000008003e14        0x4
                0x0000000008003e14                . = ALIGN (0x4)
                0x0000000008003e14                PROVIDE (__init_array_start = .)
 *(SORT_BY_NAME(.init_array.*))
 *(.init_array*)
 .init_array    0x0000000008003e14        0x4 /opt/st/stm32cubeide_1.2.0/plugins/com.st.stm32cube.ide.mcu.externaltools.gnu-tools-for-stm32.7-2018-q2-update.linux64_1.0.0.201904181610/tools/bin/../lib/gcc/arm-none-eabi/7.3.1/thumb/v6-m/crtbegin.o
                0x0000000008003e18                PROVIDE (__init_array_end = .)
                0x0000000008003e18                . = ALIGN (0x4)

.fini_array     0x0000000008003e18        0x4
                0x0000000008003e18                . = ALIGN (0x4)
                [!provide]                        PROVIDE (__fini_array_start = .)
 *(SORT_BY_NAME(.fini_array.*))
 *(.fini_array*)
 .fini_array    0x0000000008003e18        0x4 /opt/st/stm32cubeide_1.2.0/plugins/com.st.stm32cube.ide.mcu.externaltools.gnu-tools-for-stm32.7-2018-q2-update.linux64_1.0.0.201904181610/tools/bin/../lib/gcc/arm-none-eabi/7.3.1/thumb/v6-m/crtbegin.o
                [!provide]                        PROVIDE (__fini_array_end = .)
                0x0000000008003e1c                . = ALIGN (0x4)
                0x0000000008003e1c                _sidata = LOADADDR (.data)

.data           0x0000000020000000        0xc load address 0x0000000008003e1c
                0x0000000020000000                . = ALIGN (0x4)
                0x0000000020000000                _sdata = .
 *(.data)
 *(.data*)
 .data.SystemCoreClock
                0x0000000020000000        0x4 Core/Src/system_stm32f0xx.o
                0x0000000020000000                SystemCoreClock
 .data.uwTickFreq
                0x0000000020000004        0x1 Drivers/STM32F0xx_HAL_Driver/stm32f0xx_hal.o
                0x0000000020000004                uwTickFreq
 *fill*         0x0000000020000005        0x3 
 .data.uxCriticalNesting
                0x0000000020000008        0x4 Middlewares/FreeRTOS/port.o
                0x000000002000000c                . = ALIGN (0x4)
                0x000000002000000c                _edata = .

.igot.plt       0x000000002000000c        0x0 load address 0x0000000008003e28
 .igot.plt      0x000000002000000c        0x0 /opt/st/stm32cubeide_1.2.0/plugins/com.st.stm32cube.ide.mcu.externaltools.gnu-tools-for-stm32.7-2018-q2-update.linux64_1.0.0.201904181610/tools/bin/../lib/gcc/arm-none-eabi/7.3.1/thumb/v6-m/crtbegin.o
                0x000000002000000c                . = ALIGN (0x4)

.bss            0x000000002000000c     0x108c load address 0x0000000008003e28
                0x000000002000000c                _sbss = .
                0x000000002000000c                __bss_start__ = _sbss
 *(.bss)
 .bss           0x000000002000000c       0x1c /opt/st/stm32cubeide_1.2.0/plugins/com.st.stm32cube.ide.mcu.externaltools.gnu-tools-for-stm32.7-2018-q2-update.linux64_1.0.0.201904181610/tools/bin/../lib/gcc/arm-none-eabi/7.3.1/thumb/v6-m/crtbegin.o
 *(.bss*)
 .bss.xIdleTaskTCBBuffer
                0x0000000020000028       0x54 Core/Src/freertos.o
 .bss.xIdleStack
                0x000000002000007c      0x200 Core/Src/freertos.o
 .bss.i.6822    0x000000002000027c        0x1 Core/Src/main.o
 *fill*         0x000000002000027d        0x3 
 .bss.ucHeap    0x0000000020000280      0xc00 Middlewares/FreeRTOS/heap_4.o
 .bss.xStart    0x0000000020000e80        0x8 Middlewares/FreeRTOS/heap_4.o
 .bss.pxEnd     0x0000000020000e88        0x4 Middlewares/FreeRTOS/heap_4.o
 .bss.xFreeBytesRemaining
                0x0000000020000e8c        0x4 Middlewares/FreeRTOS/heap_4.o
 .bss.xMinimumEverFreeBytesRemaining
                0x0000000020000e90        0x4 Middlewares/FreeRTOS/heap_4.o
 .bss.xBlockAllocatedBit
                0x0000000020000e94        0x4 Middlewares/FreeRTOS/heap_4.o
 .bss.pxCurrentTCB
                0x0000000020000e98        0x4 Middlewares/FreeRTOS/tasks.o
                0x0000000020000e98                pxCurrentTCB
 .bss.pxReadyTasksLists
                0x0000000020000e9c       0x8c Middlewares/FreeRTOS/tasks.o
 .bss.xDelayedTaskList1
                0x0000000020000f28       0x14 Middlewares/FreeRTOS/tasks.o
 .bss.xDelayedTaskList2
                0x0000000020000f3c       0x14 Middlewares/FreeRTOS/tasks.o
 .bss.pxDelayedTaskList
                0x0000000020000f50        0x4 Middlewares/FreeRTOS/tasks.o
 .bss.pxOverflowDelayedTaskList
                0x0000000020000f54        0x4 Middlewares/FreeRTOS/tasks.o
 .bss.xPendingReadyList
                0x0000000020000f58       0x14 Middlewares/FreeRTOS/tasks.o
 .bss.xTasksWaitingTermination
                0x0000000020000f6c       0x14 Middlewares/FreeRTOS/tasks.o
 .bss.uxDeletedTasksWaitingCleanUp
                0x0000000020000f80        0x4 Middlewares/FreeRTOS/tasks.o
 .bss.xSuspendedTaskList
                0x0000000020000f84       0x14 Middlewares/FreeRTOS/tasks.o
 .bss.uxCurrentNumberOfTasks
                0x0000000020000f98        0x4 Middlewares/FreeRTOS/tasks.o
 .bss.xTickCount
                0x0000000020000f9c        0x4 Middlewares/FreeRTOS/tasks.o
 .bss.uxTopReadyPriority
                0x0000000020000fa0        0x4 Middlewares/FreeRTOS/tasks.o
 .bss.xSchedulerRunning
                0x0000000020000fa4        0x4 Middlewares/FreeRTOS/tasks.o
 .bss.uxPendedTicks
                0x0000000020000fa8        0x4 Middlewares/FreeRTOS/tasks.o
 .bss.xYieldPending
                0x0000000020000fac        0x4 Middlewares/FreeRTOS/tasks.o
 .bss.xNumOfOverflows
                0x0000000020000fb0        0x4 Middlewares/FreeRTOS/tasks.o
 .bss.uxTaskNumber
                0x0000000020000fb4        0x4 Middlewares/FreeRTOS/tasks.o
 .bss.xNextTaskUnblockTime
                0x0000000020000fb8        0x4 Middlewares/FreeRTOS/tasks.o
 .bss.xIdleTaskHandle
                0x0000000020000fbc        0x4 Middlewares/FreeRTOS/tasks.o
 .bss.uxSchedulerSuspended
                0x0000000020000fc0        0x4 Middlewares/FreeRTOS/tasks.o
 *(COMMON)
 COMMON         0x0000000020000fc4       0x90 Core/Src/main.o
                0x0000000020000fc4                defaultTaskHandle
                0x0000000020000fc8                AcceleroTaskHandle
                0x0000000020000fcc                VisualTaskHandle
                0x0000000020000fd0                xVisualQueueHandle
                0x0000000020000fd4                huart2
 COMMON         0x0000000020001054       0x40 Core/Src/stm32f0xx_hal_timebase_tim.o
                0x0000000020001054                htim1
 COMMON         0x0000000020001094        0x4 Drivers/STM32F0xx_HAL_Driver/stm32f0xx_hal.o
                0x0000000020001094                uwTick
                0x0000000020001098                . = ALIGN (0x4)
                0x0000000020001098                _ebss = .
                0x0000000020001098                __bss_end__ = _ebss

._user_heap_stack
                0x0000000020001098      0x600 load address 0x0000000008003e28
                0x0000000020001098                . = ALIGN (0x8)
                0x0000000020001098                PROVIDE (end = .)
                [!provide]                        PROVIDE (_end = .)
                0x0000000020001298                . = (. + _Min_Heap_Size)
 *fill*         0x0000000020001098      0x200 
                0x0000000020001698                . = (. + _Min_Stack_Size)
 *fill*         0x0000000020001298      0x400 
                0x0000000020001698                . = ALIGN (0x8)

/DISCARD/
 libc.a(*)
 libm.a(*)
 libgcc.a(*)

.ARM.attributes
                0x0000000000000000       0x28
 *(.ARM.attributes)
 .ARM.attributes
                0x0000000000000000       0x1e /opt/st/stm32cubeide_1.2.0/plugins/com.st.stm32cube.ide.mcu.externaltools.gnu-tools-for-stm32.7-2018-q2-update.linux64_1.0.0.201904181610/tools/bin/../lib/gcc/arm-none-eabi/7.3.1/thumb/v6-m/crti.o
 .ARM.attributes
                0x000000000000001e       0x2c /opt/st/stm32cubeide_1.2.0/plugins/com.st.stm32cube.ide.mcu.externaltools.gnu-tools-for-stm32.7-2018-q2-update.linux64_1.0.0.201904181610/tools/bin/../lib/gcc/arm-none-eabi/7.3.1/thumb/v6-m/crtbegin.o
 .ARM.attributes
                0x000000000000004a       0x31 Core/Src/freertos.o
 .ARM.attributes
                0x000000000000007b       0x31 Core/Src/main.o
 .ARM.attributes
                0x00000000000000ac       0x31 Core/Src/stm32f0xx_hal_msp.o
 .ARM.attributes
                0x00000000000000dd       0x31 Core/Src/stm32f0xx_hal_timebase_tim.o
 .ARM.attributes
                0x000000000000010e       0x31 Core/Src/stm32f0xx_it.o
 .ARM.attributes
                0x000000000000013f       0x31 Core/Src/system_stm32f0xx.o
 .ARM.attributes
                0x0000000000000170       0x21 Core/Startup/startup_stm32f030r8tx.o
 .ARM.attributes
                0x0000000000000191       0x31 Drivers/STM32F0xx_HAL_Driver/stm32f0xx_hal.o
 .ARM.attributes
                0x00000000000001c2       0x31 Drivers/STM32F0xx_HAL_Driver/stm32f0xx_hal_cortex.o
 .ARM.attributes
                0x00000000000001f3       0x31 Drivers/STM32F0xx_HAL_Driver/stm32f0xx_hal_gpio.o
 .ARM.attributes
                0x0000000000000224       0x31 Drivers/STM32F0xx_HAL_Driver/stm32f0xx_hal_rcc.o
 .ARM.attributes
                0x0000000000000255       0x31 Drivers/STM32F0xx_HAL_Driver/stm32f0xx_hal_tim.o
 .ARM.attributes
                0x0000000000000286       0x31 Drivers/STM32F0xx_HAL_Driver/stm32f0xx_hal_tim_ex.o
 .ARM.attributes
                0x00000000000002b7       0x31 Drivers/STM32F0xx_HAL_Driver/stm32f0xx_hal_uart.o
 .ARM.attributes
                0x00000000000002e8       0x31 Middlewares/FreeRTOS/cmsis_os.o
 .ARM.attributes
                0x0000000000000319       0x31 Middlewares/FreeRTOS/heap_4.o
 .ARM.attributes
                0x000000000000034a       0x31 Middlewares/FreeRTOS/list.o
 .ARM.attributes
                0x000000000000037b       0x31 Middlewares/FreeRTOS/port.o
 .ARM.attributes
                0x00000000000003ac       0x31 Middlewares/FreeRTOS/queue.o
 .ARM.attributes
                0x00000000000003dd       0x31 Middlewares/FreeRTOS/tasks.o
 .ARM.attributes
                0x000000000000040e       0x2c /opt/st/stm32cubeide_1.2.0/plugins/com.st.stm32cube.ide.mcu.externaltools.gnu-tools-for-stm32.7-2018-q2-update.linux64_1.0.0.201904181610/tools/bin/../lib/gcc/arm-none-eabi/7.3.1/../../../../arm-none-eabi/lib/thumb/v6-m/libc_nano.a(lib_a-init.o)
 .ARM.attributes
                0x000000000000043a       0x2c /opt/st/stm32cubeide_1.2.0/plugins/com.st.stm32cube.ide.mcu.externaltools.gnu-tools-for-stm32.7-2018-q2-update.linux64_1.0.0.201904181610/tools/bin/../lib/gcc/arm-none-eabi/7.3.1/../../../../arm-none-eabi/lib/thumb/v6-m/libc_nano.a(lib_a-memcpy-stub.o)
 .ARM.attributes
                0x0000000000000466       0x2c /opt/st/stm32cubeide_1.2.0/plugins/com.st.stm32cube.ide.mcu.externaltools.gnu-tools-for-stm32.7-2018-q2-update.linux64_1.0.0.201904181610/tools/bin/../lib/gcc/arm-none-eabi/7.3.1/../../../../arm-none-eabi/lib/thumb/v6-m/libc_nano.a(lib_a-memset.o)
 .ARM.attributes
                0x0000000000000492       0x1e /opt/st/stm32cubeide_1.2.0/plugins/com.st.stm32cube.ide.mcu.externaltools.gnu-tools-for-stm32.7-2018-q2-update.linux64_1.0.0.201904181610/tools/bin/../lib/gcc/arm-none-eabi/7.3.1/thumb/v6-m/libgcc.a(_udivsi3.o)
 .ARM.attributes
                0x00000000000004b0       0x1e /opt/st/stm32cubeide_1.2.0/plugins/com.st.stm32cube.ide.mcu.externaltools.gnu-tools-for-stm32.7-2018-q2-update.linux64_1.0.0.201904181610/tools/bin/../lib/gcc/arm-none-eabi/7.3.1/thumb/v6-m/libgcc.a(_dvmd_tls.o)
 .ARM.attributes
                0x00000000000004ce       0x1e /opt/st/stm32cubeide_1.2.0/plugins/com.st.stm32cube.ide.mcu.externaltools.gnu-tools-for-stm32.7-2018-q2-update.linux64_1.0.0.201904181610/tools/bin/../lib/gcc/arm-none-eabi/7.3.1/thumb/v6-m/crtn.o
OUTPUT(CV7.elf elf32-littlearm)

.debug_info     0x0000000000000000    0x102f2
 .debug_info    0x0000000000000000      0x320 Core/Src/freertos.o
 .debug_info    0x0000000000000320     0x126e Core/Src/main.o
 .debug_info    0x000000000000158e      0x9a4 Core/Src/stm32f0xx_hal_msp.o
 .debug_info    0x0000000000001f32      0x872 Core/Src/stm32f0xx_hal_timebase_tim.o
 .debug_info    0x00000000000027a4      0x60a Core/Src/stm32f0xx_it.o
 .debug_info    0x0000000000002dae      0x29e Core/Src/system_stm32f0xx.o
 .debug_info    0x000000000000304c       0x22 Core/Startup/startup_stm32f030r8tx.o
 .debug_info    0x000000000000306e      0x685 Drivers/STM32F0xx_HAL_Driver/stm32f0xx_hal.o
 .debug_info    0x00000000000036f3      0x762 Drivers/STM32F0xx_HAL_Driver/stm32f0xx_hal_cortex.o
 .debug_info    0x0000000000003e55      0x665 Drivers/STM32F0xx_HAL_Driver/stm32f0xx_hal_gpio.o
 .debug_info    0x00000000000044ba      0x80a Drivers/STM32F0xx_HAL_Driver/stm32f0xx_hal_rcc.o
 .debug_info    0x0000000000004cc4     0x2522 Drivers/STM32F0xx_HAL_Driver/stm32f0xx_hal_tim.o
 .debug_info    0x00000000000071e6     0x10e6 Drivers/STM32F0xx_HAL_Driver/stm32f0xx_hal_tim_ex.o
 .debug_info    0x00000000000082cc     0x150a Drivers/STM32F0xx_HAL_Driver/stm32f0xx_hal_uart.o
 .debug_info    0x00000000000097d6     0x1dd6 Middlewares/FreeRTOS/cmsis_os.o
 .debug_info    0x000000000000b5ac      0xb19 Middlewares/FreeRTOS/heap_4.o
 .debug_info    0x000000000000c0c5      0xac5 Middlewares/FreeRTOS/list.o
 .debug_info    0x000000000000cb8a      0x26b Middlewares/FreeRTOS/port.o
 .debug_info    0x000000000000cdf5     0x180d Middlewares/FreeRTOS/queue.o
 .debug_info    0x000000000000e602     0x1cf0 Middlewares/FreeRTOS/tasks.o

.debug_abbrev   0x0000000000000000     0x2660
 .debug_abbrev  0x0000000000000000      0x109 Core/Src/freertos.o
 .debug_abbrev  0x0000000000000109      0x265 Core/Src/main.o
 .debug_abbrev  0x000000000000036e      0x195 Core/Src/stm32f0xx_hal_msp.o
 .debug_abbrev  0x0000000000000503      0x1ac Core/Src/stm32f0xx_hal_timebase_tim.o
 .debug_abbrev  0x00000000000006af      0x169 Core/Src/stm32f0xx_it.o
 .debug_abbrev  0x0000000000000818      0x12b Core/Src/system_stm32f0xx.o
 .debug_abbrev  0x0000000000000943       0x12 Core/Startup/startup_stm32f030r8tx.o
 .debug_abbrev  0x0000000000000955      0x1f2 Drivers/STM32F0xx_HAL_Driver/stm32f0xx_hal.o
 .debug_abbrev  0x0000000000000b47      0x273 Drivers/STM32F0xx_HAL_Driver/stm32f0xx_hal_cortex.o
 .debug_abbrev  0x0000000000000dba      0x1c0 Drivers/STM32F0xx_HAL_Driver/stm32f0xx_hal_gpio.o
 .debug_abbrev  0x0000000000000f7a      0x20f Drivers/STM32F0xx_HAL_Driver/stm32f0xx_hal_rcc.o
 .debug_abbrev  0x0000000000001189      0x23f Drivers/STM32F0xx_HAL_Driver/stm32f0xx_hal_tim.o
 .debug_abbrev  0x00000000000013c8      0x22d Drivers/STM32F0xx_HAL_Driver/stm32f0xx_hal_tim_ex.o
 .debug_abbrev  0x00000000000015f5      0x214 Drivers/STM32F0xx_HAL_Driver/stm32f0xx_hal_uart.o
 .debug_abbrev  0x0000000000001809      0x305 Middlewares/FreeRTOS/cmsis_os.o
 .debug_abbrev  0x0000000000001b0e      0x23d Middlewares/FreeRTOS/heap_4.o
 .debug_abbrev  0x0000000000001d4b      0x1cf Middlewares/FreeRTOS/list.o
 .debug_abbrev  0x0000000000001f1a      0x1a4 Middlewares/FreeRTOS/port.o
 .debug_abbrev  0x00000000000020be      0x2c4 Middlewares/FreeRTOS/queue.o
 .debug_abbrev  0x0000000000002382      0x2de Middlewares/FreeRTOS/tasks.o

.debug_aranges  0x0000000000000000     0x1070
 .debug_aranges
                0x0000000000000000       0x20 Core/Src/freertos.o
 .debug_aranges
                0x0000000000000020       0x60 Core/Src/main.o
 .debug_aranges
                0x0000000000000080       0x30 Core/Src/stm32f0xx_hal_msp.o
 .debug_aranges
                0x00000000000000b0       0x30 Core/Src/stm32f0xx_hal_timebase_tim.o
 .debug_aranges
                0x00000000000000e0       0x30 Core/Src/stm32f0xx_it.o
 .debug_aranges
                0x0000000000000110       0x28 Core/Src/system_stm32f0xx.o
 .debug_aranges
                0x0000000000000138       0x28 Core/Startup/startup_stm32f030r8tx.o
 .debug_aranges
                0x0000000000000160       0xd0 Drivers/STM32F0xx_HAL_Driver/stm32f0xx_hal.o
 .debug_aranges
                0x0000000000000230       0xc0 Drivers/STM32F0xx_HAL_Driver/stm32f0xx_hal_cortex.o
 .debug_aranges
                0x00000000000002f0       0x58 Drivers/STM32F0xx_HAL_Driver/stm32f0xx_hal_gpio.o
 .debug_aranges
                0x0000000000000348       0x80 Drivers/STM32F0xx_HAL_Driver/stm32f0xx_hal_rcc.o
 .debug_aranges
                0x00000000000003c8      0x3b8 Drivers/STM32F0xx_HAL_Driver/stm32f0xx_hal_tim.o
 .debug_aranges
                0x0000000000000780      0x150 Drivers/STM32F0xx_HAL_Driver/stm32f0xx_hal_tim_ex.o
 .debug_aranges
                0x00000000000008d0      0x200 Drivers/STM32F0xx_HAL_Driver/stm32f0xx_hal_uart.o
 .debug_aranges
                0x0000000000000ad0      0x1d8 Middlewares/FreeRTOS/cmsis_os.o
 .debug_aranges
                0x0000000000000ca8       0x50 Middlewares/FreeRTOS/heap_4.o
 .debug_aranges
                0x0000000000000cf8       0x40 Middlewares/FreeRTOS/list.o
 .debug_aranges
                0x0000000000000d38       0x88 Middlewares/FreeRTOS/port.o
 .debug_aranges
                0x0000000000000dc0      0x108 Middlewares/FreeRTOS/queue.o
 .debug_aranges
                0x0000000000000ec8      0x1a8 Middlewares/FreeRTOS/tasks.o

.debug_ranges   0x0000000000000000      0xf38
 .debug_ranges  0x0000000000000000       0x10 Core/Src/freertos.o
 .debug_ranges  0x0000000000000010       0x50 Core/Src/main.o
 .debug_ranges  0x0000000000000060       0x20 Core/Src/stm32f0xx_hal_msp.o
 .debug_ranges  0x0000000000000080       0x20 Core/Src/stm32f0xx_hal_timebase_tim.o
 .debug_ranges  0x00000000000000a0       0x20 Core/Src/stm32f0xx_it.o
 .debug_ranges  0x00000000000000c0       0x18 Core/Src/system_stm32f0xx.o
 .debug_ranges  0x00000000000000d8       0x20 Core/Startup/startup_stm32f030r8tx.o
 .debug_ranges  0x00000000000000f8       0xc0 Drivers/STM32F0xx_HAL_Driver/stm32f0xx_hal.o
 .debug_ranges  0x00000000000001b8       0xb0 Drivers/STM32F0xx_HAL_Driver/stm32f0xx_hal_cortex.o
 .debug_ranges  0x0000000000000268       0x48 Drivers/STM32F0xx_HAL_Driver/stm32f0xx_hal_gpio.o
 .debug_ranges  0x00000000000002b0       0x70 Drivers/STM32F0xx_HAL_Driver/stm32f0xx_hal_rcc.o
 .debug_ranges  0x0000000000000320      0x3a8 Drivers/STM32F0xx_HAL_Driver/stm32f0xx_hal_tim.o
 .debug_ranges  0x00000000000006c8      0x140 Drivers/STM32F0xx_HAL_Driver/stm32f0xx_hal_tim_ex.o
 .debug_ranges  0x0000000000000808      0x1f0 Drivers/STM32F0xx_HAL_Driver/stm32f0xx_hal_uart.o
 .debug_ranges  0x00000000000009f8      0x1c8 Middlewares/FreeRTOS/cmsis_os.o
 .debug_ranges  0x0000000000000bc0       0x40 Middlewares/FreeRTOS/heap_4.o
 .debug_ranges  0x0000000000000c00       0x30 Middlewares/FreeRTOS/list.o
 .debug_ranges  0x0000000000000c30       0x78 Middlewares/FreeRTOS/port.o
 .debug_ranges  0x0000000000000ca8       0xf8 Middlewares/FreeRTOS/queue.o
 .debug_ranges  0x0000000000000da0      0x198 Middlewares/FreeRTOS/tasks.o

.debug_macro    0x0000000000000000     0xdc40
 .debug_macro   0x0000000000000000      0x22f Core/Src/freertos.o
 .debug_macro   0x000000000000022f      0xa48 Core/Src/freertos.o
 .debug_macro   0x0000000000000c77      0x174 Core/Src/freertos.o
 .debug_macro   0x0000000000000deb       0x22 Core/Src/freertos.o
 .debug_macro   0x0000000000000e0d       0x8e Core/Src/freertos.o
 .debug_macro   0x0000000000000e9b       0x51 Core/Src/freertos.o
 .debug_macro   0x0000000000000eec       0xef Core/Src/freertos.o
 .debug_macro   0x0000000000000fdb       0x6a Core/Src/freertos.o
 .debug_macro   0x0000000000001045      0x1df Core/Src/freertos.o
 .debug_macro   0x0000000000001224       0xb2 Core/Src/freertos.o
 .debug_macro   0x00000000000012d6      0x15a Core/Src/freertos.o
 .debug_macro   0x0000000000001430       0xac Core/Src/freertos.o
 .debug_macro   0x00000000000014dc       0x10 Core/Src/freertos.o
 .debug_macro   0x00000000000014ec       0x1f Core/Src/freertos.o
 .debug_macro   0x000000000000150b      0x4c5 Core/Src/freertos.o
 .debug_macro   0x00000000000019d0       0xb5 Core/Src/freertos.o
 .debug_macro   0x0000000000001a85       0x8c Core/Src/freertos.o
 .debug_macro   0x0000000000001b11      0x133 Core/Src/freertos.o
 .debug_macro   0x0000000000001c44       0x2e Core/Src/freertos.o
 .debug_macro   0x0000000000001c72       0x22 Core/Src/freertos.o
 .debug_macro   0x0000000000001c94       0x1c Core/Src/freertos.o
 .debug_macro   0x0000000000001cb0       0x22 Core/Src/freertos.o
 .debug_macro   0x0000000000001cd2       0xb5 Core/Src/freertos.o
 .debug_macro   0x0000000000001d87      0x391 Core/Src/freertos.o
 .debug_macro   0x0000000000002118     0x6f39 Core/Src/freertos.o
 .debug_macro   0x0000000000009051       0x3c Core/Src/freertos.o
 .debug_macro   0x000000000000908d       0x53 Core/Src/freertos.o
 .debug_macro   0x00000000000090e0      0x924 Core/Src/freertos.o
 .debug_macro   0x0000000000009a04      0x17f Core/Src/freertos.o
 .debug_macro   0x0000000000009b83      0x12f Core/Src/freertos.o
 .debug_macro   0x0000000000009cb2       0xd9 Core/Src/freertos.o
 .debug_macro   0x0000000000009d8b      0x1a0 Core/Src/freertos.o
 .debug_macro   0x0000000000009f2b      0x1ed Core/Src/freertos.o
 .debug_macro   0x000000000000a118       0x34 Core/Src/freertos.o
 .debug_macro   0x000000000000a14c       0x43 Core/Src/freertos.o
 .debug_macro   0x000000000000a18f       0x28 Core/Src/freertos.o
 .debug_macro   0x000000000000a1b7       0xb0 Core/Src/freertos.o
 .debug_macro   0x000000000000a267      0x199 Core/Src/freertos.o
 .debug_macro   0x000000000000a400      0x22c Core/Src/freertos.o
 .debug_macro   0x000000000000a62c       0x5f Core/Src/freertos.o
 .debug_macro   0x000000000000a68b       0xa5 Core/Src/freertos.o
 .debug_macro   0x000000000000a730       0x4c Core/Src/freertos.o
 .debug_macro   0x000000000000a77c       0x2b Core/Src/freertos.o
 .debug_macro   0x000000000000a7a7      0x8ae Core/Src/freertos.o
 .debug_macro   0x000000000000b055       0x28 Core/Src/freertos.o
 .debug_macro   0x000000000000b07d      0x543 Core/Src/freertos.o
 .debug_macro   0x000000000000b5c0       0x3e Core/Src/freertos.o
 .debug_macro   0x000000000000b5fe       0xff Core/Src/freertos.o
 .debug_macro   0x000000000000b6fd       0x64 Core/Src/freertos.o
 .debug_macro   0x000000000000b761      0x27a Core/Src/main.o
 .debug_macro   0x000000000000b9db       0x91 Core/Src/main.o
 .debug_macro   0x000000000000ba6c       0x8d Core/Src/main.o
 .debug_macro   0x000000000000baf9       0x7e Core/Src/main.o
 .debug_macro   0x000000000000bb77       0x19 Core/Src/main.o
 .debug_macro   0x000000000000bb90       0xf2 Core/Src/main.o
 .debug_macro   0x000000000000bc82      0x1c7 Core/Src/stm32f0xx_hal_msp.o
 .debug_macro   0x000000000000be49      0x1b8 Core/Src/stm32f0xx_hal_timebase_tim.o
 .debug_macro   0x000000000000c001      0x239 Core/Src/stm32f0xx_it.o
 .debug_macro   0x000000000000c23a      0x1b8 Core/Src/system_stm32f0xx.o
 .debug_macro   0x000000000000c3f2      0x1dc Drivers/STM32F0xx_HAL_Driver/stm32f0xx_hal.o
 .debug_macro   0x000000000000c5ce      0x1b8 Drivers/STM32F0xx_HAL_Driver/stm32f0xx_hal_cortex.o
 .debug_macro   0x000000000000c786      0x1f0 Drivers/STM32F0xx_HAL_Driver/stm32f0xx_hal_gpio.o
 .debug_macro   0x000000000000c976      0x1ca Drivers/STM32F0xx_HAL_Driver/stm32f0xx_hal_rcc.o
 .debug_macro   0x000000000000cb40      0x1b9 Drivers/STM32F0xx_HAL_Driver/stm32f0xx_hal_tim.o
 .debug_macro   0x000000000000ccf9      0x1b8 Drivers/STM32F0xx_HAL_Driver/stm32f0xx_hal_tim_ex.o
 .debug_macro   0x000000000000ceb1      0x1d5 Drivers/STM32F0xx_HAL_Driver/stm32f0xx_hal_uart.o
 .debug_macro   0x000000000000d086      0x1f1 Middlewares/FreeRTOS/cmsis_os.o
 .debug_macro   0x000000000000d277       0x10 Middlewares/FreeRTOS/cmsis_os.o
 .debug_macro   0x000000000000d287       0x20 Middlewares/FreeRTOS/cmsis_os.o
 .debug_macro   0x000000000000d2a7       0x9d Middlewares/FreeRTOS/cmsis_os.o
 .debug_macro   0x000000000000d344      0x1a1 Middlewares/FreeRTOS/heap_4.o
 .debug_macro   0x000000000000d4e5      0x17a Middlewares/FreeRTOS/list.o
 .debug_macro   0x000000000000d65f      0x13c Middlewares/FreeRTOS/port.o
 .debug_macro   0x000000000000d79b      0x205 Middlewares/FreeRTOS/queue.o
 .debug_macro   0x000000000000d9a0       0x16 Middlewares/FreeRTOS/queue.o
 .debug_macro   0x000000000000d9b6      0x27a Middlewares/FreeRTOS/tasks.o
 .debug_macro   0x000000000000dc30       0x10 Middlewares/FreeRTOS/tasks.o

.debug_line     0x0000000000000000     0xd0eb
 .debug_line    0x0000000000000000      0x884 Core/Src/freertos.o
 .debug_line    0x0000000000000884      0xa1e Core/Src/main.o
 .debug_line    0x00000000000012a2      0x74d Core/Src/stm32f0xx_hal_msp.o
 .debug_line    0x00000000000019ef      0x751 Core/Src/stm32f0xx_hal_timebase_tim.o
 .debug_line    0x0000000000002140      0x8bf Core/Src/stm32f0xx_it.o
 .debug_line    0x00000000000029ff      0x737 Core/Src/system_stm32f0xx.o
 .debug_line    0x0000000000003136       0x89 Core/Startup/startup_stm32f030r8tx.o
 .debug_line    0x00000000000031bf      0x90a Drivers/STM32F0xx_HAL_Driver/stm32f0xx_hal.o
 .debug_line    0x0000000000003ac9      0x922 Drivers/STM32F0xx_HAL_Driver/stm32f0xx_hal_cortex.o
 .debug_line    0x00000000000043eb      0x8cf Drivers/STM32F0xx_HAL_Driver/stm32f0xx_hal_gpio.o
 .debug_line    0x0000000000004cba      0x9cb Drivers/STM32F0xx_HAL_Driver/stm32f0xx_hal_rcc.o
 .debug_line    0x0000000000005685     0x1b2d Drivers/STM32F0xx_HAL_Driver/stm32f0xx_hal_tim.o
 .debug_line    0x00000000000071b2      0xd51 Drivers/STM32F0xx_HAL_Driver/stm32f0xx_hal_tim_ex.o
 .debug_line    0x0000000000007f03     0x11a2 Drivers/STM32F0xx_HAL_Driver/stm32f0xx_hal_uart.o
 .debug_line    0x00000000000090a5      0xd55 Middlewares/FreeRTOS/cmsis_os.o
 .debug_line    0x0000000000009dfa      0x7a0 Middlewares/FreeRTOS/heap_4.o
 .debug_line    0x000000000000a59a      0x6e3 Middlewares/FreeRTOS/list.o
 .debug_line    0x000000000000ac7d      0x611 Middlewares/FreeRTOS/port.o
 .debug_line    0x000000000000b28e      0xddf Middlewares/FreeRTOS/queue.o
 .debug_line    0x000000000000c06d     0x107e Middlewares/FreeRTOS/tasks.o

.debug_str      0x0000000000000000    0x53855
 .debug_str     0x0000000000000000    0x4884c Core/Src/freertos.o
                                      0x48a6d (size before relaxing)
 .debug_str     0x000000000004884c     0x2c73 Core/Src/main.o
                                      0x4b6ec (size before relaxing)
 .debug_str     0x000000000004b4bf      0x17d Core/Src/stm32f0xx_hal_msp.o
                                      0x458b3 (size before relaxing)
 .debug_str     0x000000000004b63c       0xaa Core/Src/stm32f0xx_hal_timebase_tim.o
                                      0x45788 (size before relaxing)
 .debug_str     0x000000000004b6e6       0x6a Core/Src/stm32f0xx_it.o
                                      0x48d23 (size before relaxing)
 .debug_str     0x000000000004b750       0x5f Core/Src/system_stm32f0xx.o
                                      0x45196 (size before relaxing)
 .debug_str     0x000000000004b7af       0x36 Core/Startup/startup_stm32f030r8tx.o
                                         0x52 (size before relaxing)
 .debug_str     0x000000000004b7e5      0x388 Drivers/STM32F0xx_HAL_Driver/stm32f0xx_hal.o
                                      0x456d9 (size before relaxing)
 .debug_str     0x000000000004bb6d      0x23a Drivers/STM32F0xx_HAL_Driver/stm32f0xx_hal_cortex.o
                                      0x4558d (size before relaxing)
 .debug_str     0x000000000004bda7      0x245 Drivers/STM32F0xx_HAL_Driver/stm32f0xx_hal_gpio.o
                                      0x45469 (size before relaxing)
 .debug_str     0x000000000004bfec      0x281 Drivers/STM32F0xx_HAL_Driver/stm32f0xx_hal_rcc.o
                                      0x455d7 (size before relaxing)
 .debug_str     0x000000000004c26d      0xe70 Drivers/STM32F0xx_HAL_Driver/stm32f0xx_hal_tim.o
                                      0x463c6 (size before relaxing)
 .debug_str     0x000000000004d0dd      0x5b0 Drivers/STM32F0xx_HAL_Driver/stm32f0xx_hal_tim_ex.o
                                      0x45b7a (size before relaxing)
 .debug_str     0x000000000004d68d      0x7ee Drivers/STM32F0xx_HAL_Driver/stm32f0xx_hal_uart.o
                                      0x45db1 (size before relaxing)
 .debug_str     0x000000000004de7b     0x3699 Middlewares/FreeRTOS/cmsis_os.o
                                       0xd67a (size before relaxing)
 .debug_str     0x0000000000051514      0x3d1 Middlewares/FreeRTOS/heap_4.o
                                       0xa83b (size before relaxing)
 .debug_str     0x00000000000518e5      0x165 Middlewares/FreeRTOS/list.o
                                       0xa137 (size before relaxing)
 .debug_str     0x0000000000051a4a      0x4d9 Middlewares/FreeRTOS/port.o
                                       0x7a65 (size before relaxing)
 .debug_str     0x0000000000051f23      0x7af Middlewares/FreeRTOS/queue.o
                                       0xb788 (size before relaxing)
 .debug_str     0x00000000000526d2     0x1183 Middlewares/FreeRTOS/tasks.o
                                       0xc25d (size before relaxing)

.comment        0x0000000000000000       0x7b
 .comment       0x0000000000000000       0x7b Core/Src/freertos.o
                                         0x7c (size before relaxing)
 .comment       0x000000000000007b       0x7c Core/Src/main.o
 .comment       0x000000000000007b       0x7c Core/Src/stm32f0xx_hal_msp.o
 .comment       0x000000000000007b       0x7c Core/Src/stm32f0xx_hal_timebase_tim.o
 .comment       0x000000000000007b       0x7c Core/Src/stm32f0xx_it.o
 .comment       0x000000000000007b       0x7c Core/Src/system_stm32f0xx.o
 .comment       0x000000000000007b       0x7c Drivers/STM32F0xx_HAL_Driver/stm32f0xx_hal.o
 .comment       0x000000000000007b       0x7c Drivers/STM32F0xx_HAL_Driver/stm32f0xx_hal_cortex.o
 .comment       0x000000000000007b       0x7c Drivers/STM32F0xx_HAL_Driver/stm32f0xx_hal_gpio.o
 .comment       0x000000000000007b       0x7c Drivers/STM32F0xx_HAL_Driver/stm32f0xx_hal_rcc.o
 .comment       0x000000000000007b       0x7c Drivers/STM32F0xx_HAL_Driver/stm32f0xx_hal_tim.o
 .comment       0x000000000000007b       0x7c Drivers/STM32F0xx_HAL_Driver/stm32f0xx_hal_tim_ex.o
 .comment       0x000000000000007b       0x7c Drivers/STM32F0xx_HAL_Driver/stm32f0xx_hal_uart.o
 .comment       0x000000000000007b       0x7c Middlewares/FreeRTOS/cmsis_os.o
 .comment       0x000000000000007b       0x7c Middlewares/FreeRTOS/heap_4.o
 .comment       0x000000000000007b       0x7c Middlewares/FreeRTOS/list.o
 .comment       0x000000000000007b       0x7c Middlewares/FreeRTOS/port.o
 .comment       0x000000000000007b       0x7c Middlewares/FreeRTOS/queue.o
 .comment       0x000000000000007b       0x7c Middlewares/FreeRTOS/tasks.o

.debug_frame    0x0000000000000000     0x3a9c
 .debug_frame   0x0000000000000000       0x30 Core/Src/freertos.o
 .debug_frame   0x0000000000000030      0x12c Core/Src/main.o
 .debug_frame   0x000000000000015c       0x70 Core/Src/stm32f0xx_hal_msp.o
 .debug_frame   0x00000000000001cc       0x68 Core/Src/stm32f0xx_hal_timebase_tim.o
 .debug_frame   0x0000000000000234       0x64 Core/Src/stm32f0xx_it.o
 .debug_frame   0x0000000000000298       0x4c Core/Src/system_stm32f0xx.o
 .debug_frame   0x00000000000002e4      0x2a4 Drivers/STM32F0xx_HAL_Driver/stm32f0xx_hal.o
 .debug_frame   0x0000000000000588      0x2a0 Drivers/STM32F0xx_HAL_Driver/stm32f0xx_hal_cortex.o
 .debug_frame   0x0000000000000828      0x110 Drivers/STM32F0xx_HAL_Driver/stm32f0xx_hal_gpio.o
 .debug_frame   0x0000000000000938      0x198 Drivers/STM32F0xx_HAL_Driver/stm32f0xx_hal_rcc.o
 .debug_frame   0x0000000000000ad0      0xe90 Drivers/STM32F0xx_HAL_Driver/stm32f0xx_hal_tim.o
 .debug_frame   0x0000000000001960      0x4f0 Drivers/STM32F0xx_HAL_Driver/stm32f0xx_hal_tim_ex.o
 .debug_frame   0x0000000000001e50      0x7b0 Drivers/STM32F0xx_HAL_Driver/stm32f0xx_hal_uart.o
 .debug_frame   0x0000000000002600      0x6f4 Middlewares/FreeRTOS/cmsis_os.o
 .debug_frame   0x0000000000002cf4       0xe4 Middlewares/FreeRTOS/heap_4.o
 .debug_frame   0x0000000000002dd8       0xb0 Middlewares/FreeRTOS/list.o
 .debug_frame   0x0000000000002e88      0x174 Middlewares/FreeRTOS/port.o
 .debug_frame   0x0000000000002ffc      0x3d0 Middlewares/FreeRTOS/queue.o
 .debug_frame   0x00000000000033cc      0x63c Middlewares/FreeRTOS/tasks.o
 .debug_frame   0x0000000000003a08       0x2c /opt/st/stm32cubeide_1.2.0/plugins/com.st.stm32cube.ide.mcu.externaltools.gnu-tools-for-stm32.7-2018-q2-update.linux64_1.0.0.201904181610/tools/bin/../lib/gcc/arm-none-eabi/7.3.1/../../../../arm-none-eabi/lib/thumb/v6-m/libc_nano.a(lib_a-init.o)
 .debug_frame   0x0000000000003a34       0x28 /opt/st/stm32cubeide_1.2.0/plugins/com.st.stm32cube.ide.mcu.externaltools.gnu-tools-for-stm32.7-2018-q2-update.linux64_1.0.0.201904181610/tools/bin/../lib/gcc/arm-none-eabi/7.3.1/../../../../arm-none-eabi/lib/thumb/v6-m/libc_nano.a(lib_a-memcpy-stub.o)
 .debug_frame   0x0000000000003a5c       0x20 /opt/st/stm32cubeide_1.2.0/plugins/com.st.stm32cube.ide.mcu.externaltools.gnu-tools-for-stm32.7-2018-q2-update.linux64_1.0.0.201904181610/tools/bin/../lib/gcc/arm-none-eabi/7.3.1/../../../../arm-none-eabi/lib/thumb/v6-m/libc_nano.a(lib_a-memset.o)
 .debug_frame   0x0000000000003a7c       0x20 /opt/st/stm32cubeide_1.2.0/plugins/com.st.stm32cube.ide.mcu.externaltools.gnu-tools-for-stm32.7-2018-q2-update.linux64_1.0.0.201904181610/tools/bin/../lib/gcc/arm-none-eabi/7.3.1/thumb/v6-m/libgcc.a(_udivsi3.o)
