Archive member included to satisfy reference by file (symbol)

/opt/st/stm32cubeide_1.2.0/plugins/com.st.stm32cube.ide.mcu.externaltools.gnu-tools-for-stm32.7-2018-q2-update.linux64_1.0.0.201904181610/tools/bin/../lib/gcc/arm-none-eabi/7.3.1/../../../../arm-none-eabi/lib/thumb/v7e-m/fpv4-sp/hard/libc_nano.a(lib_a-errno.o)
                              Core/Src/syscalls.o (__errno)
/opt/st/stm32cubeide_1.2.0/plugins/com.st.stm32cube.ide.mcu.externaltools.gnu-tools-for-stm32.7-2018-q2-update.linux64_1.0.0.201904181610/tools/bin/../lib/gcc/arm-none-eabi/7.3.1/../../../../arm-none-eabi/lib/thumb/v7e-m/fpv4-sp/hard/libc_nano.a(lib_a-exit.o)
                              /opt/st/stm32cubeide_1.2.0/plugins/com.st.stm32cube.ide.mcu.externaltools.gnu-tools-for-stm32.7-2018-q2-update.linux64_1.0.0.201904181610/tools/bin/../lib/gcc/arm-none-eabi/7.3.1/../../../../arm-none-eabi/lib/thumb/v7e-m/fpv4-sp/hard/crt0.o (exit)
/opt/st/stm32cubeide_1.2.0/plugins/com.st.stm32cube.ide.mcu.externaltools.gnu-tools-for-stm32.7-2018-q2-update.linux64_1.0.0.201904181610/tools/bin/../lib/gcc/arm-none-eabi/7.3.1/../../../../arm-none-eabi/lib/thumb/v7e-m/fpv4-sp/hard/libc_nano.a(lib_a-impure.o)
                              /opt/st/stm32cubeide_1.2.0/plugins/com.st.stm32cube.ide.mcu.externaltools.gnu-tools-for-stm32.7-2018-q2-update.linux64_1.0.0.201904181610/tools/bin/../lib/gcc/arm-none-eabi/7.3.1/../../../../arm-none-eabi/lib/thumb/v7e-m/fpv4-sp/hard/libc_nano.a(lib_a-exit.o) (_global_impure_ptr)
/opt/st/stm32cubeide_1.2.0/plugins/com.st.stm32cube.ide.mcu.externaltools.gnu-tools-for-stm32.7-2018-q2-update.linux64_1.0.0.201904181610/tools/bin/../lib/gcc/arm-none-eabi/7.3.1/../../../../arm-none-eabi/lib/thumb/v7e-m/fpv4-sp/hard/libc_nano.a(lib_a-init.o)
                              /opt/st/stm32cubeide_1.2.0/plugins/com.st.stm32cube.ide.mcu.externaltools.gnu-tools-for-stm32.7-2018-q2-update.linux64_1.0.0.201904181610/tools/bin/../lib/gcc/arm-none-eabi/7.3.1/../../../../arm-none-eabi/lib/thumb/v7e-m/fpv4-sp/hard/crt0.o (__libc_init_array)
/opt/st/stm32cubeide_1.2.0/plugins/com.st.stm32cube.ide.mcu.externaltools.gnu-tools-for-stm32.7-2018-q2-update.linux64_1.0.0.201904181610/tools/bin/../lib/gcc/arm-none-eabi/7.3.1/../../../../arm-none-eabi/lib/thumb/v7e-m/fpv4-sp/hard/libc_nano.a(lib_a-memset.o)
                              /opt/st/stm32cubeide_1.2.0/plugins/com.st.stm32cube.ide.mcu.externaltools.gnu-tools-for-stm32.7-2018-q2-update.linux64_1.0.0.201904181610/tools/bin/../lib/gcc/arm-none-eabi/7.3.1/../../../../arm-none-eabi/lib/thumb/v7e-m/fpv4-sp/hard/crt0.o (memset)
/opt/st/stm32cubeide_1.2.0/plugins/com.st.stm32cube.ide.mcu.externaltools.gnu-tools-for-stm32.7-2018-q2-update.linux64_1.0.0.201904181610/tools/bin/../lib/gcc/arm-none-eabi/7.3.1/../../../../arm-none-eabi/lib/thumb/v7e-m/fpv4-sp/hard/libc_nano.a(lib_a-printf.o)
                              Core/Src/main.o (printf)
/opt/st/stm32cubeide_1.2.0/plugins/com.st.stm32cube.ide.mcu.externaltools.gnu-tools-for-stm32.7-2018-q2-update.linux64_1.0.0.201904181610/tools/bin/../lib/gcc/arm-none-eabi/7.3.1/../../../../arm-none-eabi/lib/thumb/v7e-m/fpv4-sp/hard/libc_nano.a(lib_a-findfp.o)
                              /opt/st/stm32cubeide_1.2.0/plugins/com.st.stm32cube.ide.mcu.externaltools.gnu-tools-for-stm32.7-2018-q2-update.linux64_1.0.0.201904181610/tools/bin/../lib/gcc/arm-none-eabi/7.3.1/../../../../arm-none-eabi/lib/thumb/v7e-m/fpv4-sp/hard/libc_nano.a(lib_a-printf.o) (__sinit)
/opt/st/stm32cubeide_1.2.0/plugins/com.st.stm32cube.ide.mcu.externaltools.gnu-tools-for-stm32.7-2018-q2-update.linux64_1.0.0.201904181610/tools/bin/../lib/gcc/arm-none-eabi/7.3.1/../../../../arm-none-eabi/lib/thumb/v7e-m/fpv4-sp/hard/libc_nano.a(lib_a-fwalk.o)
                              /opt/st/stm32cubeide_1.2.0/plugins/com.st.stm32cube.ide.mcu.externaltools.gnu-tools-for-stm32.7-2018-q2-update.linux64_1.0.0.201904181610/tools/bin/../lib/gcc/arm-none-eabi/7.3.1/../../../../arm-none-eabi/lib/thumb/v7e-m/fpv4-sp/hard/libc_nano.a(lib_a-findfp.o) (_fwalk)
/opt/st/stm32cubeide_1.2.0/plugins/com.st.stm32cube.ide.mcu.externaltools.gnu-tools-for-stm32.7-2018-q2-update.linux64_1.0.0.201904181610/tools/bin/../lib/gcc/arm-none-eabi/7.3.1/../../../../arm-none-eabi/lib/thumb/v7e-m/fpv4-sp/hard/libc_nano.a(lib_a-nano-mallocr.o)
                              /opt/st/stm32cubeide_1.2.0/plugins/com.st.stm32cube.ide.mcu.externaltools.gnu-tools-for-stm32.7-2018-q2-update.linux64_1.0.0.201904181610/tools/bin/../lib/gcc/arm-none-eabi/7.3.1/../../../../arm-none-eabi/lib/thumb/v7e-m/fpv4-sp/hard/libc_nano.a(lib_a-findfp.o) (_malloc_r)
/opt/st/stm32cubeide_1.2.0/plugins/com.st.stm32cube.ide.mcu.externaltools.gnu-tools-for-stm32.7-2018-q2-update.linux64_1.0.0.201904181610/tools/bin/../lib/gcc/arm-none-eabi/7.3.1/../../../../arm-none-eabi/lib/thumb/v7e-m/fpv4-sp/hard/libc_nano.a(lib_a-nano-vfprintf.o)
[...]
Memory Configuration

Name             Origin             Length             Attributes
CCMRAM           0x0000000010000000 0x0000000000010000 xrw
RAM              0x0000000020000000 0x0000000000030000 xrw
FLASH            0x0000000008000000 0x0000000000200000 xr
*default*        0x0000000000000000 0xffffffffffffffff

Linker script and memory map

LOAD /opt/st/stm32cubeide_1.2.0/plugins/com.st.stm32cube.ide.mcu.externaltools.gnu-tools-for-stm32.7-2018-q2-update.linux64_1.0.0.201904181610/tools/bin/../lib/gcc/arm-none-eabi/7.3.1/thumb/v7e-m/fpv4-sp/hard/crti.o
LOAD /opt/st/stm32cubeide_1.2.0/plugins/com.st.stm32cube.ide.mcu.externaltools.gnu-tools-for-stm32.7-2018-q2-update.linux64_1.0.0.201904181610/tools/bin/../lib/gcc/arm-none-eabi/7.3.1/thumb/v7e-m/fpv4-sp/hard/crtbegin.o
LOAD /opt/st/stm32cubeide_1.2.0/plugins/com.st.stm32cube.ide.mcu.externaltools.gnu-tools-for-stm32.7-2018-q2-update.linux64_1.0.0.201904181610/tools/bin/../lib/gcc/arm-none-eabi/7.3.1/../../../../arm-none-eabi/lib/thumb/v7e-m/fpv4-sp/hard/crt0.o
LOAD Core/Src/main.o
LOAD Core/Src/stm32f4xx_hal_msp.o
LOAD Core/Src/stm32f4xx_it.o
LOAD Core/Src/syscalls.o
LOAD Core/Src/sysmem.o
LOAD Core/Src/system_stm32f4xx.o
LOAD Core/Startup/startup_stm32f429zitx.o
LOAD Drivers/STM32F4xx_HAL_Driver/Src/stm32f4xx_hal.o
LOAD Drivers/STM32F4xx_HAL_Driver/Src/stm32f4xx_hal_cortex.o
LOAD Drivers/STM32F4xx_HAL_Driver/Src/stm32f4xx_hal_dma.o
LOAD Drivers/STM32F4xx_HAL_Driver/Src/stm32f4xx_hal_dma_ex.o
LOAD Drivers/STM32F4xx_HAL_Driver/Src/stm32f4xx_hal_exti.o
LOAD Drivers/STM32F4xx_HAL_Driver/Src/stm32f4xx_hal_flash.o
LOAD Drivers/STM32F4xx_HAL_Driver/Src/stm32f4xx_hal_flash_ex.o
LOAD Drivers/STM32F4xx_HAL_Driver/Src/stm32f4xx_hal_flash_ramfunc.o
LOAD Drivers/STM32F4xx_HAL_Driver/Src/stm32f4xx_hal_gpio.o
LOAD Drivers/STM32F4xx_HAL_Driver/Src/stm32f4xx_hal_pwr.o
LOAD Drivers/STM32F4xx_HAL_Driver/Src/stm32f4xx_hal_pwr_ex.o
LOAD Drivers/STM32F4xx_HAL_Driver/Src/stm32f4xx_hal_rcc.o
LOAD Drivers/STM32F4xx_HAL_Driver/Src/stm32f4xx_hal_rcc_ex.o
LOAD Drivers/STM32F4xx_HAL_Driver/Src/stm32f4xx_hal_tim.o
LOAD Drivers/STM32F4xx_HAL_Driver/Src/stm32f4xx_hal_tim_ex.o
LOAD Drivers/STM32F4xx_HAL_Driver/Src/stm32f4xx_hal_uart.o
START GROUP
LOAD /opt/st/stm32cubeide_1.2.0/plugins/com.st.stm32cube.ide.mcu.externaltools.gnu-tools-for-stm32.7-2018-q2-update.linux64_1.0.0.201904181610/tools/bin/../lib/gcc/arm-none-eabi/7.3.1/../../../../arm-none-eabi/lib/thumb/v7e-m/fpv4-sp/hard/libc_nano.a
LOAD /opt/st/stm32cubeide_1.2.0/plugins/com.st.stm32cube.ide.mcu.externaltools.gnu-tools-for-stm32.7-2018-q2-update.linux64_1.0.0.201904181610/tools/bin/../lib/gcc/arm-none-eabi/7.3.1/../../../../arm-none-eabi/lib/thumb/v7e-m/fpv4-sp/hard/libm.a
END GROUP
START GROUP
LOAD /opt/st/stm32cubeide_1.2.0/plugins/com.st.stm32cube.ide.mcu.externaltools.gnu-tools-for-stm32.7-2018-q2-update.linux64_1.0.0.201904181610/tools/bin/../lib/gcc/arm-none-eabi/7.3.1/thumb/v7e-m/fpv4-sp/hard/libgcc.a
LOAD /opt/st/stm32cubeide_1.2.0/plugins/com.st.stm32cube.ide.mcu.externaltools.gnu-tools-for-stm32.7-2018-q2-update.linux64_1.0.0.201904181610/tools/bin/../lib/gcc/arm-none-eabi/7.3.1/../../../../arm-none-eabi/lib/thumb/v7e-m/fpv4-sp/hard/libc_nano.a
END GROUP
START GROUP
LOAD /opt/st/stm32cubeide_1.2.0/plugins/com.st.stm32cube.ide.mcu.externaltools.gnu-tools-for-stm32.7-2018-q2-update.linux64_1.0.0.201904181610/tools/bin/../lib/gcc/arm-none-eabi/7.3.1/thumb/v7e-m/fpv4-sp/hard/libgcc.a
LOAD /opt/st/stm32cubeide_1.2.0/plugins/com.st.stm32cube.ide.mcu.externaltools.gnu-tools-for-stm32.7-2018-q2-update.linux64_1.0.0.201904181610/tools/bin/../lib/gcc/arm-none-eabi/7.3.1/../../../../arm-none-eabi/lib/thumb/v7e-m/fpv4-sp/hard/libc_nano.a
LOAD /opt/st/stm32cubeide_1.2.0/plugins/com.st.stm32cube.ide.mcu.externaltools.gnu-tools-for-stm32.7-2018-q2-update.linux64_1.0.0.201904181610/tools/bin/../lib/gcc/arm-none-eabi/7.3.1/../../../../arm-none-eabi/lib/thumb/v7e-m/fpv4-sp/hard/libnosys.a
END GROUP
START GROUP
LOAD /opt/st/stm32cubeide_1.2.0/plugins/com.st.stm32cube.ide.mcu.externaltools.gnu-tools-for-stm32.7-2018-q2-update.linux64_1.0.0.201904181610/tools/bin/../lib/gcc/arm-none-eabi/7.3.1/thumb/v7e-m/fpv4-sp/hard/libgcc.a
LOAD /opt/st/stm32cubeide_1.2.0/plugins/com.st.stm32cube.ide.mcu.externaltools.gnu-tools-for-stm32.7-2018-q2-update.linux64_1.0.0.201904181610/tools/bin/../lib/gcc/arm-none-eabi/7.3.1/../../../../arm-none-eabi/lib/thumb/v7e-m/fpv4-sp/hard/libc_nano.a
LOAD /opt/st/stm32cubeide_1.2.0/plugins/com.st.stm32cube.ide.mcu.externaltools.gnu-tools-for-stm32.7-2018-q2-update.linux64_1.0.0.201904181610/tools/bin/../lib/gcc/arm-none-eabi/7.3.1/../../../../arm-none-eabi/lib/thumb/v7e-m/fpv4-sp/hard/libnosys.a
END GROUP
LOAD /opt/st/stm32cubeide_1.2.0/plugins/com.st.stm32cube.ide.mcu.externaltools.gnu-tools-for-stm32.7-2018-q2-update.linux64_1.0.0.201904181610/tools/bin/../lib/gcc/arm-none-eabi/7.3.1/thumb/v7e-m/fpv4-sp/hard/crtend.o
LOAD /opt/st/stm32cubeide_1.2.0/plugins/com.st.stm32cube.ide.mcu.externaltools.gnu-tools-for-stm32.7-2018-q2-update.linux64_1.0.0.201904181610/tools/bin/../lib/gcc/arm-none-eabi/7.3.1/thumb/v7e-m/fpv4-sp/hard/crtn.o
                0x0000000020030000                _estack = (ORIGIN (RAM) + LENGTH (RAM))
                0x0000000000000200                _Min_Heap_Size = 0x200
                0x0000000000000400                _Min_Stack_Size = 0x400

.isr_vector     0x0000000008000000      0x1ac
                0x0000000008000000                . = ALIGN (0x4)
 *(.isr_vector)
 .isr_vector    0x0000000008000000      0x1ac Core/Startup/startup_stm32f429zitx.o
                0x0000000008000000                g_pfnVectors
                0x00000000080001ac                . = ALIGN (0x4)

.text           0x00000000080001b0     0x3bbc
                0x00000000080001b0                . = ALIGN (0x4)
 *(.text)
 .text          0x00000000080001b0       0x40 /opt/st/stm32cubeide_1.2.0/plugins/com.st.stm32cube.ide.mcu.externaltools.gnu-tools-for-stm32.7-2018-q2-update.linux64_1.0.0.201904181610/tools/bin/../lib/gcc/arm-none-eabi/7.3.1/thumb/v7e-m/fpv4-sp/hard/crtbegin.o
 .text          0x00000000080001f0       0xa0 /opt/st/stm32cubeide_1.2.0/plugins/com.st.stm32cube.ide.mcu.externaltools.gnu-tools-for-stm32.7-2018-q2-update.linux64_1.0.0.201904181610/tools/bin/../lib/gcc/arm-none-eabi/7.3.1/../../../../arm-none-eabi/lib/thumb/v7e-m/fpv4-sp/hard/libc_nano.a(lib_a-memchr.o)
                0x00000000080001f0                memchr
 .text          0x0000000008000290       0x30 /opt/st/stm32cubeide_1.2.0/plugins/com.st.stm32cube.ide.mcu.externaltools.gnu-tools-for-stm32.7-2018-q2-update.linux64_1.0.0.201904181610/tools/bin/../lib/gcc/arm-none-eabi/7.3.1/thumb/v7e-m/fpv4-sp/hard/libgcc.a(_aeabi_uldivmod.o)
                0x0000000008000290                __aeabi_uldivmod
 .text          0x00000000080002c0      0x2cc /opt/st/stm32cubeide_1.2.0/plugins/com.st.stm32cube.ide.mcu.externaltools.gnu-tools-for-stm32.7-2018-q2-update.linux64_1.0.0.201904181610/tools/bin/../lib/gcc/arm-none-eabi/7.3.1/thumb/v7e-m/fpv4-sp/hard/libgcc.a(_udivmoddi4.o)
                0x00000000080002c0                __udivmoddi4
 .text          0x000000000800058c        0x4 /opt/st/stm32cubeide_1.2.0/plugins/com.st.stm32cube.ide.mcu.externaltools.gnu-tools-for-stm32.7-2018-q2-update.linux64_1.0.0.201904181610/tools/bin/../lib/gcc/arm-none-eabi/7.3.1/thumb/v7e-m/fpv4-sp/hard/libgcc.a(_dvmd_tls.o)
                0x000000000800058c                __aeabi_ldiv0
                0x000000000800058c                __aeabi_idiv0
 *(.text*)
 .text.ITM_SendChar
                0x0000000008000590       0x4e Core/Src/main.o
 .text.__io_putchar
                0x00000000080005de       0x1a Core/Src/main.o
                0x00000000080005de                __io_putchar
 .text.main     0x00000000080005f8       0xe8 Core/Src/main.o
                0x00000000080005f8                main
 .text.SystemClock_Config
                0x00000000080006e0       0xd4 Core/Src/main.o
                0x00000000080006e0                SystemClock_Config
 .text.MX_TIM2_Init
                0x00000000080007b4       0x98 Core/Src/main.o
 .text.MX_USART3_UART_Init
                0x000000000800084c       0x54 Core/Src/main.o
 .text.MX_GPIO_Init
                0x00000000080008a0      0x2c0 Core/Src/main.o
 .text.HAL_TIM_PeriodElapsedCallback
                0x0000000008000b60      0x150 Core/Src/main.o
                0x0000000008000b60                HAL_TIM_PeriodElapsedCallback
 .text.Error_Handler
                0x0000000008000cb0        0xe Core/Src/main.o
                0x0000000008000cb0                Error_Handler
 *fill*         0x0000000008000cbe        0x2 
 .text.HAL_MspInit
                0x0000000008000cc0       0x50 Core/Src/stm32f4xx_hal_msp.o
                0x0000000008000cc0                HAL_MspInit
 .text.HAL_TIM_Base_MspInit
                0x0000000008000d10       0x4c Core/Src/stm32f4xx_hal_msp.o
                0x0000000008000d10                HAL_TIM_Base_MspInit
 .text.HAL_UART_MspInit
                0x0000000008000d5c       0x90 Core/Src/stm32f4xx_hal_msp.o
                0x0000000008000d5c                HAL_UART_MspInit
 .text.NMI_Handler
                0x0000000008000dec        0xe Core/Src/stm32f4xx_it.o
                0x0000000008000dec                NMI_Handler
 .text.HardFault_Handler
                0x0000000008000dfa        0x6 Core/Src/stm32f4xx_it.o
                0x0000000008000dfa                HardFault_Handler
 .text.MemManage_Handler
                0x0000000008000e00        0x6 Core/Src/stm32f4xx_it.o
                0x0000000008000e00                MemManage_Handler
 .text.BusFault_Handler
                0x0000000008000e06        0x6 Core/Src/stm32f4xx_it.o
                0x0000000008000e06                BusFault_Handler
 .text.UsageFault_Handler
                0x0000000008000e0c        0x6 Core/Src/stm32f4xx_it.o
                0x0000000008000e0c                UsageFault_Handler
 .text.SVC_Handler
                0x0000000008000e12        0xe Core/Src/stm32f4xx_it.o
                0x0000000008000e12                SVC_Handler
 .text.DebugMon_Handler
                0x0000000008000e20        0xe Core/Src/stm32f4xx_it.o
                0x0000000008000e20                DebugMon_Handler
 .text.PendSV_Handler
                0x0000000008000e2e        0xe Core/Src/stm32f4xx_it.o
                0x0000000008000e2e                PendSV_Handler
 .text.SysTick_Handler
                0x0000000008000e3c        0xc Core/Src/stm32f4xx_it.o
                0x0000000008000e3c                SysTick_Handler
 .text.TIM2_IRQHandler
                0x0000000008000e48       0x14 Core/Src/stm32f4xx_it.o
                0x0000000008000e48                TIM2_IRQHandler
 .text._read    0x0000000008000e5c       0x3a Core/Src/syscalls.o
                0x0000000008000e5c                _read
 .text._write   0x0000000008000e96       0x38 Core/Src/syscalls.o
                0x0000000008000e96                _write
 .text._close   0x0000000008000ece       0x18 Core/Src/syscalls.o
                0x0000000008000ece                _close
 .text._fstat   0x0000000008000ee6       0x20 Core/Src/syscalls.o
                0x0000000008000ee6                _fstat
 .text._isatty  0x0000000008000f06       0x16 Core/Src/syscalls.o
                0x0000000008000f06                _isatty
 .text._lseek   0x0000000008000f1c       0x1a Core/Src/syscalls.o
                0x0000000008000f1c                _lseek
 *fill*         0x0000000008000f36        0x2 
 .text._sbrk    0x0000000008000f38       0x58 Core/Src/sysmem.o
                0x0000000008000f38                _sbrk
 .text.SystemInit
                0x0000000008000f90       0x2c Core/Src/system_stm32f4xx.o
                0x0000000008000f90                SystemInit
 .text.Reset_Handler
                0x0000000008000fbc       0x50 Core/Startup/startup_stm32f429zitx.o
                0x0000000008000fbc                Reset_Handler
 .text.Default_Handler
                0x000000000800100c        0x2 Core/Startup/startup_stm32f429zitx.o
                0x000000000800100c                RTC_Alarm_IRQHandler
                0x000000000800100c                HASH_RNG_IRQHandler
                0x000000000800100c                EXTI2_IRQHandler
                0x000000000800100c                TIM8_CC_IRQHandler
                0x000000000800100c                UART8_IRQHandler
                0x000000000800100c                SPI4_IRQHandler
                0x000000000800100c                TIM1_CC_IRQHandler
                0x000000000800100c                DMA2_Stream5_IRQHandler
                0x000000000800100c                DMA1_Stream5_IRQHandler
                0x000000000800100c                PVD_IRQHandler
                0x000000000800100c                SDIO_IRQHandler
                0x000000000800100c                TAMP_STAMP_IRQHandler
                0x000000000800100c                CAN2_RX1_IRQHandler
                0x000000000800100c                EXTI3_IRQHandler
                0x000000000800100c                TIM8_TRG_COM_TIM14_IRQHandler
                0x000000000800100c                TIM1_UP_TIM10_IRQHandler
                0x000000000800100c                TIM8_UP_TIM13_IRQHandler
                0x000000000800100c                I2C3_ER_IRQHandler
                0x000000000800100c                EXTI0_IRQHandler
                0x000000000800100c                I2C2_EV_IRQHandler
                0x000000000800100c                DMA1_Stream2_IRQHandler
                0x000000000800100c                CAN1_RX0_IRQHandler
                0x000000000800100c                FPU_IRQHandler
                0x000000000800100c                OTG_HS_WKUP_IRQHandler
                0x000000000800100c                LTDC_ER_IRQHandler
                0x000000000800100c                CAN2_SCE_IRQHandler
                0x000000000800100c                DMA2_Stream2_IRQHandler
                0x000000000800100c                SPI1_IRQHandler
                0x000000000800100c                TIM6_DAC_IRQHandler
                0x000000000800100c                TIM1_BRK_TIM9_IRQHandler
                0x000000000800100c                DCMI_IRQHandler
                0x000000000800100c                CAN2_RX0_IRQHandler
                0x000000000800100c                DMA2_Stream3_IRQHandler
                0x000000000800100c                USART6_IRQHandler
                0x000000000800100c                USART3_IRQHandler
                0x000000000800100c                CAN1_RX1_IRQHandler
                0x000000000800100c                UART5_IRQHandler
                0x000000000800100c                DMA2_Stream0_IRQHandler
                0x000000000800100c                TIM4_IRQHandler
                0x000000000800100c                I2C1_EV_IRQHandler
                0x000000000800100c                DMA1_Stream6_IRQHandler
                0x000000000800100c                DMA1_Stream1_IRQHandler
                0x000000000800100c                UART4_IRQHandler
                0x000000000800100c                TIM3_IRQHandler
                0x000000000800100c                RCC_IRQHandler
                0x000000000800100c                TIM8_BRK_TIM12_IRQHandler
                0x000000000800100c                Default_Handler
                0x000000000800100c                EXTI15_10_IRQHandler
                0x000000000800100c                ADC_IRQHandler
                0x000000000800100c                DMA1_Stream7_IRQHandler
                0x000000000800100c                SPI5_IRQHandler
                0x000000000800100c                TIM7_IRQHandler
                0x000000000800100c                CAN2_TX_IRQHandler
                0x000000000800100c                TIM5_IRQHandler
                0x000000000800100c                DMA2_Stream7_IRQHandler
                0x000000000800100c                I2C3_EV_IRQHandler
                0x000000000800100c                EXTI9_5_IRQHandler
                0x000000000800100c                RTC_WKUP_IRQHandler
                0x000000000800100c                LTDC_IRQHandler
                0x000000000800100c                ETH_WKUP_IRQHandler
                0x000000000800100c                SPI2_IRQHandler
                0x000000000800100c                OTG_HS_EP1_IN_IRQHandler
                0x000000000800100c                DMA1_Stream0_IRQHandler
                0x000000000800100c                CAN1_TX_IRQHandler
                0x000000000800100c                EXTI4_IRQHandler
                0x000000000800100c                ETH_IRQHandler
                0x000000000800100c                OTG_HS_EP1_OUT_IRQHandler
                0x000000000800100c                WWDG_IRQHandler
                0x000000000800100c                SPI6_IRQHandler
                0x000000000800100c                OTG_FS_WKUP_IRQHandler
                0x000000000800100c                TIM1_TRG_COM_TIM11_IRQHandler
                0x000000000800100c                OTG_HS_IRQHandler
                0x000000000800100c                DMA2D_IRQHandler
                0x000000000800100c                EXTI1_IRQHandler
                0x000000000800100c                UART7_IRQHandler
                0x000000000800100c                USART2_IRQHandler
                0x000000000800100c                I2C2_ER_IRQHandler
                0x000000000800100c                DMA2_Stream1_IRQHandler
                0x000000000800100c                CAN1_SCE_IRQHandler
                0x000000000800100c                FLASH_IRQHandler
                0x000000000800100c                DMA2_Stream4_IRQHandler
                0x000000000800100c                USART1_IRQHandler
                0x000000000800100c                OTG_FS_IRQHandler
                0x000000000800100c                SPI3_IRQHandler
                0x000000000800100c                DMA1_Stream4_IRQHandler
                0x000000000800100c                I2C1_ER_IRQHandler
                0x000000000800100c                FMC_IRQHandler
                0x000000000800100c                DMA2_Stream6_IRQHandler
                0x000000000800100c                SAI1_IRQHandler
                0x000000000800100c                DMA1_Stream3_IRQHandler
 *fill*         0x000000000800100e        0x2 
 .text.HAL_Init
                0x0000000008001010       0x44 Drivers/STM32F4xx_HAL_Driver/Src/stm32f4xx_hal.o
                0x0000000008001010                HAL_Init
 .text.HAL_InitTick
                0x0000000008001054       0x60 Drivers/STM32F4xx_HAL_Driver/Src/stm32f4xx_hal.o
                0x0000000008001054                HAL_InitTick
 .text.HAL_IncTick
                0x00000000080010b4       0x28 Drivers/STM32F4xx_HAL_Driver/Src/stm32f4xx_hal.o
                0x00000000080010b4                HAL_IncTick
 .text.HAL_GetTick
                0x00000000080010dc       0x18 Drivers/STM32F4xx_HAL_Driver/Src/stm32f4xx_hal.o
                0x00000000080010dc                HAL_GetTick
 .text.__NVIC_SetPriorityGrouping
                0x00000000080010f4       0x48 Drivers/STM32F4xx_HAL_Driver/Src/stm32f4xx_hal_cortex.o
 .text.__NVIC_GetPriorityGrouping
                0x000000000800113c       0x1c Drivers/STM32F4xx_HAL_Driver/Src/stm32f4xx_hal_cortex.o
 .text.__NVIC_EnableIRQ
                0x0000000008001158       0x3c Drivers/STM32F4xx_HAL_Driver/Src/stm32f4xx_hal_cortex.o
 .text.__NVIC_SetPriority
                0x0000000008001194       0x54 Drivers/STM32F4xx_HAL_Driver/Src/stm32f4xx_hal_cortex.o
 .text.NVIC_EncodePriority
                0x00000000080011e8       0x66 Drivers/STM32F4xx_HAL_Driver/Src/stm32f4xx_hal_cortex.o
 *fill*         0x000000000800124e        0x2 
 .text.SysTick_Config
                0x0000000008001250       0x44 Drivers/STM32F4xx_HAL_Driver/Src/stm32f4xx_hal_cortex.o
 .text.HAL_NVIC_SetPriorityGrouping
                0x0000000008001294       0x16 Drivers/STM32F4xx_HAL_Driver/Src/stm32f4xx_hal_cortex.o
                0x0000000008001294                HAL_NVIC_SetPriorityGrouping
 .text.HAL_NVIC_SetPriority
                0x00000000080012aa       0x38 Drivers/STM32F4xx_HAL_Driver/Src/stm32f4xx_hal_cortex.o
                0x00000000080012aa                HAL_NVIC_SetPriority
 .text.HAL_NVIC_EnableIRQ
                0x00000000080012e2       0x1c Drivers/STM32F4xx_HAL_Driver/Src/stm32f4xx_hal_cortex.o
                0x00000000080012e2                HAL_NVIC_EnableIRQ
 .text.HAL_SYSTICK_Config
                0x00000000080012fe       0x18 Drivers/STM32F4xx_HAL_Driver/Src/stm32f4xx_hal_cortex.o
                0x00000000080012fe                HAL_SYSTICK_Config
 *fill*         0x0000000008001316        0x2 
 .text.HAL_GPIO_Init
                0x0000000008001318      0x354 Drivers/STM32F4xx_HAL_Driver/Src/stm32f4xx_hal_gpio.o
                0x0000000008001318                HAL_GPIO_Init
 .text.HAL_GPIO_ReadPin
                0x000000000800166c       0x30 Drivers/STM32F4xx_HAL_Driver/Src/stm32f4xx_hal_gpio.o
                0x000000000800166c                HAL_GPIO_ReadPin
 .text.HAL_GPIO_WritePin
                0x000000000800169c       0x32 Drivers/STM32F4xx_HAL_Driver/Src/stm32f4xx_hal_gpio.o
                0x000000000800169c                HAL_GPIO_WritePin
 *fill*         0x00000000080016ce        0x2 
 .text.HAL_RCC_OscConfig
                0x00000000080016d0      0x4e0 Drivers/STM32F4xx_HAL_Driver/Src/stm32f4xx_hal_rcc.o
                0x00000000080016d0                HAL_RCC_OscConfig
 .text.HAL_RCC_ClockConfig
                0x0000000008001bb0      0x1cc Drivers/STM32F4xx_HAL_Driver/Src/stm32f4xx_hal_rcc.o
                0x0000000008001bb0                HAL_RCC_ClockConfig
 .text.HAL_RCC_GetSysClockFreq
                0x0000000008001d7c      0x1b0 Drivers/STM32F4xx_HAL_Driver/Src/stm32f4xx_hal_rcc.o
                0x0000000008001d7c                HAL_RCC_GetSysClockFreq
 .text.HAL_RCC_GetHCLKFreq
                0x0000000008001f2c       0x18 Drivers/STM32F4xx_HAL_Driver/Src/stm32f4xx_hal_rcc.o
                0x0000000008001f2c                HAL_RCC_GetHCLKFreq
 .text.HAL_RCC_GetPCLK1Freq
                0x0000000008001f44       0x28 Drivers/STM32F4xx_HAL_Driver/Src/stm32f4xx_hal_rcc.o
                0x0000000008001f44                HAL_RCC_GetPCLK1Freq
 .text.HAL_RCC_GetPCLK2Freq
                0x0000000008001f6c       0x28 Drivers/STM32F4xx_HAL_Driver/Src/stm32f4xx_hal_rcc.o
                0x0000000008001f6c                HAL_RCC_GetPCLK2Freq
 .text.HAL_TIM_Base_Init
                0x0000000008001f94       0x56 Drivers/STM32F4xx_HAL_Driver/Src/stm32f4xx_hal_tim.o
                0x0000000008001f94                HAL_TIM_Base_Init
 .text.HAL_TIM_Base_Start_IT
                0x0000000008001fea       0x48 Drivers/STM32F4xx_HAL_Driver/Src/stm32f4xx_hal_tim.o
                0x0000000008001fea                HAL_TIM_Base_Start_IT
 .text.HAL_TIM_IRQHandler
                0x0000000008002032      0x210 Drivers/STM32F4xx_HAL_Driver/Src/stm32f4xx_hal_tim.o
                0x0000000008002032                HAL_TIM_IRQHandler
 .text.HAL_TIM_ConfigClockSource
                0x0000000008002242      0x16e Drivers/STM32F4xx_HAL_Driver/Src/stm32f4xx_hal_tim.o
                0x0000000008002242                HAL_TIM_ConfigClockSource
 .text.HAL_TIM_OC_DelayElapsedCallback
                0x00000000080023b0       0x14 Drivers/STM32F4xx_HAL_Driver/Src/stm32f4xx_hal_tim.o
                0x00000000080023b0                HAL_TIM_OC_DelayElapsedCallback
 .text.HAL_TIM_IC_CaptureCallback
                0x00000000080023c4       0x14 Drivers/STM32F4xx_HAL_Driver/Src/stm32f4xx_hal_tim.o
                0x00000000080023c4                HAL_TIM_IC_CaptureCallback
 .text.HAL_TIM_PWM_PulseFinishedCallback
                0x00000000080023d8       0x14 Drivers/STM32F4xx_HAL_Driver/Src/stm32f4xx_hal_tim.o
                0x00000000080023d8                HAL_TIM_PWM_PulseFinishedCallback
 .text.HAL_TIM_TriggerCallback
                0x00000000080023ec       0x14 Drivers/STM32F4xx_HAL_Driver/Src/stm32f4xx_hal_tim.o
                0x00000000080023ec                HAL_TIM_TriggerCallback
 .text.TIM_Base_SetConfig
                0x0000000008002400      0x140 Drivers/STM32F4xx_HAL_Driver/Src/stm32f4xx_hal_tim.o
                0x0000000008002400                TIM_Base_SetConfig
 .text.TIM_TI1_ConfigInputStage
                0x0000000008002540       0x5e Drivers/STM32F4xx_HAL_Driver/Src/stm32f4xx_hal_tim.o
 .text.TIM_TI2_ConfigInputStage
                0x000000000800259e       0x60 Drivers/STM32F4xx_HAL_Driver/Src/stm32f4xx_hal_tim.o
 .text.TIM_ITRx_SetConfig
                0x00000000080025fe       0x36 Drivers/STM32F4xx_HAL_Driver/Src/stm32f4xx_hal_tim.o
 .text.TIM_ETR_SetConfig
                0x0000000008002634       0x40 Drivers/STM32F4xx_HAL_Driver/Src/stm32f4xx_hal_tim.o
                0x0000000008002634                TIM_ETR_SetConfig
 .text.HAL_TIMEx_MasterConfigSynchronization
                0x0000000008002674       0xf8 Drivers/STM32F4xx_HAL_Driver/Src/stm32f4xx_hal_tim_ex.o
                0x0000000008002674                HAL_TIMEx_MasterConfigSynchronization
 .text.HAL_TIMEx_CommutCallback
                0x000000000800276c       0x14 Drivers/STM32F4xx_HAL_Driver/Src/stm32f4xx_hal_tim_ex.o
                0x000000000800276c                HAL_TIMEx_CommutCallback
 .text.HAL_TIMEx_BreakCallback
                0x0000000008002780       0x14 Drivers/STM32F4xx_HAL_Driver/Src/stm32f4xx_hal_tim_ex.o
                0x0000000008002780                HAL_TIMEx_BreakCallback
 .text.HAL_UART_Init
                0x0000000008002794       0x9a Drivers/STM32F4xx_HAL_Driver/Src/stm32f4xx_hal_uart.o
                0x0000000008002794                HAL_UART_Init
 *fill*         0x000000000800282e        0x2 
 .text.UART_SetConfig
                0x0000000008002830      0x6f8 Drivers/STM32F4xx_HAL_Driver/Src/stm32f4xx_hal_uart.o
 .text.__errno  0x0000000008002f28        0xc /opt/st/stm32cubeide_1.2.0/plugins/com.st.stm32cube.ide.mcu.externaltools.gnu-tools-for-stm32.7-2018-q2-update.linux64_1.0.0.201904181610/tools/bin/../lib/gcc/arm-none-eabi/7.3.1/../../../../arm-none-eabi/lib/thumb/v7e-m/fpv4-sp/hard/libc_nano.a(lib_a-errno.o)
                0x0000000008002f28                __errno
 .text.__libc_init_array
                0x0000000008002f34       0x48 /opt/st/stm32cubeide_1.2.0/plugins/com.st.stm32cube.ide.mcu.externaltools.gnu-tools-for-stm32.7-2018-q2-update.linux64_1.0.0.201904181610/tools/bin/../lib/gcc/arm-none-eabi/7.3.1/../../../../arm-none-eabi/lib/thumb/v7e-m/fpv4-sp/hard/libc_nano.a(lib_a-init.o)
                0x0000000008002f34                __libc_init_array
 .text.memset   0x0000000008002f7c       0x10 /opt/st/stm32cubeide_1.2.0/plugins/com.st.stm32cube.ide.mcu.externaltools.gnu-tools-for-stm32.7-2018-q2-update.linux64_1.0.0.201904181610/tools/bin/../lib/gcc/arm-none-eabi/7.3.1/../../../../arm-none-eabi/lib/thumb/v7e-m/fpv4-sp/hard/libc_nano.a(lib_a-memset.o)
                0x0000000008002f7c                memset
 .text.printf   0x0000000008002f8c       0x30 /opt/st/stm32cubeide_1.2.0/plugins/com.st.stm32cube.ide.mcu.externaltools.gnu-tools-for-stm32.7-2018-q2-update.linux64_1.0.0.201904181610/tools/bin/../lib/gcc/arm-none-eabi/7.3.1/../../../../arm-none-eabi/lib/thumb/v7e-m/fpv4-sp/hard/libc_nano.a(lib_a-printf.o)
                0x0000000008002f8c                printf
                0x0000000008002f8c                iprintf
 .text.std      0x0000000008002fbc       0x48 /opt/st/stm32cubeide_1.2.0/plugins/com.st.stm32cube.ide.mcu.externaltools.gnu-tools-for-stm32.7-2018-q2-update.linux64_1.0.0.201904181610/tools/bin/../lib/gcc/arm-none-eabi/7.3.1/../../../../arm-none-eabi/lib/thumb/v7e-m/fpv4-sp/hard/libc_nano.a(lib_a-findfp.o)
 .text._cleanup_r
                0x0000000008003004        0xc /opt/st/stm32cubeide_1.2.0/plugins/com.st.stm32cube.ide.mcu.externaltools.gnu-tools-for-stm32.7-2018-q2-update.linux64_1.0.0.201904181610/tools/bin/../lib/gcc/arm-none-eabi/7.3.1/../../../../arm-none-eabi/lib/thumb/v7e-m/fpv4-sp/hard/libc_nano.a(lib_a-findfp.o)
                0x0000000008003004                _cleanup_r
 .text.__sfmoreglue
                0x0000000008003010       0x2c /opt/st/stm32cubeide_1.2.0/plugins/com.st.stm32cube.ide.mcu.externaltools.gnu-tools-for-stm32.7-2018-q2-update.linux64_1.0.0.201904181610/tools/bin/../lib/gcc/arm-none-eabi/7.3.1/../../../../arm-none-eabi/lib/thumb/v7e-m/fpv4-sp/hard/libc_nano.a(lib_a-findfp.o)
                0x0000000008003010                __sfmoreglue
 .text.__sinit  0x000000000800303c       0x60 /opt/st/stm32cubeide_1.2.0/plugins/com.st.stm32cube.ide.mcu.externaltools.gnu-tools-for-stm32.7-2018-q2-update.linux64_1.0.0.201904181610/tools/bin/../lib/gcc/arm-none-eabi/7.3.1/../../../../arm-none-eabi/lib/thumb/v7e-m/fpv4-sp/hard/libc_nano.a(lib_a-findfp.o)
                0x000000000800303c                __sinit
 .text.__sfp    0x000000000800309c       0x78 /opt/st/stm32cubeide_1.2.0/plugins/com.st.stm32cube.ide.mcu.externaltools.gnu-tools-for-stm32.7-2018-q2-update.linux64_1.0.0.201904181610/tools/bin/../lib/gcc/arm-none-eabi/7.3.1/../../../../arm-none-eabi/lib/thumb/v7e-m/fpv4-sp/hard/libc_nano.a(lib_a-findfp.o)
                0x000000000800309c                __sfp
 .text._fwalk_reent
                0x0000000008003114       0x3c /opt/st/stm32cubeide_1.2.0/plugins/com.st.stm32cube.ide.mcu.externaltools.gnu-tools-for-stm32.7-2018-q2-update.linux64_1.0.0.201904181610/tools/bin/../lib/gcc/arm-none-eabi/7.3.1/../../../../arm-none-eabi/lib/thumb/v7e-m/fpv4-sp/hard/libc_nano.a(lib_a-fwalk.o)
                0x0000000008003114                _fwalk_reent
 .text._malloc_r
                0x0000000008003150       0xb4 /opt/st/stm32cubeide_1.2.0/plugins/com.st.stm32cube.ide.mcu.externaltools.gnu-tools-for-stm32.7-2018-q2-update.linux64_1.0.0.201904181610/tools/bin/../lib/gcc/arm-none-eabi/7.3.1/../../../../arm-none-eabi/lib/thumb/v7e-m/fpv4-sp/hard/libc_nano.a(lib_a-nano-mallocr.o)
                0x0000000008003150                _malloc_r
 .text.__sfputc_r
                0x0000000008003204       0x2e /opt/st/stm32cubeide_1.2.0/plugins/com.st.stm32cube.ide.mcu.externaltools.gnu-tools-for-stm32.7-2018-q2-update.linux64_1.0.0.201904181610/tools/bin/../lib/gcc/arm-none-eabi/7.3.1/../../../../arm-none-eabi/lib/thumb/v7e-m/fpv4-sp/hard/libc_nano.a(lib_a-nano-vfprintf.o)
 .text.__sfputs_r
                0x0000000008003232       0x24 /opt/st/stm32cubeide_1.2.0/plugins/com.st.stm32cube.ide.mcu.externaltools.gnu-tools-for-stm32.7-2018-q2-update.linux64_1.0.0.201904181610/tools/bin/../lib/gcc/arm-none-eabi/7.3.1/../../../../arm-none-eabi/lib/thumb/v7e-m/fpv4-sp/hard/libc_nano.a(lib_a-nano-vfprintf.o)
                0x0000000008003232                __sfputs_r
 *fill*         0x0000000008003256        0x2 
 .text._vfprintf_r
                0x0000000008003258      0x22c /opt/st/stm32cubeide_1.2.0/plugins/com.st.stm32cube.ide.mcu.externaltools.gnu-tools-for-stm32.7-2018-q2-update.linux64_1.0.0.201904181610/tools/bin/../lib/gcc/arm-none-eabi/7.3.1/../../../../arm-none-eabi/lib/thumb/v7e-m/fpv4-sp/hard/libc_nano.a(lib_a-nano-vfprintf.o)
                0x0000000008003258                _vfiprintf_r
                0x0000000008003258                _vfprintf_r
 .text._printf_common
                0x0000000008003484       0xea /opt/st/stm32cubeide_1.2.0/plugins/com.st.stm32cube.ide.mcu.externaltools.gnu-tools-for-stm32.7-2018-q2-update.linux64_1.0.0.201904181610/tools/bin/../lib/gcc/arm-none-eabi/7.3.1/../../../../arm-none-eabi/lib/thumb/v7e-m/fpv4-sp/hard/libc_nano.a(lib_a-nano-vfprintf_i.o)
                0x0000000008003484                _printf_common
 *fill*         0x000000000800356e        0x2 
 .text._printf_i
                0x0000000008003570      0x224 /opt/st/stm32cubeide_1.2.0/plugins/com.st.stm32cube.ide.mcu.externaltools.gnu-tools-for-stm32.7-2018-q2-update.linux64_1.0.0.201904181610/tools/bin/../lib/gcc/arm-none-eabi/7.3.1/../../../../arm-none-eabi/lib/thumb/v7e-m/fpv4-sp/hard/libc_nano.a(lib_a-nano-vfprintf_i.o)
                0x0000000008003570                _printf_i
 .text._sbrk_r  0x0000000008003794       0x20 /opt/st/stm32cubeide_1.2.0/plugins/com.st.stm32cube.ide.mcu.externaltools.gnu-tools-for-stm32.7-2018-q2-update.linux64_1.0.0.201904181610/tools/bin/../lib/gcc/arm-none-eabi/7.3.1/../../../../arm-none-eabi/lib/thumb/v7e-m/fpv4-sp/hard/libc_nano.a(lib_a-sbrkr.o)
                0x0000000008003794                _sbrk_r
 .text.__sread  0x00000000080037b4       0x22 /opt/st/stm32cubeide_1.2.0/plugins/com.st.stm32cube.ide.mcu.externaltools.gnu-tools-for-stm32.7-2018-q2-update.linux64_1.0.0.201904181610/tools/bin/../lib/gcc/arm-none-eabi/7.3.1/../../../../arm-none-eabi/lib/thumb/v7e-m/fpv4-sp/hard/libc_nano.a(lib_a-stdio.o)
                0x00000000080037b4                __sread
 .text.__swrite
                0x00000000080037d6       0x38 /opt/st/stm32cubeide_1.2.0/plugins/com.st.stm32cube.ide.mcu.externaltools.gnu-tools-for-stm32.7-2018-q2-update.linux64_1.0.0.201904181610/tools/bin/../lib/gcc/arm-none-eabi/7.3.1/../../../../arm-none-eabi/lib/thumb/v7e-m/fpv4-sp/hard/libc_nano.a(lib_a-stdio.o)
                0x00000000080037d6                __swrite
 .text.__sseek  0x000000000800380e       0x24 /opt/st/stm32cubeide_1.2.0/plugins/com.st.stm32cube.ide.mcu.externaltools.gnu-tools-for-stm32.7-2018-q2-update.linux64_1.0.0.201904181610/tools/bin/../lib/gcc/arm-none-eabi/7.3.1/../../../../arm-none-eabi/lib/thumb/v7e-m/fpv4-sp/hard/libc_nano.a(lib_a-stdio.o)
                0x000000000800380e                __sseek
 .text.__sclose
                0x0000000008003832        0x8 /opt/st/stm32cubeide_1.2.0/plugins/com.st.stm32cube.ide.mcu.externaltools.gnu-tools-for-stm32.7-2018-q2-update.linux64_1.0.0.201904181610/tools/bin/../lib/gcc/arm-none-eabi/7.3.1/../../../../arm-none-eabi/lib/thumb/v7e-m/fpv4-sp/hard/libc_nano.a(lib_a-stdio.o)
                0x0000000008003832                __sclose
 *fill*         0x000000000800383a        0x2 
 .text.__swbuf_r
                0x000000000800383c       0xa4 /opt/st/stm32cubeide_1.2.0/plugins/com.st.stm32cube.ide.mcu.externaltools.gnu-tools-for-stm32.7-2018-q2-update.linux64_1.0.0.201904181610/tools/bin/../lib/gcc/arm-none-eabi/7.3.1/../../../../arm-none-eabi/lib/thumb/v7e-m/fpv4-sp/hard/libc_nano.a(lib_a-wbuf.o)
                0x000000000800383c                __swbuf_r
 .text._write_r
                0x00000000080038e0       0x24 /opt/st/stm32cubeide_1.2.0/plugins/com.st.stm32cube.ide.mcu.externaltools.gnu-tools-for-stm32.7-2018-q2-update.linux64_1.0.0.201904181610/tools/bin/../lib/gcc/arm-none-eabi/7.3.1/../../../../arm-none-eabi/lib/thumb/v7e-m/fpv4-sp/hard/libc_nano.a(lib_a-writer.o)
                0x00000000080038e0                _write_r
 .text.__swsetup_r
                0x0000000008003904       0xdc /opt/st/stm32cubeide_1.2.0/plugins/com.st.stm32cube.ide.mcu.externaltools.gnu-tools-for-stm32.7-2018-q2-update.linux64_1.0.0.201904181610/tools/bin/../lib/gcc/arm-none-eabi/7.3.1/../../../../arm-none-eabi/lib/thumb/v7e-m/fpv4-sp/hard/libc_nano.a(lib_a-wsetup.o)
                0x0000000008003904                __swsetup_r
 .text._close_r
                0x00000000080039e0       0x20 /opt/st/stm32cubeide_1.2.0/plugins/com.st.stm32cube.ide.mcu.externaltools.gnu-tools-for-stm32.7-2018-q2-update.linux64_1.0.0.201904181610/tools/bin/../lib/gcc/arm-none-eabi/7.3.1/../../../../arm-none-eabi/lib/thumb/v7e-m/fpv4-sp/hard/libc_nano.a(lib_a-closer.o)
                0x00000000080039e0                _close_r
 .text.__sflush_r
                0x0000000008003a00      0x10c /opt/st/stm32cubeide_1.2.0/plugins/com.st.stm32cube.ide.mcu.externaltools.gnu-tools-for-stm32.7-2018-q2-update.linux64_1.0.0.201904181610/tools/bin/../lib/gcc/arm-none-eabi/7.3.1/../../../../arm-none-eabi/lib/thumb/v7e-m/fpv4-sp/hard/libc_nano.a(lib_a-fflush.o)
                0x0000000008003a00                __sflush_r
 .text._fflush_r
                0x0000000008003b0c       0x54 /opt/st/stm32cubeide_1.2.0/plugins/com.st.stm32cube.ide.mcu.externaltools.gnu-tools-for-stm32.7-2018-q2-update.linux64_1.0.0.201904181610/tools/bin/../lib/gcc/arm-none-eabi/7.3.1/../../../../arm-none-eabi/lib/thumb/v7e-m/fpv4-sp/hard/libc_nano.a(lib_a-fflush.o)
                0x0000000008003b0c                _fflush_r
 .text._lseek_r
                0x0000000008003b60       0x24 /opt/st/stm32cubeide_1.2.0/plugins/com.st.stm32cube.ide.mcu.externaltools.gnu-tools-for-stm32.7-2018-q2-update.linux64_1.0.0.201904181610/tools/bin/../lib/gcc/arm-none-eabi/7.3.1/../../../../arm-none-eabi/lib/thumb/v7e-m/fpv4-sp/hard/libc_nano.a(lib_a-lseekr.o)
                0x0000000008003b60                _lseek_r
 .text.__swhatbuf_r
                0x0000000008003b84       0x48 /opt/st/stm32cubeide_1.2.0/plugins/com.st.stm32cube.ide.mcu.externaltools.gnu-tools-for-stm32.7-2018-q2-update.linux64_1.0.0.201904181610/tools/bin/../lib/gcc/arm-none-eabi/7.3.1/../../../../arm-none-eabi/lib/thumb/v7e-m/fpv4-sp/hard/libc_nano.a(lib_a-makebuf.o)
                0x0000000008003b84                __swhatbuf_r
 .text.__smakebuf_r
                0x0000000008003bcc       0x80 /opt/st/stm32cubeide_1.2.0/plugins/com.st.stm32cube.ide.mcu.externaltools.gnu-tools-for-stm32.7-2018-q2-update.linux64_1.0.0.201904181610/tools/bin/../lib/gcc/arm-none-eabi/7.3.1/../../../../arm-none-eabi/lib/thumb/v7e-m/fpv4-sp/hard/libc_nano.a(lib_a-makebuf.o)
                0x0000000008003bcc                __smakebuf_r
 .text.__malloc_lock
                0x0000000008003c4c        0x2 /opt/st/stm32cubeide_1.2.0/plugins/com.st.stm32cube.ide.mcu.externaltools.gnu-tools-for-stm32.7-2018-q2-update.linux64_1.0.0.201904181610/tools/bin/../lib/gcc/arm-none-eabi/7.3.1/../../../../arm-none-eabi/lib/thumb/v7e-m/fpv4-sp/hard/libc_nano.a(lib_a-mlock.o)
                0x0000000008003c4c                __malloc_lock
 .text.__malloc_unlock
                0x0000000008003c4e        0x2 /opt/st/stm32cubeide_1.2.0/plugins/com.st.stm32cube.ide.mcu.externaltools.gnu-tools-for-stm32.7-2018-q2-update.linux64_1.0.0.201904181610/tools/bin/../lib/gcc/arm-none-eabi/7.3.1/../../../../arm-none-eabi/lib/thumb/v7e-m/fpv4-sp/hard/libc_nano.a(lib_a-mlock.o)
                0x0000000008003c4e                __malloc_unlock
 .text._free_r  0x0000000008003c50       0x9c /opt/st/stm32cubeide_1.2.0/plugins/com.st.stm32cube.ide.mcu.externaltools.gnu-tools-for-stm32.7-2018-q2-update.linux64_1.0.0.201904181610/tools/bin/../lib/gcc/arm-none-eabi/7.3.1/../../../../arm-none-eabi/lib/thumb/v7e-m/fpv4-sp/hard/libc_nano.a(lib_a-nano-freer.o)
                0x0000000008003c50                _free_r
 .text._read_r  0x0000000008003cec       0x24 /opt/st/stm32cubeide_1.2.0/plugins/com.st.stm32cube.ide.mcu.externaltools.gnu-tools-for-stm32.7-2018-q2-update.linux64_1.0.0.201904181610/tools/bin/../lib/gcc/arm-none-eabi/7.3.1/../../../../arm-none-eabi/lib/thumb/v7e-m/fpv4-sp/hard/libc_nano.a(lib_a-readr.o)
                0x0000000008003cec                _read_r
 .text._fstat_r
                0x0000000008003d10       0x24 /opt/st/stm32cubeide_1.2.0/plugins/com.st.stm32cube.ide.mcu.externaltools.gnu-tools-for-stm32.7-2018-q2-update.linux64_1.0.0.201904181610/tools/bin/../lib/gcc/arm-none-eabi/7.3.1/../../../../arm-none-eabi/lib/thumb/v7e-m/fpv4-sp/hard/libc_nano.a(lib_a-fstatr.o)
                0x0000000008003d10                _fstat_r
 .text._isatty_r
                0x0000000008003d34       0x20 /opt/st/stm32cubeide_1.2.0/plugins/com.st.stm32cube.ide.mcu.externaltools.gnu-tools-for-stm32.7-2018-q2-update.linux64_1.0.0.201904181610/tools/bin/../lib/gcc/arm-none-eabi/7.3.1/../../../../arm-none-eabi/lib/thumb/v7e-m/fpv4-sp/hard/libc_nano.a(lib_a-isattyr.o)
                0x0000000008003d34                _isatty_r
 *(.glue_7)
 .glue_7        0x0000000008003d54        0x0 linker stubs
 *(.glue_7t)
 .glue_7t       0x0000000008003d54        0x0 linker stubs
 *(.eh_frame)
 .eh_frame      0x0000000008003d54        0x0 /opt/st/stm32cubeide_1.2.0/plugins/com.st.stm32cube.ide.mcu.externaltools.gnu-tools-for-stm32.7-2018-q2-update.linux64_1.0.0.201904181610/tools/bin/../lib/gcc/arm-none-eabi/7.3.1/thumb/v7e-m/fpv4-sp/hard/crtbegin.o
 *(.init)
 .init          0x0000000008003d54        0x4 /opt/st/stm32cubeide_1.2.0/plugins/com.st.stm32cube.ide.mcu.externaltools.gnu-tools-for-stm32.7-2018-q2-update.linux64_1.0.0.201904181610/tools/bin/../lib/gcc/arm-none-eabi/7.3.1/thumb/v7e-m/fpv4-sp/hard/crti.o
                0x0000000008003d54                _init
 .init          0x0000000008003d58        0x8 /opt/st/stm32cubeide_1.2.0/plugins/com.st.stm32cube.ide.mcu.externaltools.gnu-tools-for-stm32.7-2018-q2-update.linux64_1.0.0.201904181610/tools/bin/../lib/gcc/arm-none-eabi/7.3.1/thumb/v7e-m/fpv4-sp/hard/crtn.o
 *(.fini)
 .fini          0x0000000008003d60        0x4 /opt/st/stm32cubeide_1.2.0/plugins/com.st.stm32cube.ide.mcu.externaltools.gnu-tools-for-stm32.7-2018-q2-update.linux64_1.0.0.201904181610/tools/bin/../lib/gcc/arm-none-eabi/7.3.1/thumb/v7e-m/fpv4-sp/hard/crti.o
                0x0000000008003d60                _fini
 .fini          0x0000000008003d64        0x8 /opt/st/stm32cubeide_1.2.0/plugins/com.st.stm32cube.ide.mcu.externaltools.gnu-tools-for-stm32.7-2018-q2-update.linux64_1.0.0.201904181610/tools/bin/../lib/gcc/arm-none-eabi/7.3.1/thumb/v7e-m/fpv4-sp/hard/crtn.o
                0x0000000008003d6c                . = ALIGN (0x4)
                0x0000000008003d6c                _etext = .

.vfp11_veneer   0x0000000008003d6c        0x0
 .vfp11_veneer  0x0000000008003d6c        0x0 linker stubs

.v4_bx          0x0000000008003d6c        0x0
 .v4_bx         0x0000000008003d6c        0x0 linker stubs

.iplt           0x0000000008003d6c        0x0
 .iplt          0x0000000008003d6c        0x0 /opt/st/stm32cubeide_1.2.0/plugins/com.st.stm32cube.ide.mcu.externaltools.gnu-tools-for-stm32.7-2018-q2-update.linux64_1.0.0.201904181610/tools/bin/../lib/gcc/arm-none-eabi/7.3.1/thumb/v7e-m/fpv4-sp/hard/crtbegin.o

.rodata         0x0000000008003d6c      0x108
                0x0000000008003d6c                . = ALIGN (0x4)
 *(.rodata)
 .rodata        0x0000000008003d6c        0xe Core/Src/main.o
 *(.rodata*)
 *fill*         0x0000000008003d7a        0x2 
 .rodata.pass   0x0000000008003d7c        0x5 Core/Src/main.o
 *fill*         0x0000000008003d81        0x3 
 .rodata.keyboard.9196
                0x0000000008003d84       0x40 Core/Src/main.o
 .rodata.AHBPrescTable
                0x0000000008003dc4       0x10 Core/Src/system_stm32f4xx.o
                0x0000000008003dc4                AHBPrescTable
 .rodata.APBPrescTable
                0x0000000008003dd4        0x8 Core/Src/system_stm32f4xx.o
                0x0000000008003dd4                APBPrescTable
 .rodata._global_impure_ptr
                0x0000000008003ddc        0x4 /opt/st/stm32cubeide_1.2.0/plugins/com.st.stm32cube.ide.mcu.externaltools.gnu-tools-for-stm32.7-2018-q2-update.linux64_1.0.0.201904181610/tools/bin/../lib/gcc/arm-none-eabi/7.3.1/../../../../arm-none-eabi/lib/thumb/v7e-m/fpv4-sp/hard/libc_nano.a(lib_a-impure.o)
                0x0000000008003ddc                _global_impure_ptr
 .rodata.__sf_fake_stderr
                0x0000000008003de0       0x20 /opt/st/stm32cubeide_1.2.0/plugins/com.st.stm32cube.ide.mcu.externaltools.gnu-tools-for-stm32.7-2018-q2-update.linux64_1.0.0.201904181610/tools/bin/../lib/gcc/arm-none-eabi/7.3.1/../../../../arm-none-eabi/lib/thumb/v7e-m/fpv4-sp/hard/libc_nano.a(lib_a-findfp.o)
                0x0000000008003de0                __sf_fake_stderr
 .rodata.__sf_fake_stdin
                0x0000000008003e00       0x20 /opt/st/stm32cubeide_1.2.0/plugins/com.st.stm32cube.ide.mcu.externaltools.gnu-tools-for-stm32.7-2018-q2-update.linux64_1.0.0.201904181610/tools/bin/../lib/gcc/arm-none-eabi/7.3.1/../../../../arm-none-eabi/lib/thumb/v7e-m/fpv4-sp/hard/libc_nano.a(lib_a-findfp.o)
                0x0000000008003e00                __sf_fake_stdin
 .rodata.__sf_fake_stdout
                0x0000000008003e20       0x20 /opt/st/stm32cubeide_1.2.0/plugins/com.st.stm32cube.ide.mcu.externaltools.gnu-tools-for-stm32.7-2018-q2-update.linux64_1.0.0.201904181610/tools/bin/../lib/gcc/arm-none-eabi/7.3.1/../../../../arm-none-eabi/lib/thumb/v7e-m/fpv4-sp/hard/libc_nano.a(lib_a-findfp.o)
                0x0000000008003e20                __sf_fake_stdout
 .rodata._vfprintf_r.str1.1
                0x0000000008003e40       0x11 /opt/st/stm32cubeide_1.2.0/plugins/com.st.stm32cube.ide.mcu.externaltools.gnu-tools-for-stm32.7-2018-q2-update.linux64_1.0.0.201904181610/tools/bin/../lib/gcc/arm-none-eabi/7.3.1/../../../../arm-none-eabi/lib/thumb/v7e-m/fpv4-sp/hard/libc_nano.a(lib_a-nano-vfprintf.o)
 .rodata._printf_i.str1.1
                0x0000000008003e51       0x22 /opt/st/stm32cubeide_1.2.0/plugins/com.st.stm32cube.ide.mcu.externaltools.gnu-tools-for-stm32.7-2018-q2-update.linux64_1.0.0.201904181610/tools/bin/../lib/gcc/arm-none-eabi/7.3.1/../../../../arm-none-eabi/lib/thumb/v7e-m/fpv4-sp/hard/libc_nano.a(lib_a-nano-vfprintf_i.o)
                0x0000000008003e74                . = ALIGN (0x4)
 *fill*         0x0000000008003e73        0x1 

.ARM.extab      0x0000000008003e74        0x0
                0x0000000008003e74                . = ALIGN (0x4)
 *(.ARM.extab* .gnu.linkonce.armextab.*)
                0x0000000008003e74                . = ALIGN (0x4)

.ARM            0x0000000008003e74        0x8
                0x0000000008003e74                . = ALIGN (0x4)
                0x0000000008003e74                __exidx_start = .
 *(.ARM.exidx*)
 .ARM.exidx     0x0000000008003e74        0x8 /opt/st/stm32cubeide_1.2.0/plugins/com.st.stm32cube.ide.mcu.externaltools.gnu-tools-for-stm32.7-2018-q2-update.linux64_1.0.0.201904181610/tools/bin/../lib/gcc/arm-none-eabi/7.3.1/thumb/v7e-m/fpv4-sp/hard/libgcc.a(_udivmoddi4.o)
                0x0000000008003e7c                __exidx_end = .
                0x0000000008003e7c                . = ALIGN (0x4)

.rel.dyn        0x0000000008003e7c        0x0
 .rel.iplt      0x0000000008003e7c        0x0 /opt/st/stm32cubeide_1.2.0/plugins/com.st.stm32cube.ide.mcu.externaltools.gnu-tools-for-stm32.7-2018-q2-update.linux64_1.0.0.201904181610/tools/bin/../lib/gcc/arm-none-eabi/7.3.1/thumb/v7e-m/fpv4-sp/hard/crtbegin.o

.preinit_array  0x0000000008003e7c        0x0
                0x0000000008003e7c                . = ALIGN (0x4)
                0x0000000008003e7c                PROVIDE (__preinit_array_start = .)
 *(.preinit_array*)
                0x0000000008003e7c                PROVIDE (__preinit_array_end = .)
                0x0000000008003e7c                . = ALIGN (0x4)

.init_array     0x0000000008003e7c        0x4
                0x0000000008003e7c                . = ALIGN (0x4)
                0x0000000008003e7c                PROVIDE (__init_array_start = .)
 *(SORT_BY_NAME(.init_array.*))
 *(.init_array*)
 .init_array    0x0000000008003e7c        0x4 /opt/st/stm32cubeide_1.2.0/plugins/com.st.stm32cube.ide.mcu.externaltools.gnu-tools-for-stm32.7-2018-q2-update.linux64_1.0.0.201904181610/tools/bin/../lib/gcc/arm-none-eabi/7.3.1/thumb/v7e-m/fpv4-sp/hard/crtbegin.o
                0x0000000008003e80                PROVIDE (__init_array_end = .)
                0x0000000008003e80                . = ALIGN (0x4)

.fini_array     0x0000000008003e80        0x4
                0x0000000008003e80                . = ALIGN (0x4)
                [!provide]                        PROVIDE (__fini_array_start = .)
 *(SORT_BY_NAME(.fini_array.*))
 *(.fini_array*)
 .fini_array    0x0000000008003e80        0x4 /opt/st/stm32cubeide_1.2.0/plugins/com.st.stm32cube.ide.mcu.externaltools.gnu-tools-for-stm32.7-2018-q2-update.linux64_1.0.0.201904181610/tools/bin/../lib/gcc/arm-none-eabi/7.3.1/thumb/v7e-m/fpv4-sp/hard/crtbegin.o
                [!provide]                        PROVIDE (__fini_array_end = .)
                0x0000000008003e84                . = ALIGN (0x4)
                0x0000000008003e84                _sidata = LOADADDR (.data)

.data           0x0000000020000000       0x74 load address 0x0000000008003e84
                0x0000000020000000                . = ALIGN (0x4)
                0x0000000020000000                _sdata = .
 *(.data)
 *(.data*)
 .data.state.9161
                0x0000000020000000        0x1 Core/Src/main.o
 *fill*         0x0000000020000001        0x3 
 .data.SystemCoreClock
                0x0000000020000004        0x4 Core/Src/system_stm32f4xx.o
                0x0000000020000004                SystemCoreClock
 .data.uwTickPrio
                0x0000000020000008        0x4 Drivers/STM32F4xx_HAL_Driver/Src/stm32f4xx_hal.o
                0x0000000020000008                uwTickPrio
 .data.uwTickFreq
                0x000000002000000c        0x1 Drivers/STM32F4xx_HAL_Driver/Src/stm32f4xx_hal.o
                0x000000002000000c                uwTickFreq
 *fill*         0x000000002000000d        0x3 
 .data._impure_ptr
                0x0000000020000010        0x4 /opt/st/stm32cubeide_1.2.0/plugins/com.st.stm32cube.ide.mcu.externaltools.gnu-tools-for-stm32.7-2018-q2-update.linux64_1.0.0.201904181610/tools/bin/../lib/gcc/arm-none-eabi/7.3.1/../../../../arm-none-eabi/lib/thumb/v7e-m/fpv4-sp/hard/libc_nano.a(lib_a-impure.o)
                0x0000000020000010                _impure_ptr
 .data.impure_data
                0x0000000020000014       0x60 /opt/st/stm32cubeide_1.2.0/plugins/com.st.stm32cube.ide.mcu.externaltools.gnu-tools-for-stm32.7-2018-q2-update.linux64_1.0.0.201904181610/tools/bin/../lib/gcc/arm-none-eabi/7.3.1/../../../../arm-none-eabi/lib/thumb/v7e-m/fpv4-sp/hard/libc_nano.a(lib_a-impure.o)
                0x0000000020000074                . = ALIGN (0x4)
                0x0000000020000074                _edata = .

.igot.plt       0x0000000020000074        0x0 load address 0x0000000008003ef8
 .igot.plt      0x0000000020000074        0x0 /opt/st/stm32cubeide_1.2.0/plugins/com.st.stm32cube.ide.mcu.externaltools.gnu-tools-for-stm32.7-2018-q2-update.linux64_1.0.0.201904181610/tools/bin/../lib/gcc/arm-none-eabi/7.3.1/thumb/v7e-m/fpv4-sp/hard/crtbegin.o
                0x0000000020000074                . = ALIGN (0x4)

.bss            0x0000000020000074       0xbc load address 0x0000000008003ef8
                0x0000000020000074                _sbss = .
                0x0000000020000074                __bss_start__ = _sbss
 *(.bss)
 .bss           0x0000000020000074       0x1c /opt/st/stm32cubeide_1.2.0/plugins/com.st.stm32cube.ide.mcu.externaltools.gnu-tools-for-stm32.7-2018-q2-update.linux64_1.0.0.201904181610/tools/bin/../lib/gcc/arm-none-eabi/7.3.1/thumb/v7e-m/fpv4-sp/hard/crtbegin.o
 *(.bss*)
 .bss.key       0x0000000020000090        0x1 Core/Src/main.o
 .bss.i.9163    0x0000000020000091        0x1 Core/Src/main.o
 *fill*         0x0000000020000092        0x2 
 .bss.tick.9162
                0x0000000020000094        0x4 Core/Src/main.o
 .bss.row.9195  0x0000000020000098        0x4 Core/Src/main.o
 .bss.heap_end.6424
                0x000000002000009c        0x4 Core/Src/sysmem.o
 .bss.__malloc_free_list
                0x00000000200000a0        0x4 /opt/st/stm32cubeide_1.2.0/plugins/com.st.stm32cube.ide.mcu.externaltools.gnu-tools-for-stm32.7-2018-q2-update.linux64_1.0.0.201904181610/tools/bin/../lib/gcc/arm-none-eabi/7.3.1/../../../../arm-none-eabi/lib/thumb/v7e-m/fpv4-sp/hard/libc_nano.a(lib_a-nano-mallocr.o)
                0x00000000200000a0                __malloc_free_list
 .bss.__malloc_sbrk_start
                0x00000000200000a4        0x4 /opt/st/stm32cubeide_1.2.0/plugins/com.st.stm32cube.ide.mcu.externaltools.gnu-tools-for-stm32.7-2018-q2-update.linux64_1.0.0.201904181610/tools/bin/../lib/gcc/arm-none-eabi/7.3.1/../../../../arm-none-eabi/lib/thumb/v7e-m/fpv4-sp/hard/libc_nano.a(lib_a-nano-mallocr.o)
                0x00000000200000a4                __malloc_sbrk_start
 *(COMMON)
 COMMON         0x00000000200000a8       0x80 Core/Src/main.o
                0x00000000200000a8                huart3
                0x00000000200000e8                htim2
 COMMON         0x0000000020000128        0x4 Drivers/STM32F4xx_HAL_Driver/Src/stm32f4xx_hal.o
                0x0000000020000128                uwTick
 COMMON         0x000000002000012c        0x4 /opt/st/stm32cubeide_1.2.0/plugins/com.st.stm32cube.ide.mcu.externaltools.gnu-tools-for-stm32.7-2018-q2-update.linux64_1.0.0.201904181610/tools/bin/../lib/gcc/arm-none-eabi/7.3.1/../../../../arm-none-eabi/lib/thumb/v7e-m/fpv4-sp/hard/libc_nano.a(lib_a-reent.o)
                0x000000002000012c                errno
                0x0000000020000130                . = ALIGN (0x4)
                0x0000000020000130                _ebss = .
                0x0000000020000130                __bss_end__ = _ebss

._user_heap_stack
                0x0000000020000130      0x600 load address 0x0000000008003ef8
                0x0000000020000130                . = ALIGN (0x8)
                0x0000000020000130                PROVIDE (end = .)
                [!provide]                        PROVIDE (_end = .)
                0x0000000020000330                . = (. + _Min_Heap_Size)
 *fill*         0x0000000020000130      0x200 
                0x0000000020000730                . = (. + _Min_Stack_Size)
 *fill*         0x0000000020000330      0x400 
                0x0000000020000730                . = ALIGN (0x8)

/DISCARD/
 libc.a(*)
 libm.a(*)
 libgcc.a(*)

.ARM.attributes
                0x0000000000000000       0x30
 *(.ARM.attributes)
 .ARM.attributes
                0x0000000000000000       0x22 /opt/st/stm32cubeide_1.2.0/plugins/com.st.stm32cube.ide.mcu.externaltools.gnu-tools-for-stm32.7-2018-q2-update.linux64_1.0.0.201904181610/tools/bin/../lib/gcc/arm-none-eabi/7.3.1/thumb/v7e-m/fpv4-sp/hard/crti.o
 .ARM.attributes
                0x0000000000000022       0x34 /opt/st/stm32cubeide_1.2.0/plugins/com.st.stm32cube.ide.mcu.externaltools.gnu-tools-for-stm32.7-2018-q2-update.linux64_1.0.0.201904181610/tools/bin/../lib/gcc/arm-none-eabi/7.3.1/thumb/v7e-m/fpv4-sp/hard/crtbegin.o
 .ARM.attributes
                0x0000000000000056       0x39 Core/Src/main.o
 .ARM.attributes
                0x000000000000008f       0x39 Core/Src/stm32f4xx_hal_msp.o
 .ARM.attributes
                0x00000000000000c8       0x39 Core/Src/stm32f4xx_it.o
 .ARM.attributes
                0x0000000000000101       0x39 Core/Src/syscalls.o
 .ARM.attributes
                0x000000000000013a       0x39 Core/Src/sysmem.o
 .ARM.attributes
                0x0000000000000173       0x39 Core/Src/system_stm32f4xx.o
 .ARM.attributes
                0x00000000000001ac       0x21 Core/Startup/startup_stm32f429zitx.o
 .ARM.attributes
                0x00000000000001cd       0x39 Drivers/STM32F4xx_HAL_Driver/Src/stm32f4xx_hal.o
 .ARM.attributes
                0x0000000000000206       0x39 Drivers/STM32F4xx_HAL_Driver/Src/stm32f4xx_hal_cortex.o
 .ARM.attributes
                0x000000000000023f       0x39 Drivers/STM32F4xx_HAL_Driver/Src/stm32f4xx_hal_gpio.o
 .ARM.attributes
                0x0000000000000278       0x39 Drivers/STM32F4xx_HAL_Driver/Src/stm32f4xx_hal_rcc.o
 .ARM.attributes
                0x00000000000002b1       0x39 Drivers/STM32F4xx_HAL_Driver/Src/stm32f4xx_hal_tim.o
 .ARM.attributes
                0x00000000000002ea       0x39 Drivers/STM32F4xx_HAL_Driver/Src/stm32f4xx_hal_tim_ex.o
 .ARM.attributes
                0x0000000000000323       0x39 Drivers/STM32F4xx_HAL_Driver/Src/stm32f4xx_hal_uart.o
 .ARM.attributes
                0x000000000000035c       0x34 /opt/st/stm32cubeide_1.2.0/plugins/com.st.stm32cube.ide.mcu.externaltools.gnu-tools-for-stm32.7-2018-q2-update.linux64_1.0.0.201904181610/tools/bin/../lib/gcc/arm-none-eabi/7.3.1/../../../../arm-none-eabi/lib/thumb/v7e-m/fpv4-sp/hard/libc_nano.a(lib_a-errno.o)
 .ARM.attributes
                0x0000000000000390       0x34 /opt/st/stm32cubeide_1.2.0/plugins/com.st.stm32cube.ide.mcu.externaltools.gnu-tools-for-stm32.7-2018-q2-update.linux64_1.0.0.201904181610/tools/bin/../lib/gcc/arm-none-eabi/7.3.1/../../../../arm-none-eabi/lib/thumb/v7e-m/fpv4-sp/hard/libc_nano.a(lib_a-impure.o)
 .ARM.attributes
                0x00000000000003c4       0x34 /opt/st/stm32cubeide_1.2.0/plugins/com.st.stm32cube.ide.mcu.externaltools.gnu-tools-for-stm32.7-2018-q2-update.linux64_1.0.0.201904181610/tools/bin/../lib/gcc/arm-none-eabi/7.3.1/../../../../arm-none-eabi/lib/thumb/v7e-m/fpv4-sp/hard/libc_nano.a(lib_a-init.o)
 .ARM.attributes
                0x00000000000003f8       0x34 /opt/st/stm32cubeide_1.2.0/plugins/com.st.stm32cube.ide.mcu.externaltools.gnu-tools-for-stm32.7-2018-q2-update.linux64_1.0.0.201904181610/tools/bin/../lib/gcc/arm-none-eabi/7.3.1/../../../../arm-none-eabi/lib/thumb/v7e-m/fpv4-sp/hard/libc_nano.a(lib_a-memset.o)
 .ARM.attributes
                0x000000000000042c       0x34 /opt/st/stm32cubeide_1.2.0/plugins/com.st.stm32cube.ide.mcu.externaltools.gnu-tools-for-stm32.7-2018-q2-update.linux64_1.0.0.201904181610/tools/bin/../lib/gcc/arm-none-eabi/7.3.1/../../../../arm-none-eabi/lib/thumb/v7e-m/fpv4-sp/hard/libc_nano.a(lib_a-printf.o)
 .ARM.attributes
                0x0000000000000460       0x34 /opt/st/stm32cubeide_1.2.0/plugins/com.st.stm32cube.ide.mcu.externaltools.gnu-tools-for-stm32.7-2018-q2-update.linux64_1.0.0.201904181610/tools/bin/../lib/gcc/arm-none-eabi/7.3.1/../../../../arm-none-eabi/lib/thumb/v7e-m/fpv4-sp/hard/libc_nano.a(lib_a-findfp.o)
 .ARM.attributes
                0x0000000000000494       0x34 /opt/st/stm32cubeide_1.2.0/plugins/com.st.stm32cube.ide.mcu.externaltools.gnu-tools-for-stm32.7-2018-q2-update.linux64_1.0.0.201904181610/tools/bin/../lib/gcc/arm-none-eabi/7.3.1/../../../../arm-none-eabi/lib/thumb/v7e-m/fpv4-sp/hard/libc_nano.a(lib_a-fwalk.o)
 .ARM.attributes
                0x00000000000004c8       0x34 /opt/st/stm32cubeide_1.2.0/plugins/com.st.stm32cube.ide.mcu.externaltools.gnu-tools-for-stm32.7-2018-q2-update.linux64_1.0.0.201904181610/tools/bin/../lib/gcc/arm-none-eabi/7.3.1/../../../../arm-none-eabi/lib/thumb/v7e-m/fpv4-sp/hard/libc_nano.a(lib_a-nano-mallocr.o)
 .ARM.attributes
                0x00000000000004fc       0x34 /opt/st/stm32cubeide_1.2.0/plugins/com.st.stm32cube.ide.mcu.externaltools.gnu-tools-for-stm32.7-2018-q2-update.linux64_1.0.0.201904181610/tools/bin/../lib/gcc/arm-none-eabi/7.3.1/../../../../arm-none-eabi/lib/thumb/v7e-m/fpv4-sp/hard/libc_nano.a(lib_a-nano-vfprintf.o)
 .ARM.attributes
                0x0000000000000530       0x34 /opt/st/stm32cubeide_1.2.0/plugins/com.st.stm32cube.ide.mcu.externaltools.gnu-tools-for-stm32.7-2018-q2-update.linux64_1.0.0.201904181610/tools/bin/../lib/gcc/arm-none-eabi/7.3.1/../../../../arm-none-eabi/lib/thumb/v7e-m/fpv4-sp/hard/libc_nano.a(lib_a-nano-vfprintf_i.o)
 .ARM.attributes
                0x0000000000000564       0x34 /opt/st/stm32cubeide_1.2.0/plugins/com.st.stm32cube.ide.mcu.externaltools.gnu-tools-for-stm32.7-2018-q2-update.linux64_1.0.0.201904181610/tools/bin/../lib/gcc/arm-none-eabi/7.3.1/../../../../arm-none-eabi/lib/thumb/v7e-m/fpv4-sp/hard/libc_nano.a(lib_a-sbrkr.o)
 .ARM.attributes
                0x0000000000000598       0x34 /opt/st/stm32cubeide_1.2.0/plugins/com.st.stm32cube.ide.mcu.externaltools.gnu-tools-for-stm32.7-2018-q2-update.linux64_1.0.0.201904181610/tools/bin/../lib/gcc/arm-none-eabi/7.3.1/../../../../arm-none-eabi/lib/thumb/v7e-m/fpv4-sp/hard/libc_nano.a(lib_a-stdio.o)
 .ARM.attributes
                0x00000000000005cc       0x34 /opt/st/stm32cubeide_1.2.0/plugins/com.st.stm32cube.ide.mcu.externaltools.gnu-tools-for-stm32.7-2018-q2-update.linux64_1.0.0.201904181610/tools/bin/../lib/gcc/arm-none-eabi/7.3.1/../../../../arm-none-eabi/lib/thumb/v7e-m/fpv4-sp/hard/libc_nano.a(lib_a-wbuf.o)
 .ARM.attributes
                0x0000000000000600       0x34 /opt/st/stm32cubeide_1.2.0/plugins/com.st.stm32cube.ide.mcu.externaltools.gnu-tools-for-stm32.7-2018-q2-update.linux64_1.0.0.201904181610/tools/bin/../lib/gcc/arm-none-eabi/7.3.1/../../../../arm-none-eabi/lib/thumb/v7e-m/fpv4-sp/hard/libc_nano.a(lib_a-writer.o)
 .ARM.attributes
                0x0000000000000634       0x34 /opt/st/stm32cubeide_1.2.0/plugins/com.st.stm32cube.ide.mcu.externaltools.gnu-tools-for-stm32.7-2018-q2-update.linux64_1.0.0.201904181610/tools/bin/../lib/gcc/arm-none-eabi/7.3.1/../../../../arm-none-eabi/lib/thumb/v7e-m/fpv4-sp/hard/libc_nano.a(lib_a-wsetup.o)
 .ARM.attributes
                0x0000000000000668       0x34 /opt/st/stm32cubeide_1.2.0/plugins/com.st.stm32cube.ide.mcu.externaltools.gnu-tools-for-stm32.7-2018-q2-update.linux64_1.0.0.201904181610/tools/bin/../lib/gcc/arm-none-eabi/7.3.1/../../../../arm-none-eabi/lib/thumb/v7e-m/fpv4-sp/hard/libc_nano.a(lib_a-closer.o)
 .ARM.attributes
                0x000000000000069c       0x34 /opt/st/stm32cubeide_1.2.0/plugins/com.st.stm32cube.ide.mcu.externaltools.gnu-tools-for-stm32.7-2018-q2-update.linux64_1.0.0.201904181610/tools/bin/../lib/gcc/arm-none-eabi/7.3.1/../../../../arm-none-eabi/lib/thumb/v7e-m/fpv4-sp/hard/libc_nano.a(lib_a-fflush.o)
 .ARM.attributes
                0x00000000000006d0       0x34 /opt/st/stm32cubeide_1.2.0/plugins/com.st.stm32cube.ide.mcu.externaltools.gnu-tools-for-stm32.7-2018-q2-update.linux64_1.0.0.201904181610/tools/bin/../lib/gcc/arm-none-eabi/7.3.1/../../../../arm-none-eabi/lib/thumb/v7e-m/fpv4-sp/hard/libc_nano.a(lib_a-lseekr.o)
 .ARM.attributes
                0x0000000000000704       0x34 /opt/st/stm32cubeide_1.2.0/plugins/com.st.stm32cube.ide.mcu.externaltools.gnu-tools-for-stm32.7-2018-q2-update.linux64_1.0.0.201904181610/tools/bin/../lib/gcc/arm-none-eabi/7.3.1/../../../../arm-none-eabi/lib/thumb/v7e-m/fpv4-sp/hard/libc_nano.a(lib_a-makebuf.o)
 .ARM.attributes
                0x0000000000000738       0x20 /opt/st/stm32cubeide_1.2.0/plugins/com.st.stm32cube.ide.mcu.externaltools.gnu-tools-for-stm32.7-2018-q2-update.linux64_1.0.0.201904181610/tools/bin/../lib/gcc/arm-none-eabi/7.3.1/../../../../arm-none-eabi/lib/thumb/v7e-m/fpv4-sp/hard/libc_nano.a(lib_a-memchr.o)
 .ARM.attributes
                0x0000000000000758       0x34 /opt/st/stm32cubeide_1.2.0/plugins/com.st.stm32cube.ide.mcu.externaltools.gnu-tools-for-stm32.7-2018-q2-update.linux64_1.0.0.201904181610/tools/bin/../lib/gcc/arm-none-eabi/7.3.1/../../../../arm-none-eabi/lib/thumb/v7e-m/fpv4-sp/hard/libc_nano.a(lib_a-mlock.o)
 .ARM.attributes
                0x000000000000078c       0x34 /opt/st/stm32cubeide_1.2.0/plugins/com.st.stm32cube.ide.mcu.externaltools.gnu-tools-for-stm32.7-2018-q2-update.linux64_1.0.0.201904181610/tools/bin/../lib/gcc/arm-none-eabi/7.3.1/../../../../arm-none-eabi/lib/thumb/v7e-m/fpv4-sp/hard/libc_nano.a(lib_a-nano-freer.o)
 .ARM.attributes
                0x00000000000007c0       0x34 /opt/st/stm32cubeide_1.2.0/plugins/com.st.stm32cube.ide.mcu.externaltools.gnu-tools-for-stm32.7-2018-q2-update.linux64_1.0.0.201904181610/tools/bin/../lib/gcc/arm-none-eabi/7.3.1/../../../../arm-none-eabi/lib/thumb/v7e-m/fpv4-sp/hard/libc_nano.a(lib_a-readr.o)
 .ARM.attributes
                0x00000000000007f4       0x34 /opt/st/stm32cubeide_1.2.0/plugins/com.st.stm32cube.ide.mcu.externaltools.gnu-tools-for-stm32.7-2018-q2-update.linux64_1.0.0.201904181610/tools/bin/../lib/gcc/arm-none-eabi/7.3.1/../../../../arm-none-eabi/lib/thumb/v7e-m/fpv4-sp/hard/libc_nano.a(lib_a-reent.o)
 .ARM.attributes
                0x0000000000000828       0x34 /opt/st/stm32cubeide_1.2.0/plugins/com.st.stm32cube.ide.mcu.externaltools.gnu-tools-for-stm32.7-2018-q2-update.linux64_1.0.0.201904181610/tools/bin/../lib/gcc/arm-none-eabi/7.3.1/../../../../arm-none-eabi/lib/thumb/v7e-m/fpv4-sp/hard/libc_nano.a(lib_a-fstatr.o)
 .ARM.attributes
                0x000000000000085c       0x34 /opt/st/stm32cubeide_1.2.0/plugins/com.st.stm32cube.ide.mcu.externaltools.gnu-tools-for-stm32.7-2018-q2-update.linux64_1.0.0.201904181610/tools/bin/../lib/gcc/arm-none-eabi/7.3.1/../../../../arm-none-eabi/lib/thumb/v7e-m/fpv4-sp/hard/libc_nano.a(lib_a-isattyr.o)
 .ARM.attributes
                0x0000000000000890       0x22 /opt/st/stm32cubeide_1.2.0/plugins/com.st.stm32cube.ide.mcu.externaltools.gnu-tools-for-stm32.7-2018-q2-update.linux64_1.0.0.201904181610/tools/bin/../lib/gcc/arm-none-eabi/7.3.1/thumb/v7e-m/fpv4-sp/hard/libgcc.a(_aeabi_uldivmod.o)
 .ARM.attributes
                0x00000000000008b2       0x34 /opt/st/stm32cubeide_1.2.0/plugins/com.st.stm32cube.ide.mcu.externaltools.gnu-tools-for-stm32.7-2018-q2-update.linux64_1.0.0.201904181610/tools/bin/../lib/gcc/arm-none-eabi/7.3.1/thumb/v7e-m/fpv4-sp/hard/libgcc.a(_udivmoddi4.o)
 .ARM.attributes
                0x00000000000008e6       0x22 /opt/st/stm32cubeide_1.2.0/plugins/com.st.stm32cube.ide.mcu.externaltools.gnu-tools-for-stm32.7-2018-q2-update.linux64_1.0.0.201904181610/tools/bin/../lib/gcc/arm-none-eabi/7.3.1/thumb/v7e-m/fpv4-sp/hard/libgcc.a(_dvmd_tls.o)
 .ARM.attributes
                0x0000000000000908       0x22 /opt/st/stm32cubeide_1.2.0/plugins/com.st.stm32cube.ide.mcu.externaltools.gnu-tools-for-stm32.7-2018-q2-update.linux64_1.0.0.201904181610/tools/bin/../lib/gcc/arm-none-eabi/7.3.1/thumb/v7e-m/fpv4-sp/hard/crtn.o
OUTPUT(CV8.elf elf32-littlearm)

.debug_info     0x0000000000000000     0xbecd
 .debug_info    0x0000000000000000     0x1a9c Core/Src/main.o
 .debug_info    0x0000000000001a9c      0xe8d Core/Src/stm32f4xx_hal_msp.o
 .debug_info    0x0000000000002929      0x6eb Core/Src/stm32f4xx_it.o
 .debug_info    0x0000000000003014      0xebd Core/Src/syscalls.o
 .debug_info    0x0000000000003ed1      0x91c Core/Src/sysmem.o
 .debug_info    0x00000000000047ed      0x56e Core/Src/system_stm32f4xx.o
 .debug_info    0x0000000000004d5b       0x22 Core/Startup/startup_stm32f429zitx.o
 .debug_info    0x0000000000004d7d      0x9b9 Drivers/STM32F4xx_HAL_Driver/Src/stm32f4xx_hal.o
 .debug_info    0x0000000000005736      0xe5e Drivers/STM32F4xx_HAL_Driver/Src/stm32f4xx_hal_cortex.o
 .debug_info    0x0000000000006594      0x7cf Drivers/STM32F4xx_HAL_Driver/Src/stm32f4xx_hal_gpio.o
 .debug_info    0x0000000000006d63      0x91e Drivers/STM32F4xx_HAL_Driver/Src/stm32f4xx_hal_rcc.o
 .debug_info    0x0000000000007681     0x24a9 Drivers/STM32F4xx_HAL_Driver/Src/stm32f4xx_hal_tim.o
 .debug_info    0x0000000000009b2a     0x1157 Drivers/STM32F4xx_HAL_Driver/Src/stm32f4xx_hal_tim_ex.o
 .debug_info    0x000000000000ac81     0x124c Drivers/STM32F4xx_HAL_Driver/Src/stm32f4xx_hal_uart.o

.debug_abbrev   0x0000000000000000     0x1af5
 .debug_abbrev  0x0000000000000000      0x33d Core/Src/main.o
 .debug_abbrev  0x000000000000033d      0x1a6 Core/Src/stm32f4xx_hal_msp.o
 .debug_abbrev  0x00000000000004e3      0x15a Core/Src/stm32f4xx_it.o
 .debug_abbrev  0x000000000000063d      0x261 Core/Src/syscalls.o
 .debug_abbrev  0x000000000000089e      0x1bb Core/Src/sysmem.o
 .debug_abbrev  0x0000000000000a59      0x12b Core/Src/system_stm32f4xx.o
 .debug_abbrev  0x0000000000000b84       0x12 Core/Startup/startup_stm32f429zitx.o
 .debug_abbrev  0x0000000000000b96      0x1c7 Drivers/STM32F4xx_HAL_Driver/Src/stm32f4xx_hal.o
 .debug_abbrev  0x0000000000000d5d      0x2fa Drivers/STM32F4xx_HAL_Driver/Src/stm32f4xx_hal_cortex.o
 .debug_abbrev  0x0000000000001057      0x1c9 Drivers/STM32F4xx_HAL_Driver/Src/stm32f4xx_hal_gpio.o
 .debug_abbrev  0x0000000000001220      0x245 Drivers/STM32F4xx_HAL_Driver/Src/stm32f4xx_hal_rcc.o
 .debug_abbrev  0x0000000000001465      0x230 Drivers/STM32F4xx_HAL_Driver/Src/stm32f4xx_hal_tim.o
 .debug_abbrev  0x0000000000001695      0x21e Drivers/STM32F4xx_HAL_Driver/Src/stm32f4xx_hal_tim_ex.o
 .debug_abbrev  0x00000000000018b3      0x242 Drivers/STM32F4xx_HAL_Driver/Src/stm32f4xx_hal_uart.o

.debug_aranges  0x0000000000000000      0xbe0
 .debug_aranges
                0x0000000000000000       0x60 Core/Src/main.o
 .debug_aranges
                0x0000000000000060       0x40 Core/Src/stm32f4xx_hal_msp.o
 .debug_aranges
                0x00000000000000a0       0x68 Core/Src/stm32f4xx_it.o
 .debug_aranges
                0x0000000000000108       0xa8 Core/Src/syscalls.o
 .debug_aranges
                0x00000000000001b0       0x20 Core/Src/sysmem.o
 .debug_aranges
                0x00000000000001d0       0x28 Core/Src/system_stm32f4xx.o
 .debug_aranges
                0x00000000000001f8       0x28 Core/Startup/startup_stm32f429zitx.o
 .debug_aranges
                0x0000000000000220      0x100 Drivers/STM32F4xx_HAL_Driver/Src/stm32f4xx_hal.o
 .debug_aranges
                0x0000000000000320      0x118 Drivers/STM32F4xx_HAL_Driver/Src/stm32f4xx_hal_cortex.o
 .debug_aranges
                0x0000000000000438       0x58 Drivers/STM32F4xx_HAL_Driver/Src/stm32f4xx_hal_gpio.o
 .debug_aranges
                0x0000000000000490       0x88 Drivers/STM32F4xx_HAL_Driver/Src/stm32f4xx_hal_rcc.o
 .debug_aranges
                0x0000000000000518      0x3a8 Drivers/STM32F4xx_HAL_Driver/Src/stm32f4xx_hal_tim.o
 .debug_aranges
                0x00000000000008c0      0x150 Drivers/STM32F4xx_HAL_Driver/Src/stm32f4xx_hal_tim_ex.o
 .debug_aranges
                0x0000000000000a10      0x1d0 Drivers/STM32F4xx_HAL_Driver/Src/stm32f4xx_hal_uart.o

.debug_ranges   0x0000000000000000      0xb08
 .debug_ranges  0x0000000000000000       0x50 Core/Src/main.o
 .debug_ranges  0x0000000000000050       0x30 Core/Src/stm32f4xx_hal_msp.o
 .debug_ranges  0x0000000000000080       0x58 Core/Src/stm32f4xx_it.o
 .debug_ranges  0x00000000000000d8       0x98 Core/Src/syscalls.o
 .debug_ranges  0x0000000000000170       0x10 Core/Src/sysmem.o
 .debug_ranges  0x0000000000000180       0x18 Core/Src/system_stm32f4xx.o
 .debug_ranges  0x0000000000000198       0x20 Core/Startup/startup_stm32f429zitx.o
 .debug_ranges  0x00000000000001b8       0xf0 Drivers/STM32F4xx_HAL_Driver/Src/stm32f4xx_hal.o
 .debug_ranges  0x00000000000002a8      0x108 Drivers/STM32F4xx_HAL_Driver/Src/stm32f4xx_hal_cortex.o
 .debug_ranges  0x00000000000003b0       0x48 Drivers/STM32F4xx_HAL_Driver/Src/stm32f4xx_hal_gpio.o
 .debug_ranges  0x00000000000003f8       0x78 Drivers/STM32F4xx_HAL_Driver/Src/stm32f4xx_hal_rcc.o
 .debug_ranges  0x0000000000000470      0x398 Drivers/STM32F4xx_HAL_Driver/Src/stm32f4xx_hal_tim.o
 .debug_ranges  0x0000000000000808      0x140 Drivers/STM32F4xx_HAL_Driver/Src/stm32f4xx_hal_tim_ex.o
 .debug_ranges  0x0000000000000948      0x1c0 Drivers/STM32F4xx_HAL_Driver/Src/stm32f4xx_hal_uart.o

.debug_macro    0x0000000000000000    0x242cf
 .debug_macro   0x0000000000000000      0x339 Core/Src/main.o
 .debug_macro   0x0000000000000339      0xa5a Core/Src/main.o
 .debug_macro   0x0000000000000d93      0x18a Core/Src/main.o
 .debug_macro   0x0000000000000f1d       0x32 Core/Src/main.o
 .debug_macro   0x0000000000000f4f       0x28 Core/Src/main.o
 .debug_macro   0x0000000000000f77       0x22 Core/Src/main.o
 .debug_macro   0x0000000000000f99       0x8e Core/Src/main.o
 .debug_macro   0x0000000000001027       0x51 Core/Src/main.o
 .debug_macro   0x0000000000001078       0xef Core/Src/main.o
 .debug_macro   0x0000000000001167       0x6a Core/Src/main.o
 .debug_macro   0x00000000000011d1      0x1df Core/Src/main.o
 .debug_macro   0x00000000000013b0       0x1c Core/Src/main.o
 .debug_macro   0x00000000000013cc       0x22 Core/Src/main.o
 .debug_macro   0x00000000000013ee       0xdf Core/Src/main.o
 .debug_macro   0x00000000000014cd     0x102d Core/Src/main.o
 .debug_macro   0x00000000000024fa      0x11f Core/Src/main.o
 .debug_macro   0x0000000000002619    0x17f79 Core/Src/main.o
 .debug_macro   0x000000000001a592       0x43 Core/Src/main.o
 .debug_macro   0x000000000001a5d5     0x36c2 Core/Src/main.o
 .debug_macro   0x000000000001dc97      0x174 Core/Src/main.o
 .debug_macro   0x000000000001de0b       0x5a Core/Src/main.o
 .debug_macro   0x000000000001de65      0xca5 Core/Src/main.o
 .debug_macro   0x000000000001eb0a      0x9fe Core/Src/main.o
 .debug_macro   0x000000000001f508      0x182 Core/Src/main.o
 .debug_macro   0x000000000001f68a      0x117 Core/Src/main.o
 .debug_macro   0x000000000001f7a1      0x157 Core/Src/main.o
 .debug_macro   0x000000000001f8f8       0x27 Core/Src/main.o
 .debug_macro   0x000000000001f91f      0x287 Core/Src/main.o
 .debug_macro   0x000000000001fba6       0x5f Core/Src/main.o
 .debug_macro   0x000000000001fc05      0x236 Core/Src/main.o
 .debug_macro   0x000000000001fe3b      0x132 Core/Src/main.o
 .debug_macro   0x000000000001ff6d      0x41d Core/Src/main.o
 .debug_macro   0x000000000002038a       0x2e Core/Src/main.o
 .debug_macro   0x00000000000203b8      0x11a Core/Src/main.o
 .debug_macro   0x00000000000204d2       0xe2 Core/Src/main.o
 .debug_macro   0x00000000000205b4       0x89 Core/Src/main.o
 .debug_macro   0x000000000002063d      0x8a0 Core/Src/main.o
 .debug_macro   0x0000000000020edd       0x47 Core/Src/main.o
 .debug_macro   0x0000000000020f24      0x287 Core/Src/main.o
 .debug_macro   0x00000000000211ab      0x134 Core/Src/main.o
 .debug_macro   0x00000000000212df      0x190 Core/Src/main.o
 .debug_macro   0x000000000002146f       0x46 Core/Src/main.o
 .debug_macro   0x00000000000214b5       0x18 Core/Src/main.o
 .debug_macro   0x00000000000214cd       0x3c Core/Src/main.o
 .debug_macro   0x0000000000021509       0x34 Core/Src/main.o
 .debug_macro   0x000000000002153d       0x16 Core/Src/main.o
 .debug_macro   0x0000000000021553       0x35 Core/Src/main.o
 .debug_macro   0x0000000000021588      0x32a Core/Src/main.o
 .debug_macro   0x00000000000218b2       0x10 Core/Src/main.o
 .debug_macro   0x00000000000218c2       0x52 Core/Src/main.o
 .debug_macro   0x0000000000021914       0x1f Core/Src/main.o
 .debug_macro   0x0000000000021933       0x43 Core/Src/main.o
 .debug_macro   0x0000000000021976       0x20 Core/Src/main.o
 .debug_macro   0x0000000000021996      0x1a3 Core/Src/main.o
 .debug_macro   0x0000000000021b39       0x10 Core/Src/main.o
 .debug_macro   0x0000000000021b49       0x1c Core/Src/main.o
 .debug_macro   0x0000000000021b65       0x52 Core/Src/main.o
 .debug_macro   0x0000000000021bb7       0x40 Core/Src/main.o
 .debug_macro   0x0000000000021bf7       0x10 Core/Src/main.o
 .debug_macro   0x0000000000021c07       0x40 Core/Src/main.o
 .debug_macro   0x0000000000021c47       0xd7 Core/Src/main.o
 .debug_macro   0x0000000000021d1e       0x1c Core/Src/main.o
 .debug_macro   0x0000000000021d3a       0x3d Core/Src/main.o
 .debug_macro   0x0000000000021d77       0x16 Core/Src/main.o
 .debug_macro   0x0000000000021d8d      0x145 Core/Src/main.o
 .debug_macro   0x0000000000021ed2      0x1dd Core/Src/stm32f4xx_hal_msp.o
 .debug_macro   0x00000000000220af      0x1e7 Core/Src/stm32f4xx_it.o
 .debug_macro   0x0000000000022296      0x243 Core/Src/syscalls.o
 .debug_macro   0x00000000000224d9       0x40 Core/Src/syscalls.o
 .debug_macro   0x0000000000022519       0x94 Core/Src/syscalls.o
 .debug_macro   0x00000000000225ad       0x57 Core/Src/syscalls.o
 .debug_macro   0x0000000000022604      0x330 Core/Src/syscalls.o
 .debug_macro   0x0000000000022934       0x10 Core/Src/syscalls.o
 .debug_macro   0x0000000000022944       0x10 Core/Src/syscalls.o
 .debug_macro   0x0000000000022954       0x10 Core/Src/syscalls.o
 .debug_macro   0x0000000000022964       0x35 Core/Src/syscalls.o
 .debug_macro   0x0000000000022999      0x122 Core/Src/syscalls.o
 .debug_macro   0x0000000000022abb       0x16 Core/Src/syscalls.o
 .debug_macro   0x0000000000022ad1       0x16 Core/Src/syscalls.o
 .debug_macro   0x0000000000022ae7       0x29 Core/Src/syscalls.o
 .debug_macro   0x0000000000022b10       0x10 Core/Src/syscalls.o
 .debug_macro   0x0000000000022b20      0x241 Core/Src/syscalls.o
 .debug_macro   0x0000000000022d61       0x1c Core/Src/syscalls.o
 .debug_macro   0x0000000000022d7d       0x10 Core/Src/syscalls.o
 .debug_macro   0x0000000000022d8d      0x189 Core/Src/syscalls.o
 .debug_macro   0x0000000000022f16       0x16 Core/Src/syscalls.o
 .debug_macro   0x0000000000022f2c       0x88 Core/Src/syscalls.o
 .debug_macro   0x0000000000022fb4      0x1ae Core/Src/sysmem.o
 .debug_macro   0x0000000000023162      0x23b Core/Src/sysmem.o
 .debug_macro   0x000000000002339d      0x1d4 Core/Src/system_stm32f4xx.o
 .debug_macro   0x0000000000023571      0x22e Drivers/STM32F4xx_HAL_Driver/Src/stm32f4xx_hal.o
 .debug_macro   0x000000000002379f      0x1ce Drivers/STM32F4xx_HAL_Driver/Src/stm32f4xx_hal_cortex.o
 .debug_macro   0x000000000002396d      0x204 Drivers/STM32F4xx_HAL_Driver/Src/stm32f4xx_hal_gpio.o
 .debug_macro   0x0000000000023b71      0x1f2 Drivers/STM32F4xx_HAL_Driver/Src/stm32f4xx_hal_rcc.o
 .debug_macro   0x0000000000023d63      0x1cf Drivers/STM32F4xx_HAL_Driver/Src/stm32f4xx_hal_tim.o
 .debug_macro   0x0000000000023f32      0x1ce Drivers/STM32F4xx_HAL_Driver/Src/stm32f4xx_hal_tim_ex.o
 .debug_macro   0x0000000000024100      0x1cf Drivers/STM32F4xx_HAL_Driver/Src/stm32f4xx_hal_uart.o

.debug_line     0x0000000000000000     0x8556
 .debug_line    0x0000000000000000      0x9d8 Core/Src/main.o
 .debug_line    0x00000000000009d8      0x6f5 Core/Src/stm32f4xx_hal_msp.o
 .debug_line    0x00000000000010cd      0x753 Core/Src/stm32f4xx_it.o
 .debug_line    0x0000000000001820      0x715 Core/Src/syscalls.o
 .debug_line    0x0000000000001f35      0x531 Core/Src/sysmem.o
 .debug_line    0x0000000000002466      0x6b8 Core/Src/system_stm32f4xx.o
 .debug_line    0x0000000000002b1e       0x86 Core/Startup/startup_stm32f429zitx.o
 .debug_line    0x0000000000002ba4      0x8c6 Drivers/STM32F4xx_HAL_Driver/Src/stm32f4xx_hal.o
 .debug_line    0x000000000000346a      0x9c6 Drivers/STM32F4xx_HAL_Driver/Src/stm32f4xx_hal_cortex.o
 .debug_line    0x0000000000003e30      0x8a9 Drivers/STM32F4xx_HAL_Driver/Src/stm32f4xx_hal_gpio.o
 .debug_line    0x00000000000046d9      0x8fa Drivers/STM32F4xx_HAL_Driver/Src/stm32f4xx_hal_rcc.o
 .debug_line    0x0000000000004fd3     0x191b Drivers/STM32F4xx_HAL_Driver/Src/stm32f4xx_hal_tim.o
 .debug_line    0x00000000000068ee      0xcb8 Drivers/STM32F4xx_HAL_Driver/Src/stm32f4xx_hal_tim_ex.o
 .debug_line    0x00000000000075a6      0xfb0 Drivers/STM32F4xx_HAL_Driver/Src/stm32f4xx_hal_uart.o

.debug_str      0x0000000000000000    0xd982d
 .debug_str     0x0000000000000000    0xd5a04 Core/Src/main.o
                                      0xd5dc7 (size before relaxing)
 .debug_str     0x00000000000d5a04      0x5cb Core/Src/stm32f4xx_hal_msp.o
                                      0xd1f93 (size before relaxing)
 .debug_str     0x00000000000d5fcf       0xcd Core/Src/stm32f4xx_it.o
                                      0xd1746 (size before relaxing)
 .debug_str     0x00000000000d609c     0x11f8 Core/Src/syscalls.o
                                       0x8877 (size before relaxing)
 .debug_str     0x00000000000d7294       0x36 Core/Src/sysmem.o
                                       0x7ad0 (size before relaxing)
 .debug_str     0x00000000000d72ca       0xc4 Core/Src/system_stm32f4xx.o
                                      0xd0e14 (size before relaxing)
 .debug_str     0x00000000000d738e       0x36 Core/Startup/startup_stm32f429zitx.o
                                         0x52 (size before relaxing)
 .debug_str     0x00000000000d73c4      0x5c3 Drivers/STM32F4xx_HAL_Driver/Src/stm32f4xx_hal.o
                                      0xd1980 (size before relaxing)
 .debug_str     0x00000000000d7987      0x399 Drivers/STM32F4xx_HAL_Driver/Src/stm32f4xx_hal_cortex.o
                                      0xd1721 (size before relaxing)
 .debug_str     0x00000000000d7d20      0x20c Drivers/STM32F4xx_HAL_Driver/Src/stm32f4xx_hal_gpio.o
                                      0xd1053 (size before relaxing)
 .debug_str     0x00000000000d7f2c      0x259 Drivers/STM32F4xx_HAL_Driver/Src/stm32f4xx_hal_rcc.o
                                      0xd1201 (size before relaxing)
 .debug_str     0x00000000000d8185      0xcf0 Drivers/STM32F4xx_HAL_Driver/Src/stm32f4xx_hal_tim.o
                                      0xd1f0d (size before relaxing)
 .debug_str     0x00000000000d8e75      0x4a2 Drivers/STM32F4xx_HAL_Driver/Src/stm32f4xx_hal_tim_ex.o
                                      0xd170d (size before relaxing)
 .debug_str     0x00000000000d9317      0x516 Drivers/STM32F4xx_HAL_Driver/Src/stm32f4xx_hal_uart.o
                                      0xd164d (size before relaxing)

.comment        0x0000000000000000       0x7b
 .comment       0x0000000000000000       0x7b Core/Src/main.o
                                         0x7c (size before relaxing)
 .comment       0x000000000000007b       0x7c Core/Src/stm32f4xx_hal_msp.o
 .comment       0x000000000000007b       0x7c Core/Src/stm32f4xx_it.o
 .comment       0x000000000000007b       0x7c Core/Src/syscalls.o
 .comment       0x000000000000007b       0x7c Core/Src/sysmem.o
 .comment       0x000000000000007b       0x7c Core/Src/system_stm32f4xx.o
 .comment       0x000000000000007b       0x7c Drivers/STM32F4xx_HAL_Driver/Src/stm32f4xx_hal.o
 .comment       0x000000000000007b       0x7c Drivers/STM32F4xx_HAL_Driver/Src/stm32f4xx_hal_cortex.o
 .comment       0x000000000000007b       0x7c Drivers/STM32F4xx_HAL_Driver/Src/stm32f4xx_hal_gpio.o
 .comment       0x000000000000007b       0x7c Drivers/STM32F4xx_HAL_Driver/Src/stm32f4xx_hal_rcc.o
 .comment       0x000000000000007b       0x7c Drivers/STM32F4xx_HAL_Driver/Src/stm32f4xx_hal_tim.o
 .comment       0x000000000000007b       0x7c Drivers/STM32F4xx_HAL_Driver/Src/stm32f4xx_hal_tim_ex.o
 .comment       0x000000000000007b       0x7c Drivers/STM32F4xx_HAL_Driver/Src/stm32f4xx_hal_uart.o

.debug_frame    0x0000000000000000     0x3880
 .debug_frame   0x0000000000000000      0x148 Core/Src/main.o
 .debug_frame   0x0000000000000148       0xc8 Core/Src/stm32f4xx_hal_msp.o
 .debug_frame   0x0000000000000210      0x128 Core/Src/stm32f4xx_it.o
 .debug_frame   0x0000000000000338      0x2ac Core/Src/syscalls.o
 .debug_frame   0x00000000000005e4       0x34 Core/Src/sysmem.o
 .debug_frame   0x0000000000000618       0x58 Core/Src/system_stm32f4xx.o
 .debug_frame   0x0000000000000670      0x3b4 Drivers/STM32F4xx_HAL_Driver/Src/stm32f4xx_hal.o
 .debug_frame   0x0000000000000a24      0x498 Drivers/STM32F4xx_HAL_Driver/Src/stm32f4xx_hal_cortex.o
 .debug_frame   0x0000000000000ebc      0x14c Drivers/STM32F4xx_HAL_Driver/Src/stm32f4xx_hal_gpio.o
 .debug_frame   0x0000000000001008      0x1f0 Drivers/STM32F4xx_HAL_Driver/Src/stm32f4xx_hal_rcc.o
 .debug_frame   0x00000000000011f8     0x10f0 Drivers/STM32F4xx_HAL_Driver/Src/stm32f4xx_hal_tim.o
 .debug_frame   0x00000000000022e8      0x5c0 Drivers/STM32F4xx_HAL_Driver/Src/stm32f4xx_hal_tim_ex.o
 .debug_frame   0x00000000000028a8      0x844 Drivers/STM32F4xx_HAL_Driver/Src/stm32f4xx_hal_uart.o
 .debug_frame   0x00000000000030ec       0x20 /opt/st/stm32cubeide_1.2.0/plugins/com.st.stm32cube.ide.mcu.externaltools.gnu-tools-for-stm32.7-2018-q2-update.linux64_1.0.0.201904181610/tools/bin/../lib/gcc/arm-none-eabi/7.3.1/../../../../arm-none-eabi/lib/thumb/v7e-m/fpv4-sp/hard/libc_nano.a(lib_a-errno.o)
 .debug_frame   0x000000000000310c       0x2c /opt/st/stm32cubeide_1.2.0/plugins/com.st.stm32cube.ide.mcu.externaltools.gnu-tools-for-stm32.7-2018-q2-update.linux64_1.0.0.201904181610/tools/bin/../lib/gcc/arm-none-eabi/7.3.1/../../../../arm-none-eabi/lib/thumb/v7e-m/fpv4-sp/hard/libc_nano.a(lib_a-init.o)
 .debug_frame   0x0000000000003138       0x20 /opt/st/stm32cubeide_1.2.0/plugins/com.st.stm32cube.ide.mcu.externaltools.gnu-tools-for-stm32.7-2018-q2-update.linux64_1.0.0.201904181610/tools/bin/../lib/gcc/arm-none-eabi/7.3.1/../../../../arm-none-eabi/lib/thumb/v7e-m/fpv4-sp/hard/libc_nano.a(lib_a-memset.o)
 .debug_frame   0x0000000000003158       0x74 /opt/st/stm32cubeide_1.2.0/plugins/com.st.stm32cube.ide.mcu.externaltools.gnu-tools-for-stm32.7-2018-q2-update.linux64_1.0.0.201904181610/tools/bin/../lib/gcc/arm-none-eabi/7.3.1/../../../../arm-none-eabi/lib/thumb/v7e-m/fpv4-sp/hard/libc_nano.a(lib_a-printf.o)
 .debug_frame   0x00000000000031cc      0x11c /opt/st/stm32cubeide_1.2.0/plugins/com.st.stm32cube.ide.mcu.externaltools.gnu-tools-for-stm32.7-2018-q2-update.linux64_1.0.0.201904181610/tools/bin/../lib/gcc/arm-none-eabi/7.3.1/../../../../arm-none-eabi/lib/thumb/v7e-m/fpv4-sp/hard/libc_nano.a(lib_a-findfp.o)
 .debug_frame   0x00000000000032e8       0x54 /opt/st/stm32cubeide_1.2.0/plugins/com.st.stm32cube.ide.mcu.externaltools.gnu-tools-for-stm32.7-2018-q2-update.linux64_1.0.0.201904181610/tools/bin/../lib/gcc/arm-none-eabi/7.3.1/../../../../arm-none-eabi/lib/thumb/v7e-m/fpv4-sp/hard/libc_nano.a(lib_a-fwalk.o)
 .debug_frame   0x000000000000333c       0x2c /opt/st/stm32cubeide_1.2.0/plugins/com.st.stm32cube.ide.mcu.externaltools.gnu-tools-for-stm32.7-2018-q2-update.linux64_1.0.0.201904181610/tools/bin/../lib/gcc/arm-none-eabi/7.3.1/../../../../arm-none-eabi/lib/thumb/v7e-m/fpv4-sp/hard/libc_nano.a(lib_a-nano-mallocr.o)
 .debug_frame   0x0000000000003368       0xac /opt/st/stm32cubeide_1.2.0/plugins/com.st.stm32cube.ide.mcu.externaltools.gnu-tools-for-stm32.7-2018-q2-update.linux64_1.0.0.201904181610/tools/bin/../lib/gcc/arm-none-eabi/7.3.1/../../../../arm-none-eabi/lib/thumb/v7e-m/fpv4-sp/hard/libc_nano.a(lib_a-nano-vfprintf.o)
 .debug_frame   0x0000000000003414       0x60 /opt/st/stm32cubeide_1.2.0/plugins/com.st.stm32cube.ide.mcu.externaltools.gnu-tools-for-stm32.7-2018-q2-update.linux64_1.0.0.201904181610/tools/bin/../lib/gcc/arm-none-eabi/7.3.1/../../../../arm-none-eabi/lib/thumb/v7e-m/fpv4-sp/hard/libc_nano.a(lib_a-nano-vfprintf_i.o)
 .debug_frame   0x0000000000003474       0x2c /opt/st/stm32cubeide_1.2.0/plugins/com.st.stm32cube.ide.mcu.externaltools.gnu-tools-for-stm32.7-2018-q2-update.linux64_1.0.0.201904181610/tools/bin/../lib/gcc/arm-none-eabi/7.3.1/../../../../arm-none-eabi/lib/thumb/v7e-m/fpv4-sp/hard/libc_nano.a(lib_a-sbrkr.o)
 .debug_frame   0x00000000000034a0       0x88 /opt/st/stm32cubeide_1.2.0/plugins/com.st.stm32cube.ide.mcu.externaltools.gnu-tools-for-stm32.7-2018-q2-update.linux64_1.0.0.201904181610/tools/bin/../lib/gcc/arm-none-eabi/7.3.1/../../../../arm-none-eabi/lib/thumb/v7e-m/fpv4-sp/hard/libc_nano.a(lib_a-stdio.o)
 .debug_frame   0x0000000000003528       0x40 /opt/st/stm32cubeide_1.2.0/plugins/com.st.stm32cube.ide.mcu.externaltools.gnu-tools-for-stm32.7-2018-q2-update.linux64_1.0.0.201904181610/tools/bin/../lib/gcc/arm-none-eabi/7.3.1/../../../../arm-none-eabi/lib/thumb/v7e-m/fpv4-sp/hard/libc_nano.a(lib_a-wbuf.o)
 .debug_frame   0x0000000000003568       0x2c /opt/st/stm32cubeide_1.2.0/plugins/com.st.stm32cube.ide.mcu.externaltools.gnu-tools-for-stm32.7-2018-q2-update.linux64_1.0.0.201904181610/tools/bin/../lib/gcc/arm-none-eabi/7.3.1/../../../../arm-none-eabi/lib/thumb/v7e-m/fpv4-sp/hard/libc_nano.a(lib_a-writer.o)
 .debug_frame   0x0000000000003594       0x2c /opt/st/stm32cubeide_1.2.0/plugins/com.st.stm32cube.ide.mcu.externaltools.gnu-tools-for-stm32.7-2018-q2-update.linux64_1.0.0.201904181610/tools/bin/../lib/gcc/arm-none-eabi/7.3.1/../../../../arm-none-eabi/lib/thumb/v7e-m/fpv4-sp/hard/libc_nano.a(lib_a-wsetup.o)
 .debug_frame   0x00000000000035c0       0x2c /opt/st/stm32cubeide_1.2.0/plugins/com.st.stm32cube.ide.mcu.externaltools.gnu-tools-for-stm32.7-2018-q2-update.linux64_1.0.0.201904181610/tools/bin/../lib/gcc/arm-none-eabi/7.3.1/../../../../arm-none-eabi/lib/thumb/v7e-m/fpv4-sp/hard/libc_nano.a(lib_a-closer.o)
 .debug_frame   0x00000000000035ec       0x68 /opt/st/stm32cubeide_1.2.0/plugins/com.st.stm32cube.ide.mcu.externaltools.gnu-tools-for-stm32.7-2018-q2-update.linux64_1.0.0.201904181610/tools/bin/../lib/gcc/arm-none-eabi/7.3.1/../../../../arm-none-eabi/lib/thumb/v7e-m/fpv4-sp/hard/libc_nano.a(lib_a-fflush.o)
 .debug_frame   0x0000000000003654       0x2c /opt/st/stm32cubeide_1.2.0/plugins/com.st.stm32cube.ide.mcu.externaltools.gnu-tools-for-stm32.7-2018-q2-update.linux64_1.0.0.201904181610/tools/bin/../lib/gcc/arm-none-eabi/7.3.1/../../../../arm-none-eabi/lib/thumb/v7e-m/fpv4-sp/hard/libc_nano.a(lib_a-lseekr.o)
 .debug_frame   0x0000000000003680       0x58 /opt/st/stm32cubeide_1.2.0/plugins/com.st.stm32cube.ide.mcu.externaltools.gnu-tools-for-stm32.7-2018-q2-update.linux64_1.0.0.201904181610/tools/bin/../lib/gcc/arm-none-eabi/7.3.1/../../../../arm-none-eabi/lib/thumb/v7e-m/fpv4-sp/hard/libc_nano.a(lib_a-makebuf.o)
 .debug_frame   0x00000000000036d8       0x30 /opt/st/stm32cubeide_1.2.0/plugins/com.st.stm32cube.ide.mcu.externaltools.gnu-tools-for-stm32.7-2018-q2-update.linux64_1.0.0.201904181610/tools/bin/../lib/gcc/arm-none-eabi/7.3.1/../../../../arm-none-eabi/lib/thumb/v7e-m/fpv4-sp/hard/libc_nano.a(lib_a-mlock.o)
 .debug_frame   0x0000000000003708       0x38 /opt/st/stm32cubeide_1.2.0/plugins/com.st.stm32cube.ide.mcu.externaltools.gnu-tools-for-stm32.7-2018-q2-update.linux64_1.0.0.201904181610/tools/bin/../lib/gcc/arm-none-eabi/7.3.1/../../../../arm-none-eabi/lib/thumb/v7e-m/fpv4-sp/hard/libc_nano.a(lib_a-nano-freer.o)
 .debug_frame   0x0000000000003740       0x2c /opt/st/stm32cubeide_1.2.0/plugins/com.st.stm32cube.ide.mcu.externaltools.gnu-tools-for-stm32.7-2018-q2-update.linux64_1.0.0.201904181610/tools/bin/../lib/gcc/arm-none-eabi/7.3.1/../../../../arm-none-eabi/lib/thumb/v7e-m/fpv4-sp/hard/libc_nano.a(lib_a-readr.o)
 .debug_frame   0x000000000000376c       0x5c /opt/st/stm32cubeide_1.2.0/plugins/com.st.stm32cube.ide.mcu.externaltools.gnu-tools-for-stm32.7-2018-q2-update.linux64_1.0.0.201904181610/tools/bin/../lib/gcc/arm-none-eabi/7.3.1/../../../../arm-none-eabi/lib/thumb/v7e-m/fpv4-sp/hard/libc_nano.a(lib_a-reent.o)
 .debug_frame   0x00000000000037c8       0x2c /opt/st/stm32cubeide_1.2.0/plugins/com.st.stm32cube.ide.mcu.externaltools.gnu-tools-for-stm32.7-2018-q2-update.linux64_1.0.0.201904181610/tools/bin/../lib/gcc/arm-none-eabi/7.3.1/../../../../arm-none-eabi/lib/thumb/v7e-m/fpv4-sp/hard/libc_nano.a(lib_a-fstatr.o)
 .debug_frame   0x00000000000037f4       0x2c /opt/st/stm32cubeide_1.2.0/plugins/com.st.stm32cube.ide.mcu.externaltools.gnu-tools-for-stm32.7-2018-q2-update.linux64_1.0.0.201904181610/tools/bin/../lib/gcc/arm-none-eabi/7.3.1/../../../../arm-none-eabi/lib/thumb/v7e-m/fpv4-sp/hard/libc_nano.a(lib_a-isattyr.o)
 .debug_frame   0x0000000000003820       0x2c /opt/st/stm32cubeide_1.2.0/plugins/com.st.stm32cube.ide.mcu.externaltools.gnu-tools-for-stm32.7-2018-q2-update.linux64_1.0.0.201904181610/tools/bin/../lib/gcc/arm-none-eabi/7.3.1/thumb/v7e-m/fpv4-sp/hard/libgcc.a(_aeabi_uldivmod.o)
 .debug_frame   0x000000000000384c       0x34 /opt/st/stm32cubeide_1.2.0/plugins/com.st.stm32cube.ide.mcu.externaltools.gnu-tools-for-stm32.7-2018-q2-update.linux64_1.0.0.201904181610/tools/bin/../lib/gcc/arm-none-eabi/7.3.1/thumb/v7e-m/fpv4-sp/hard/libgcc.a(_udivmoddi4.o)
