19:14:19 **** Incremental Build of configuration Debug for project CV6 ****
make -j4 all 
arm-none-eabi-gcc "../Core/Src/main.c" -mcpu=cortex-m0 -std=gnu11 -g3 -DUSE_HAL_DRIVER -DSTM32F030x8 -DDEBUG -c -I../Drivers/STM32F0xx_HAL_Driver/Inc -I../Drivers/CMSIS/Include -I../Core/Inc -I../Drivers/STM32F0xx_HAL_Driver/Inc/Legacy -I../Drivers/CMSIS/Device/ST/STM32F0xx/Include -O0 -ffunction-sections -fdata-sections -Wall -fstack-usage -MMD -MP -MF"Core/Src/main.d" -MT"Core/Src/main.o" --specs=nano.specs -mfloat-abi=soft -mthumb -o "Core/Src/main.o"
arm-none-eabi-gcc -o "CV6.elf" @"objects.list"   -mcpu=cortex-m0 -T"/home/martin/MMIA/CV6/CV6/STM32F030R8TX_FLASH.ld" --specs=nosys.specs -Wl,-Map="CV6.map" -Wl,--gc-sections -static --specs=nano.specs -mfloat-abi=soft -mthumb -Wl,--start-group -lc -lm -Wl,--end-group
Finished building target: CV6.elf
 
arm-none-eabi-objdump -h -S  CV6.elf  > "CV6.list"
arm-none-eabi-objcopy  -O binary  CV6.elf  "CV6.bin"
arm-none-eabi-size   CV6.elf 
   text	   data	    bss	    dec	    hex	filename
  13980	     24	   1760	  15764	   3d94	CV6.elf
Finished building: default.size.stdout
Finished building: CV6.bin
 
 
Finished building: CV6.list
 

19:14:20 Build Finished. 0 errors, 0 warnings. (took 1s.79ms)

